Build started 8/27/2025 4:31:05 PM.
     1>Project "E:\Repo\A3sist\A3sist.sln" on node 1 (default targets).
     1>ValidateSolutionConfiguration:
         Building solution configuration "Debug|Any CPU".
     1>Project "E:\Repo\A3sist\A3sist.sln" (1) is building "E:\Repo\A3sist\tests\A3sist.Core.Tests\A3sist.Core.Tests.csproj" (3) on node 4 (default targets).
     3>E:\Repo\A3sist\tests\A3sist.Core.Tests\A3sist.Core.Tests.csproj : warning NU1701: Package 'Microsoft.IO.Redist 6.1.0' was restored using '.NETFramework,Version=v4.6.1, .NETFramework,Version=v4.6.2, .NETFramework,Version=v4.7, .NETFramework,Version=v4.7.1, .NETFramework,Version=v4.7.2, .NETFramework,Version=v4.8, .NETFramework,Version=v4.8.1' instead of the project target framework 'net9.0'. This package may not be fully compatible with your project.
     3>E:\Repo\A3sist\tests\A3sist.Core.Tests\A3sist.Core.Tests.csproj : warning NU1701: Package 'Microsoft.VisualStudio.Editor 17.14.249' was restored using '.NETFramework,Version=v4.6.1, .NETFramework,Version=v4.6.2, .NETFramework,Version=v4.7, .NETFramework,Version=v4.7.1, .NETFramework,Version=v4.7.2, .NETFramework,Version=v4.8, .NETFramework,Version=v4.8.1' instead of the project target framework 'net9.0'. This package may not be fully compatible with your project.
     3>E:\Repo\A3sist\tests\A3sist.Core.Tests\A3sist.Core.Tests.csproj : warning NU1701: Package 'Microsoft.VisualStudio.GraphModel 17.14.40260' was restored using '.NETFramework,Version=v4.6.1, .NETFramework,Version=v4.6.2, .NETFramework,Version=v4.7, .NETFramework,Version=v4.7.1, .NETFramework,Version=v4.7.2, .NETFramework,Version=v4.8, .NETFramework,Version=v4.8.1' instead of the project target framework 'net9.0'. This package may not be fully compatible with your project.
     3>E:\Repo\A3sist\tests\A3sist.Core.Tests\A3sist.Core.Tests.csproj : warning NU1701: Package 'Microsoft.VisualStudio.Imaging 17.14.40264' was restored using '.NETFramework,Version=v4.6.1, .NETFramework,Version=v4.6.2, .NETFramework,Version=v4.7, .NETFramework,Version=v4.7.1, .NETFramework,Version=v4.7.2, .NETFramework,Version=v4.8, .NETFramework,Version=v4.8.1' instead of the project target framework 'net9.0'. This package may not be fully compatible with your project.
     3>E:\Repo\A3sist\tests\A3sist.Core.Tests\A3sist.Core.Tests.csproj : warning NU1701: Package 'Microsoft.VisualStudio.Language.Intellisense 17.14.249' was restored using '.NETFramework,Version=v4.6.1, .NETFramework,Version=v4.6.2, .NETFramework,Version=v4.7, .NETFramework,Version=v4.7.1, .NETFramework,Version=v4.7.2, .NETFramework,Version=v4.8, .NETFramework,Version=v4.8.1' instead of the project target framework 'net9.0'. This package may not be fully compatible with your project.
     3>E:\Repo\A3sist\tests\A3sist.Core.Tests\A3sist.Core.Tests.csproj : warning NU1701: Package 'Microsoft.VisualStudio.Language.NavigateTo.Interfaces 17.14.249' was restored using '.NETFramework,Version=v4.6.1, .NETFramework,Version=v4.6.2, .NETFramework,Version=v4.7, .NETFramework,Version=v4.7.1, .NETFramework,Version=v4.7.2, .NETFramework,Version=v4.8, .NETFramework,Version=v4.8.1' instead of the project target framework 'net9.0'. This package may not be fully compatible with your project.
     3>E:\Repo\A3sist\tests\A3sist.Core.Tests\A3sist.Core.Tests.csproj : warning NU1701: Package 'Microsoft.VisualStudio.Linux.ConnectionManager.Store 17.14.40254' was restored using '.NETFramework,Version=v4.6.1, .NETFramework,Version=v4.6.2, .NETFramework,Version=v4.7, .NETFramework,Version=v4.7.1, .NETFramework,Version=v4.7.2, .NETFramework,Version=v4.8, .NETFramework,Version=v4.8.1' instead of the project target framework 'net9.0'. This package may not be fully compatible with your project.
     3>E:\Repo\A3sist\tests\A3sist.Core.Tests\A3sist.Core.Tests.csproj : warning NU1701: Package 'Microsoft.VisualStudio.Package.LanguageService.15.0 17.14.40264' was restored using '.NETFramework,Version=v4.6.1, .NETFramework,Version=v4.6.2, .NETFramework,Version=v4.7, .NETFramework,Version=v4.7.1, .NETFramework,Version=v4.7.2, .NETFramework,Version=v4.8, .NETFramework,Version=v4.8.1' instead of the project target framework 'net9.0'. This package may not be fully compatible with your project.
     3>E:\Repo\A3sist\tests\A3sist.Core.Tests\A3sist.Core.Tests.csproj : warning NU1701: Package 'Microsoft.VisualStudio.Shell.15.0 17.14.40264' was restored using '.NETFramework,Version=v4.6.1, .NETFramework,Version=v4.6.2, .NETFramework,Version=v4.7, .NETFramework,Version=v4.7.1, .NETFramework,Version=v4.7.2, .NETFramework,Version=v4.8, .NETFramework,Version=v4.8.1' instead of the project target framework 'net9.0'. This package may not be fully compatible with your project.
     3>E:\Repo\A3sist\tests\A3sist.Core.Tests\A3sist.Core.Tests.csproj : warning NU1701: Package 'Microsoft.VisualStudio.Shell.Design 17.14.40264' was restored using '.NETFramework,Version=v4.6.1, .NETFramework,Version=v4.6.2, .NETFramework,Version=v4.7, .NETFramework,Version=v4.7.1, .NETFramework,Version=v4.7.2, .NETFramework,Version=v4.8, .NETFramework,Version=v4.8.1' instead of the project target framework 'net9.0'. This package may not be fully compatible with your project.
     3>E:\Repo\A3sist\tests\A3sist.Core.Tests\A3sist.Core.Tests.csproj : warning NU1701: Package 'Microsoft.VisualStudio.TaskRunnerExplorer.14.0 14.0.0' was restored using '.NETFramework,Version=v4.6.1, .NETFramework,Version=v4.6.2, .NETFramework,Version=v4.7, .NETFramework,Version=v4.7.1, .NETFramework,Version=v4.7.2, .NETFramework,Version=v4.8, .NETFramework,Version=v4.8.1' instead of the project target framework 'net9.0'. This package may not be fully compatible with your project.
     3>E:\Repo\A3sist\tests\A3sist.Core.Tests\A3sist.Core.Tests.csproj : warning NU1701: Package 'Microsoft.VisualStudio.Text.UI.Wpf 17.14.249' was restored using '.NETFramework,Version=v4.6.1, .NETFramework,Version=v4.6.2, .NETFramework,Version=v4.7, .NETFramework,Version=v4.7.1, .NETFramework,Version=v4.7.2, .NETFramework,Version=v4.8, .NETFramework,Version=v4.8.1' instead of the project target framework 'net9.0'. This package may not be fully compatible with your project.
     3>E:\Repo\A3sist\tests\A3sist.Core.Tests\A3sist.Core.Tests.csproj : warning NU1701: Package 'Microsoft.VisualStudio.TextTemplating.VSHost 17.14.40265' was restored using '.NETFramework,Version=v4.6.1, .NETFramework,Version=v4.6.2, .NETFramework,Version=v4.7, .NETFramework,Version=v4.7.1, .NETFramework,Version=v4.7.2, .NETFramework,Version=v4.8, .NETFramework,Version=v4.8.1' instead of the project target framework 'net9.0'. This package may not be fully compatible with your project.
     3>E:\Repo\A3sist\tests\A3sist.Core.Tests\A3sist.Core.Tests.csproj : warning NU1701: Package 'Microsoft.VisualStudio.Web.BrowserLink.12.0 12.0.0' was restored using '.NETFramework,Version=v4.6.1, .NETFramework,Version=v4.6.2, .NETFramework,Version=v4.7, .NETFramework,Version=v4.7.1, .NETFramework,Version=v4.7.2, .NETFramework,Version=v4.8, .NETFramework,Version=v4.8.1' instead of the project target framework 'net9.0'. This package may not be fully compatible with your project.
     1>Project "E:\Repo\A3sist\A3sist.sln" (1) is building "E:\Repo\A3sist\A3sist.UI\A3sist.UI.csproj" (2) on node 2 (default targets).
     2>Project "E:\Repo\A3sist\A3sist.UI\A3sist.UI.csproj" (2) is building "E:\Repo\A3sist\A3sist.UI\A3sist.UI.csproj" (2:2) on node 2 (Build target(s)).
     2>E:\Repo\A3sist\A3sist.UI\A3sist.UI.csproj : warning NU1701: Package 'Microsoft.IO.Redist 6.1.0' was restored using '.NETFramework,Version=v4.6.1, .NETFramework,Version=v4.6.2, .NETFramework,Version=v4.7, .NETFramework,Version=v4.7.1, .NETFramework,Version=v4.7.2, .NETFramework,Version=v4.8, .NETFramework,Version=v4.8.1' instead of the project target framework 'net9.0-windows7.0'. This package may not be fully compatible with your project. [TargetFramework=net472]
     2>E:\Repo\A3sist\A3sist.UI\A3sist.UI.csproj : warning NU1701: Package 'Microsoft.VisualStudio.Editor 17.14.249' was restored using '.NETFramework,Version=v4.6.1, .NETFramework,Version=v4.6.2, .NETFramework,Version=v4.7, .NETFramework,Version=v4.7.1, .NETFramework,Version=v4.7.2, .NETFramework,Version=v4.8, .NETFramework,Version=v4.8.1' instead of the project target framework 'net9.0-windows7.0'. This package may not be fully compatible with your project. [TargetFramework=net472]
     2>E:\Repo\A3sist\A3sist.UI\A3sist.UI.csproj : warning NU1701: Package 'Microsoft.VisualStudio.GraphModel 17.14.40260' was restored using '.NETFramework,Version=v4.6.1, .NETFramework,Version=v4.6.2, .NETFramework,Version=v4.7, .NETFramework,Version=v4.7.1, .NETFramework,Version=v4.7.2, .NETFramework,Version=v4.8, .NETFramework,Version=v4.8.1' instead of the project target framework 'net9.0-windows7.0'. This package may not be fully compatible with your project. [TargetFramework=net472]
     2>E:\Repo\A3sist\A3sist.UI\A3sist.UI.csproj : warning NU1701: Package 'Microsoft.VisualStudio.Imaging 17.14.40264' was restored using '.NETFramework,Version=v4.6.1, .NETFramework,Version=v4.6.2, .NETFramework,Version=v4.7, .NETFramework,Version=v4.7.1, .NETFramework,Version=v4.7.2, .NETFramework,Version=v4.8, .NETFramework,Version=v4.8.1' instead of the project target framework 'net9.0-windows7.0'. This package may not be fully compatible with your project. [TargetFramework=net472]
     2>E:\Repo\A3sist\A3sist.UI\A3sist.UI.csproj : warning NU1701: Package 'Microsoft.VisualStudio.Language.Intellisense 17.14.249' was restored using '.NETFramework,Version=v4.6.1, .NETFramework,Version=v4.6.2, .NETFramework,Version=v4.7, .NETFramework,Version=v4.7.1, .NETFramework,Version=v4.7.2, .NETFramework,Version=v4.8, .NETFramework,Version=v4.8.1' instead of the project target framework 'net9.0-windows7.0'. This package may not be fully compatible with your project. [TargetFramework=net472]
     2>E:\Repo\A3sist\A3sist.UI\A3sist.UI.csproj : warning NU1701: Package 'Microsoft.VisualStudio.Language.NavigateTo.Interfaces 17.14.249' was restored using '.NETFramework,Version=v4.6.1, .NETFramework,Version=v4.6.2, .NETFramework,Version=v4.7, .NETFramework,Version=v4.7.1, .NETFramework,Version=v4.7.2, .NETFramework,Version=v4.8, .NETFramework,Version=v4.8.1' instead of the project target framework 'net9.0-windows7.0'. This package may not be fully compatible with your project. [TargetFramework=net472]
     2>E:\Repo\A3sist\A3sist.UI\A3sist.UI.csproj : warning NU1701: Package 'Microsoft.VisualStudio.Linux.ConnectionManager.Store 17.14.40254' was restored using '.NETFramework,Version=v4.6.1, .NETFramework,Version=v4.6.2, .NETFramework,Version=v4.7, .NETFramework,Version=v4.7.1, .NETFramework,Version=v4.7.2, .NETFramework,Version=v4.8, .NETFramework,Version=v4.8.1' instead of the project target framework 'net9.0-windows7.0'. This package may not be fully compatible with your project. [TargetFramework=net472]
     2>E:\Repo\A3sist\A3sist.UI\A3sist.UI.csproj : warning NU1701: Package 'Microsoft.VisualStudio.Package.LanguageService.15.0 17.14.40264' was restored using '.NETFramework,Version=v4.6.1, .NETFramework,Version=v4.6.2, .NETFramework,Version=v4.7, .NETFramework,Version=v4.7.1, .NETFramework,Version=v4.7.2, .NETFramework,Version=v4.8, .NETFramework,Version=v4.8.1' instead of the project target framework 'net9.0-windows7.0'. This package may not be fully compatible with your project. [TargetFramework=net472]
     2>E:\Repo\A3sist\A3sist.UI\A3sist.UI.csproj : warning NU1701: Package 'Microsoft.VisualStudio.Shell.15.0 17.14.40264' was restored using '.NETFramework,Version=v4.6.1, .NETFramework,Version=v4.6.2, .NETFramework,Version=v4.7, .NETFramework,Version=v4.7.1, .NETFramework,Version=v4.7.2, .NETFramework,Version=v4.8, .NETFramework,Version=v4.8.1' instead of the project target framework 'net9.0-windows7.0'. This package may not be fully compatible with your project. [TargetFramework=net472]
     2>E:\Repo\A3sist\A3sist.UI\A3sist.UI.csproj : warning NU1701: Package 'Microsoft.VisualStudio.Shell.Design 17.14.40264' was restored using '.NETFramework,Version=v4.6.1, .NETFramework,Version=v4.6.2, .NETFramework,Version=v4.7, .NETFramework,Version=v4.7.1, .NETFramework,Version=v4.7.2, .NETFramework,Version=v4.8, .NETFramework,Version=v4.8.1' instead of the project target framework 'net9.0-windows7.0'. This package may not be fully compatible with your project. [TargetFramework=net472]
     2>E:\Repo\A3sist\A3sist.UI\A3sist.UI.csproj : warning NU1701: Package 'Microsoft.VisualStudio.TaskRunnerExplorer.14.0 14.0.0' was restored using '.NETFramework,Version=v4.6.1, .NETFramework,Version=v4.6.2, .NETFramework,Version=v4.7, .NETFramework,Version=v4.7.1, .NETFramework,Version=v4.7.2, .NETFramework,Version=v4.8, .NETFramework,Version=v4.8.1' instead of the project target framework 'net9.0-windows7.0'. This package may not be fully compatible with your project. [TargetFramework=net472]
     2>E:\Repo\A3sist\A3sist.UI\A3sist.UI.csproj : warning NU1701: Package 'Microsoft.VisualStudio.Text.UI.Wpf 17.14.249' was restored using '.NETFramework,Version=v4.6.1, .NETFramework,Version=v4.6.2, .NETFramework,Version=v4.7, .NETFramework,Version=v4.7.1, .NETFramework,Version=v4.7.2, .NETFramework,Version=v4.8, .NETFramework,Version=v4.8.1' instead of the project target framework 'net9.0-windows7.0'. This package may not be fully compatible with your project. [TargetFramework=net472]
     2>E:\Repo\A3sist\A3sist.UI\A3sist.UI.csproj : warning NU1701: Package 'Microsoft.VisualStudio.TextTemplating.VSHost 17.14.40265' was restored using '.NETFramework,Version=v4.6.1, .NETFramework,Version=v4.6.2, .NETFramework,Version=v4.7, .NETFramework,Version=v4.7.1, .NETFramework,Version=v4.7.2, .NETFramework,Version=v4.8, .NETFramework,Version=v4.8.1' instead of the project target framework 'net9.0-windows7.0'. This package may not be fully compatible with your project. [TargetFramework=net472]
     2>E:\Repo\A3sist\A3sist.UI\A3sist.UI.csproj : warning NU1701: Package 'Microsoft.VisualStudio.Web.BrowserLink.12.0 12.0.0' was restored using '.NETFramework,Version=v4.6.1, .NETFramework,Version=v4.6.2, .NETFramework,Version=v4.7, .NETFramework,Version=v4.7.1, .NETFramework,Version=v4.7.2, .NETFramework,Version=v4.8, .NETFramework,Version=v4.8.1' instead of the project target framework 'net9.0-windows7.0'. This package may not be fully compatible with your project. [TargetFramework=net472]
     1>Project "E:\Repo\A3sist\A3sist.sln" (1) is building "E:\Repo\A3sist\A3sist.Shared\A3sist.Shared.csproj" (4) on node 3 (default targets).
     4>GenerateTargetFrameworkMonikerAttribute:
       Skipping target "GenerateTargetFrameworkMonikerAttribute" because all output files are up-to-date with respect to the input files.
       _GenerateSourceLinkFile:
         Source Link file 'obj\Debug\net472\A3sist.Shared.sourcelink.json' is up-to-date.
       CoreCompile:
       Skipping target "CoreCompile" because all output files are up-to-date with respect to the input files.
       CopyFilesToOutputDirectory:
         A3sist.Shared -> E:\Repo\A3sist\A3sist.Shared\bin\Debug\net472\A3sist.Shared.dll
     4>Done Building Project "E:\Repo\A3sist\A3sist.Shared\A3sist.Shared.csproj" (default targets).
     2>Project "E:\Repo\A3sist\A3sist.UI\A3sist.UI.csproj" (2) is building "E:\Repo\A3sist\A3sist.UI\A3sist.UI.csproj" (2:3) on node 4 (Build target(s)).
     2>E:\Repo\A3sist\A3sist.UI\A3sist.UI.csproj : warning NU1701: Package 'Microsoft.IO.Redist 6.1.0' was restored using '.NETFramework,Version=v4.6.1, .NETFramework,Version=v4.6.2, .NETFramework,Version=v4.7, .NETFramework,Version=v4.7.1, .NETFramework,Version=v4.7.2, .NETFramework,Version=v4.8, .NETFramework,Version=v4.8.1' instead of the project target framework 'net9.0-windows7.0'. This package may not be fully compatible with your project. [TargetFramework=net9.0-windows]
     2>E:\Repo\A3sist\A3sist.UI\A3sist.UI.csproj : warning NU1701: Package 'Microsoft.VisualStudio.Editor 17.14.249' was restored using '.NETFramework,Version=v4.6.1, .NETFramework,Version=v4.6.2, .NETFramework,Version=v4.7, .NETFramework,Version=v4.7.1, .NETFramework,Version=v4.7.2, .NETFramework,Version=v4.8, .NETFramework,Version=v4.8.1' instead of the project target framework 'net9.0-windows7.0'. This package may not be fully compatible with your project. [TargetFramework=net9.0-windows]
     2>E:\Repo\A3sist\A3sist.UI\A3sist.UI.csproj : warning NU1701: Package 'Microsoft.VisualStudio.GraphModel 17.14.40260' was restored using '.NETFramework,Version=v4.6.1, .NETFramework,Version=v4.6.2, .NETFramework,Version=v4.7, .NETFramework,Version=v4.7.1, .NETFramework,Version=v4.7.2, .NETFramework,Version=v4.8, .NETFramework,Version=v4.8.1' instead of the project target framework 'net9.0-windows7.0'. This package may not be fully compatible with your project. [TargetFramework=net9.0-windows]
     2>E:\Repo\A3sist\A3sist.UI\A3sist.UI.csproj : warning NU1701: Package 'Microsoft.VisualStudio.Imaging 17.14.40264' was restored using '.NETFramework,Version=v4.6.1, .NETFramework,Version=v4.6.2, .NETFramework,Version=v4.7, .NETFramework,Version=v4.7.1, .NETFramework,Version=v4.7.2, .NETFramework,Version=v4.8, .NETFramework,Version=v4.8.1' instead of the project target framework 'net9.0-windows7.0'. This package may not be fully compatible with your project. [TargetFramework=net9.0-windows]
     2>E:\Repo\A3sist\A3sist.UI\A3sist.UI.csproj : warning NU1701: Package 'Microsoft.VisualStudio.Language.Intellisense 17.14.249' was restored using '.NETFramework,Version=v4.6.1, .NETFramework,Version=v4.6.2, .NETFramework,Version=v4.7, .NETFramework,Version=v4.7.1, .NETFramework,Version=v4.7.2, .NETFramework,Version=v4.8, .NETFramework,Version=v4.8.1' instead of the project target framework 'net9.0-windows7.0'. This package may not be fully compatible with your project. [TargetFramework=net9.0-windows]
     2>E:\Repo\A3sist\A3sist.UI\A3sist.UI.csproj : warning NU1701: Package 'Microsoft.VisualStudio.Language.NavigateTo.Interfaces 17.14.249' was restored using '.NETFramework,Version=v4.6.1, .NETFramework,Version=v4.6.2, .NETFramework,Version=v4.7, .NETFramework,Version=v4.7.1, .NETFramework,Version=v4.7.2, .NETFramework,Version=v4.8, .NETFramework,Version=v4.8.1' instead of the project target framework 'net9.0-windows7.0'. This package may not be fully compatible with your project. [TargetFramework=net9.0-windows]
     2>E:\Repo\A3sist\A3sist.UI\A3sist.UI.csproj : warning NU1701: Package 'Microsoft.VisualStudio.Linux.ConnectionManager.Store 17.14.40254' was restored using '.NETFramework,Version=v4.6.1, .NETFramework,Version=v4.6.2, .NETFramework,Version=v4.7, .NETFramework,Version=v4.7.1, .NETFramework,Version=v4.7.2, .NETFramework,Version=v4.8, .NETFramework,Version=v4.8.1' instead of the project target framework 'net9.0-windows7.0'. This package may not be fully compatible with your project. [TargetFramework=net9.0-windows]
     2>E:\Repo\A3sist\A3sist.UI\A3sist.UI.csproj : warning NU1701: Package 'Microsoft.VisualStudio.Package.LanguageService.15.0 17.14.40264' was restored using '.NETFramework,Version=v4.6.1, .NETFramework,Version=v4.6.2, .NETFramework,Version=v4.7, .NETFramework,Version=v4.7.1, .NETFramework,Version=v4.7.2, .NETFramework,Version=v4.8, .NETFramework,Version=v4.8.1' instead of the project target framework 'net9.0-windows7.0'. This package may not be fully compatible with your project. [TargetFramework=net9.0-windows]
     2>E:\Repo\A3sist\A3sist.UI\A3sist.UI.csproj : warning NU1701: Package 'Microsoft.VisualStudio.Shell.15.0 17.14.40264' was restored using '.NETFramework,Version=v4.6.1, .NETFramework,Version=v4.6.2, .NETFramework,Version=v4.7, .NETFramework,Version=v4.7.1, .NETFramework,Version=v4.7.2, .NETFramework,Version=v4.8, .NETFramework,Version=v4.8.1' instead of the project target framework 'net9.0-windows7.0'. This package may not be fully compatible with your project. [TargetFramework=net9.0-windows]
     2>E:\Repo\A3sist\A3sist.UI\A3sist.UI.csproj : warning NU1701: Package 'Microsoft.VisualStudio.Shell.Design 17.14.40264' was restored using '.NETFramework,Version=v4.6.1, .NETFramework,Version=v4.6.2, .NETFramework,Version=v4.7, .NETFramework,Version=v4.7.1, .NETFramework,Version=v4.7.2, .NETFramework,Version=v4.8, .NETFramework,Version=v4.8.1' instead of the project target framework 'net9.0-windows7.0'. This package may not be fully compatible with your project. [TargetFramework=net9.0-windows]
     2>E:\Repo\A3sist\A3sist.UI\A3sist.UI.csproj : warning NU1701: Package 'Microsoft.VisualStudio.TaskRunnerExplorer.14.0 14.0.0' was restored using '.NETFramework,Version=v4.6.1, .NETFramework,Version=v4.6.2, .NETFramework,Version=v4.7, .NETFramework,Version=v4.7.1, .NETFramework,Version=v4.7.2, .NETFramework,Version=v4.8, .NETFramework,Version=v4.8.1' instead of the project target framework 'net9.0-windows7.0'. This package may not be fully compatible with your project. [TargetFramework=net9.0-windows]
     2>E:\Repo\A3sist\A3sist.UI\A3sist.UI.csproj : warning NU1701: Package 'Microsoft.VisualStudio.Text.UI.Wpf 17.14.249' was restored using '.NETFramework,Version=v4.6.1, .NETFramework,Version=v4.6.2, .NETFramework,Version=v4.7, .NETFramework,Version=v4.7.1, .NETFramework,Version=v4.7.2, .NETFramework,Version=v4.8, .NETFramework,Version=v4.8.1' instead of the project target framework 'net9.0-windows7.0'. This package may not be fully compatible with your project. [TargetFramework=net9.0-windows]
     1>Project "E:\Repo\A3sist\A3sist.sln" (1) is building "E:\Repo\A3sist\tests\A3sist.UI.Tests\A3sist.UI.Tests.csproj" (5) on node 2 (default targets).
     5>E:\Repo\A3sist\tests\A3sist.UI.Tests\A3sist.UI.Tests.csproj : warning NU1701: Package 'Microsoft.IO.Redist 6.1.0' was restored using '.NETFramework,Version=v4.6.1, .NETFramework,Version=v4.6.2, .NETFramework,Version=v4.7, .NETFramework,Version=v4.7.1, .NETFramework,Version=v4.7.2, .NETFramework,Version=v4.8, .NETFramework,Version=v4.8.1' instead of the project target framework 'net9.0-windows7.0'. This package may not be fully compatible with your project.
     2>E:\Repo\A3sist\A3sist.UI\A3sist.UI.csproj : warning NU1701: Package 'Microsoft.VisualStudio.TextTemplating.VSHost 17.14.40265' was restored using '.NETFramework,Version=v4.6.1, .NETFramework,Version=v4.6.2, .NETFramework,Version=v4.7, .NETFramework,Version=v4.7.1, .NETFramework,Version=v4.7.2, .NETFramework,Version=v4.8, .NETFramework,Version=v4.8.1' instead of the project target framework 'net9.0-windows7.0'. This package may not be fully compatible with your project. [TargetFramework=net9.0-windows]
     5>E:\Repo\A3sist\tests\A3sist.UI.Tests\A3sist.UI.Tests.csproj : warning NU1701: Package 'Microsoft.VisualStudio.Editor 17.14.249' was restored using '.NETFramework,Version=v4.6.1, .NETFramework,Version=v4.6.2, .NETFramework,Version=v4.7, .NETFramework,Version=v4.7.1, .NETFramework,Version=v4.7.2, .NETFramework,Version=v4.8, .NETFramework,Version=v4.8.1' instead of the project target framework 'net9.0-windows7.0'. This package may not be fully compatible with your project.
     2>E:\Repo\A3sist\A3sist.UI\A3sist.UI.csproj : warning NU1701: Package 'Microsoft.VisualStudio.Web.BrowserLink.12.0 12.0.0' was restored using '.NETFramework,Version=v4.6.1, .NETFramework,Version=v4.6.2, .NETFramework,Version=v4.7, .NETFramework,Version=v4.7.1, .NETFramework,Version=v4.7.2, .NETFramework,Version=v4.8, .NETFramework,Version=v4.8.1' instead of the project target framework 'net9.0-windows7.0'. This package may not be fully compatible with your project. [TargetFramework=net9.0-windows]
     5>E:\Repo\A3sist\tests\A3sist.UI.Tests\A3sist.UI.Tests.csproj : warning NU1701: Package 'Microsoft.VisualStudio.GraphModel 17.14.40260' was restored using '.NETFramework,Version=v4.6.1, .NETFramework,Version=v4.6.2, .NETFramework,Version=v4.7, .NETFramework,Version=v4.7.1, .NETFramework,Version=v4.7.2, .NETFramework,Version=v4.8, .NETFramework,Version=v4.8.1' instead of the project target framework 'net9.0-windows7.0'. This package may not be fully compatible with your project.
     5>E:\Repo\A3sist\tests\A3sist.UI.Tests\A3sist.UI.Tests.csproj : warning NU1701: Package 'Microsoft.VisualStudio.Imaging 17.14.40264' was restored using '.NETFramework,Version=v4.6.1, .NETFramework,Version=v4.6.2, .NETFramework,Version=v4.7, .NETFramework,Version=v4.7.1, .NETFramework,Version=v4.7.2, .NETFramework,Version=v4.8, .NETFramework,Version=v4.8.1' instead of the project target framework 'net9.0-windows7.0'. This package may not be fully compatible with your project.
     5>E:\Repo\A3sist\tests\A3sist.UI.Tests\A3sist.UI.Tests.csproj : warning NU1701: Package 'Microsoft.VisualStudio.Language.Intellisense 17.14.249' was restored using '.NETFramework,Version=v4.6.1, .NETFramework,Version=v4.6.2, .NETFramework,Version=v4.7, .NETFramework,Version=v4.7.1, .NETFramework,Version=v4.7.2, .NETFramework,Version=v4.8, .NETFramework,Version=v4.8.1' instead of the project target framework 'net9.0-windows7.0'. This package may not be fully compatible with your project.
     5>E:\Repo\A3sist\tests\A3sist.UI.Tests\A3sist.UI.Tests.csproj : warning NU1701: Package 'Microsoft.VisualStudio.Language.NavigateTo.Interfaces 17.14.249' was restored using '.NETFramework,Version=v4.6.1, .NETFramework,Version=v4.6.2, .NETFramework,Version=v4.7, .NETFramework,Version=v4.7.1, .NETFramework,Version=v4.7.2, .NETFramework,Version=v4.8, .NETFramework,Version=v4.8.1' instead of the project target framework 'net9.0-windows7.0'. This package may not be fully compatible with your project.
     5>E:\Repo\A3sist\tests\A3sist.UI.Tests\A3sist.UI.Tests.csproj : warning NU1701: Package 'Microsoft.VisualStudio.Linux.ConnectionManager.Store 17.14.40254' was restored using '.NETFramework,Version=v4.6.1, .NETFramework,Version=v4.6.2, .NETFramework,Version=v4.7, .NETFramework,Version=v4.7.1, .NETFramework,Version=v4.7.2, .NETFramework,Version=v4.8, .NETFramework,Version=v4.8.1' instead of the project target framework 'net9.0-windows7.0'. This package may not be fully compatible with your project.
     5>E:\Repo\A3sist\tests\A3sist.UI.Tests\A3sist.UI.Tests.csproj : warning NU1701: Package 'Microsoft.VisualStudio.Package.LanguageService.15.0 17.14.40264' was restored using '.NETFramework,Version=v4.6.1, .NETFramework,Version=v4.6.2, .NETFramework,Version=v4.7, .NETFramework,Version=v4.7.1, .NETFramework,Version=v4.7.2, .NETFramework,Version=v4.8, .NETFramework,Version=v4.8.1' instead of the project target framework 'net9.0-windows7.0'. This package may not be fully compatible with your project.
     5>E:\Repo\A3sist\tests\A3sist.UI.Tests\A3sist.UI.Tests.csproj : warning NU1701: Package 'Microsoft.VisualStudio.Shell.15.0 17.14.40264' was restored using '.NETFramework,Version=v4.6.1, .NETFramework,Version=v4.6.2, .NETFramework,Version=v4.7, .NETFramework,Version=v4.7.1, .NETFramework,Version=v4.7.2, .NETFramework,Version=v4.8, .NETFramework,Version=v4.8.1' instead of the project target framework 'net9.0-windows7.0'. This package may not be fully compatible with your project.
     5>E:\Repo\A3sist\tests\A3sist.UI.Tests\A3sist.UI.Tests.csproj : warning NU1701: Package 'Microsoft.VisualStudio.Shell.Design 17.14.40264' was restored using '.NETFramework,Version=v4.6.1, .NETFramework,Version=v4.6.2, .NETFramework,Version=v4.7, .NETFramework,Version=v4.7.1, .NETFramework,Version=v4.7.2, .NETFramework,Version=v4.8, .NETFramework,Version=v4.8.1' instead of the project target framework 'net9.0-windows7.0'. This package may not be fully compatible with your project.
     5>E:\Repo\A3sist\tests\A3sist.UI.Tests\A3sist.UI.Tests.csproj : warning NU1701: Package 'Microsoft.VisualStudio.TaskRunnerExplorer.14.0 14.0.0' was restored using '.NETFramework,Version=v4.6.1, .NETFramework,Version=v4.6.2, .NETFramework,Version=v4.7, .NETFramework,Version=v4.7.1, .NETFramework,Version=v4.7.2, .NETFramework,Version=v4.8, .NETFramework,Version=v4.8.1' instead of the project target framework 'net9.0-windows7.0'. This package may not be fully compatible with your project.
     5>E:\Repo\A3sist\tests\A3sist.UI.Tests\A3sist.UI.Tests.csproj : warning NU1701: Package 'Microsoft.VisualStudio.Text.UI.Wpf 17.14.249' was restored using '.NETFramework,Version=v4.6.1, .NETFramework,Version=v4.6.2, .NETFramework,Version=v4.7, .NETFramework,Version=v4.7.1, .NETFramework,Version=v4.7.2, .NETFramework,Version=v4.8, .NETFramework,Version=v4.8.1' instead of the project target framework 'net9.0-windows7.0'. This package may not be fully compatible with your project.
     5>E:\Repo\A3sist\tests\A3sist.UI.Tests\A3sist.UI.Tests.csproj : warning NU1701: Package 'Microsoft.VisualStudio.TextTemplating.VSHost 17.14.40265' was restored using '.NETFramework,Version=v4.6.1, .NETFramework,Version=v4.6.2, .NETFramework,Version=v4.7, .NETFramework,Version=v4.7.1, .NETFramework,Version=v4.7.2, .NETFramework,Version=v4.8, .NETFramework,Version=v4.8.1' instead of the project target framework 'net9.0-windows7.0'. This package may not be fully compatible with your project.
     5>E:\Repo\A3sist\tests\A3sist.UI.Tests\A3sist.UI.Tests.csproj : warning NU1701: Package 'Microsoft.VisualStudio.Web.BrowserLink.12.0 12.0.0' was restored using '.NETFramework,Version=v4.6.1, .NETFramework,Version=v4.6.2, .NETFramework,Version=v4.7, .NETFramework,Version=v4.7.1, .NETFramework,Version=v4.7.2, .NETFramework,Version=v4.8, .NETFramework,Version=v4.8.1' instead of the project target framework 'net9.0-windows7.0'. This package may not be fully compatible with your project.
     2>C:\Program Files\dotnet\sdk\9.0.300\Microsoft.Common.CurrentVersion.targets(1890,5): warning NU1702: ProjectReference 'E:\Repo\A3sist\A3sist.Core\A3sist.Core.csproj' was resolved using '.NETFramework,Version=v4.7.2' instead of the project target framework '.NETCoreApp,Version=v9.0'. This project may not be fully compatible with your project. [E:\Repo\A3sist\A3sist.UI\A3sist.UI.csproj::TargetFramework=net9.0-windows]
     2>C:\Program Files\dotnet\sdk\9.0.300\Microsoft.Common.CurrentVersion.targets(1890,5): warning NU1702: ProjectReference 'E:\Repo\A3sist\A3sist.Shared\A3sist.Shared.csproj' was resolved using '.NETFramework,Version=v4.7.2' instead of the project target framework '.NETCoreApp,Version=v9.0'. This project may not be fully compatible with your project. [E:\Repo\A3sist\A3sist.UI\A3sist.UI.csproj::TargetFramework=net9.0-windows]
     3>C:\Program Files\dotnet\sdk\9.0.300\Microsoft.Common.CurrentVersion.targets(1890,5): warning NU1702: ProjectReference 'E:\Repo\A3sist\A3sist.Core\A3sist.Core.csproj' was resolved using '.NETFramework,Version=v4.7.2' instead of the project target framework '.NETCoreApp,Version=v9.0'. This project may not be fully compatible with your project. [E:\Repo\A3sist\tests\A3sist.Core.Tests\A3sist.Core.Tests.csproj]
     3>C:\Program Files\dotnet\sdk\9.0.300\Microsoft.Common.CurrentVersion.targets(1890,5): warning NU1702: ProjectReference 'E:\Repo\A3sist\A3sist.Shared\A3sist.Shared.csproj' was resolved using '.NETFramework,Version=v4.7.2' instead of the project target framework '.NETCoreApp,Version=v9.0'. This project may not be fully compatible with your project. [E:\Repo\A3sist\tests\A3sist.Core.Tests\A3sist.Core.Tests.csproj]
     5>C:\Program Files\dotnet\sdk\9.0.300\Microsoft.Common.CurrentVersion.targets(1890,5): warning NU1702: ProjectReference 'E:\Repo\A3sist\A3sist.Core\A3sist.Core.csproj' was resolved using '.NETFramework,Version=v4.7.2' instead of the project target framework '.NETCoreApp,Version=v9.0'. This project may not be fully compatible with your project. [E:\Repo\A3sist\tests\A3sist.UI.Tests\A3sist.UI.Tests.csproj]
     5>C:\Program Files\dotnet\sdk\9.0.300\Microsoft.Common.CurrentVersion.targets(1890,5): warning NU1702: ProjectReference 'E:\Repo\A3sist\A3sist.Shared\A3sist.Shared.csproj' was resolved using '.NETFramework,Version=v4.7.2' instead of the project target framework '.NETCoreApp,Version=v9.0'. This project may not be fully compatible with your project. [E:\Repo\A3sist\tests\A3sist.UI.Tests\A3sist.UI.Tests.csproj]
     1>Project "E:\Repo\A3sist\A3sist.sln" (1) is building "E:\Repo\A3sist\A3sist.Core\A3sist.Core.csproj" (6) on node 1 (default targets).
     6>CoreResGen:
         No resources are out of date with respect to their source files. Skipping resource generation.
       GenerateTargetFrameworkMonikerAttribute:
       Skipping target "GenerateTargetFrameworkMonikerAttribute" because all output files are up-to-date with respect to the input files.
       CoreGenerateAssemblyInfo:
       Skipping target "CoreGenerateAssemblyInfo" because all output files are up-to-date with respect to the input files.
       _GenerateSourceLinkFile:
         Source Link file 'obj\Debug\net472\A3sist.Core.sourcelink.json' is up-to-date.
       CoreCompile:
         C:\Program Files\dotnet\dotnet.exe exec "C:\Program Files\dotnet\sdk\9.0.300\Roslyn\bincore\csc.dll" /noconfig /unsafe- /checked- /nowarn:1701,1702,1701,1702 /fullpaths /nostdlib+ /errorreport:prompt /warn:4 /define:TRACE;DEBUG;NETFRAMEWORK;NET472;NET30_OR_GREATER;NET35_OR_GREATER;NET40_OR_GREATER;NET45_OR_GREATER;NET451_OR_GREATER;NET452_OR_GREATER;NET46_OR_GREATER;NET461_OR_GREATER;NET462_OR_GREATER;NET47_OR_GREATER;NET471_OR_GREATER;NET472_OR_GREATER /highentropyva+ /nullable:enable /reference:E:\Repo\A3sist\A3sist.Shared\bin\Debug\net472\A3sist.Shared.dll /reference:C:\Users\Divine\.nuget\packages\acornima\1.2.0\lib\net462\Acornima.dll /reference:C:\Users\Divine\.nuget\packages\envdte\17.14.40260\lib\net472\envdte.dll /reference:C:\Users\Divine\.nuget\packages\envdte100\17.14.40260\lib\net472\envdte100.dll /reference:C:\Users\Divine\.nuget\packages\envdte80\17.14.40260\lib\net472\envdte80.dll /reference:C:\Users\Divine\.nuget\packages\envdte90\17.14.40260\lib\net472\envdte90.dll /reference:C:\Users\Divine\.nuget\packages\envdte90a\17.14.40260\lib\net472\envdte90a.dll /reference:C:\Users\Divine\.nuget\packages\jint\4.4.1\lib\net462\Jint.dll /reference:C:\Users\Divine\.nuget\packages\messagepack.annotations\3.1.4\lib\netstandard2.0\MessagePack.Annotations.dll /reference:C:\Users\Divine\.nuget\packages\messagepack\3.1.4\lib\net472\MessagePack.dll /reference:C:\Users\Divine\.nuget\packages\microsoft.aspnetcore.http.abstractions\2.3.0\lib\netstandard2.0\Microsoft.AspNetCore.Http.Abstractions.dll /reference:C:\Users\Divine\.nuget\packages\microsoft.aspnetcore.http.features\2.3.0\lib\netstandard2.0\Microsoft.AspNetCore.Http.Features.dll /reference:C:\Users\Divine\.nuget\packages\microsoft.bcl.asyncinterfaces\9.0.0\lib\net462\Microsoft.Bcl.AsyncInterfaces.dll /reference:C:\Users\Divine\.nuget\packages\microsoft.bcl.hashcode\1.1.1\ref\net461\Microsoft.Bcl.HashCode.dll /reference:C:\Users\Divine\.nuget\packages\microsoft.bcl.numerics\8.0.0\lib\net462\Microsoft.Bcl.Numerics.dll /reference:C:\Users\Divine\.nuget\packages\microsoft.bcl.timeprovider\8.0.0\lib\net462\Microsoft.Bcl.TimeProvider.dll /reference:C:\Users\Divine\.nuget\packages\microsoft.build\17.13.9\ref\net472\Microsoft.Build.dll /reference:C:\Users\Divine\.nuget\packages\microsoft.build.framework\17.14.8\ref\net472\Microsoft.Build.Framework.dll /reference:C:\Users\Divine\.nuget\packages\microsoft.build.tasks.core\17.14.8\ref\net472\Microsoft.Build.Tasks.Core.dll /reference:C:\Users\Divine\.nuget\packages\microsoft.build.utilities.core\17.14.8\ref\net472\Microsoft.Build.Utilities.Core.dll /reference:C:\Users\Divine\.nuget\packages\microsoft.codeanalysis.csharp\4.14.0\lib\netstandard2.0\Microsoft.CodeAnalysis.CSharp.dll /reference:C:\Users\Divine\.nuget\packages\microsoft.codeanalysis.common\4.14.0\lib\netstandard2.0\Microsoft.CodeAnalysis.dll /reference:C:\Users\Divine\.nuget\packages\microsoft.codeanalysis.workspaces.msbuild\4.14.0\lib\net472\Microsoft.CodeAnalysis.ExternalAccess.RazorCompiler.dll /reference:C:\Users\Divine\.nuget\packages\microsoft.codeanalysis.workspaces.common\4.14.0\lib\netstandard2.0\Microsoft.CodeAnalysis.Workspaces.dll /reference:C:\Users\Divine\.nuget\packages\microsoft.codeanalysis.workspaces.msbuild\4.14.0\lib\net472\Microsoft.CodeAnalysis.Workspaces.MSBuild.dll /reference:"C:\Program Files (x86)\Reference Assemblies\Microsoft\Framework\.NETFramework\v4.7.2\Microsoft.CSharp.dll" /reference:C:\Users\Divine\.nuget\packages\microsoft.extensions.caching.abstractions\9.0.0\lib\net462\Microsoft.Extensions.Caching.Abstractions.dll /reference:C:\Users\Divine\.nuget\packages\microsoft.extensions.caching.memory\9.0.0\lib\net462\Microsoft.Extensions.Caching.Memory.dll /reference:C:\Users\Divine\.nuget\packages\microsoft.extensions.configuration.abstractions\9.0.0\lib\net462\Microsoft.Extensions.Configuration.Abstractions.dll /reference:C:\Users\Divine\.nuget\packages\microsoft.extensions.configuration.binder\9.0.0\lib\net462\Microsoft.Extensions.Configuration.Binder.dll /reference:C:\Users\Divine\.nuget\packages\microsoft.extensions.configuration.commandline\9.0.0\lib\net462\Microsoft.Extensions.Configuration.CommandLine.dll /reference:C:\Users\Divine\.nuget\packages\microsoft.extensions.configuration\9.0.0\lib\net462\Microsoft.Extensions.Configuration.dll /reference:C:\Users\Divine\.nuget\packages\microsoft.extensions.configuration.environmentvariables\9.0.0\lib\net462\Microsoft.Extensions.Configuration.EnvironmentVariables.dll /reference:C:\Users\Divine\.nuget\packages\microsoft.extensions.configuration.fileextensions\9.0.0\lib\net462\Microsoft.Extensions.Configuration.FileExtensions.dll /reference:C:\Users\Divine\.nuget\packages\microsoft.extensions.configuration.json\9.0.0\lib\net462\Microsoft.Extensions.Configuration.Json.dll /reference:C:\Users\Divine\.nuget\packages\microsoft.extensions.configuration.usersecrets\9.0.0\lib\net462\Microsoft.Extensions.Configuration.UserSecrets.dll /reference:C:\Users\Divine\.nuget\packages\microsoft.extensions.dependencyinjection.abstractions\9.0.0\lib\net462\Microsoft.Extensions.DependencyInjection.Abstractions.dll /reference:C:\Users\Divine\.nuget\packages\microsoft.extensions.dependencyinjection\9.0.0\lib\net462\Microsoft.Extensions.DependencyInjection.dll /reference:C:\Users\Divine\.nuget\packages\microsoft.extensions.diagnostics.abstractions\9.0.0\lib\net462\Microsoft.Extensions.Diagnostics.Abstractions.dll /reference:C:\Users\Divine\.nuget\packages\microsoft.extensions.diagnostics\9.0.0\lib\net462\Microsoft.Extensions.Diagnostics.dll /reference:C:\Users\Divine\.nuget\packages\microsoft.extensions.fileproviders.abstractions\9.0.0\lib\net462\Microsoft.Extensions.FileProviders.Abstractions.dll /reference:C:\Users\Divine\.nuget\packages\microsoft.extensions.fileproviders.physical\9.0.0\lib\net462\Microsoft.Extensions.FileProviders.Physical.dll /reference:C:\Users\Divine\.nuget\packages\microsoft.extensions.filesystemglobbing\9.0.0\lib\net462\Microsoft.Extensions.FileSystemGlobbing.dll /reference:C:\Users\Divine\.nuget\packages\microsoft.extensions.hosting.abstractions\9.0.0\lib\net462\Microsoft.Extensions.Hosting.Abstractions.dll /reference:C:\Users\Divine\.nuget\packages\microsoft.extensions.hosting\9.0.0\lib\net462\Microsoft.Extensions.Hosting.dll /reference:C:\Users\Divine\.nuget\packages\microsoft.extensions.http\9.0.0\lib\net462\Microsoft.Extensions.Http.dll /reference:C:\Users\Divine\.nuget\packages\microsoft.extensions.logging.abstractions\9.0.0\lib\net462\Microsoft.Extensions.Logging.Abstractions.dll /reference:C:\Users\Divine\.nuget\packages\microsoft.extensions.logging.configuration\9.0.0\lib\net462\Microsoft.Extensions.Logging.Configuration.dll /reference:C:\Users\Divine\.nuget\packages\microsoft.extensions.logging.console\9.0.0\lib\net462\Microsoft.Extensions.Logging.Console.dll /reference:C:\Users\Divine\.nuget\packages\microsoft.extensions.logging.debug\9.0.0\lib\net462\Microsoft.Extensions.Logging.Debug.dll /reference:C:\Users\Divine\.nuget\packages\microsoft.extensions.logging\9.0.0\lib\net462\Microsoft.Extensions.Logging.dll /reference:C:\Users\Divine\.nuget\packages\microsoft.extensions.logging.eventlog\9.0.0\lib\net462\Microsoft.Extensions.Logging.EventLog.dll /reference:C:\Users\Divine\.nuget\packages\microsoft.extensions.logging.eventsource\9.0.0\lib\net462\Microsoft.Extensions.Logging.EventSource.dll /reference:C:\Users\Divine\.nuget\packages\microsoft.extensions.options.configurationextensions\9.0.0\lib\net462\Microsoft.Extensions.Options.ConfigurationExtensions.dll /reference:C:\Users\Divine\.nuget\packages\microsoft.extensions.options\9.0.0\lib\net462\Microsoft.Extensions.Options.dll /reference:C:\Users\Divine\.nuget\packages\microsoft.extensions.primitives\9.0.0\lib\net462\Microsoft.Extensions.Primitives.dll /reference:C:\Users\Divine\.nuget\packages\microsoft.io.redist\6.1.0\lib\net472\Microsoft.IO.Redist.dll /reference:C:\Users\Divine\.nuget\packages\microsoft.ml\4.0.2\lib\netstandard2.0\Microsoft.ML.Core.dll /reference:C:\Users\Divine\.nuget\packages\microsoft.ml.cpumath\4.0.2\lib\netstandard2.0\Microsoft.ML.CpuMath.dll /reference:C:\Users\Divine\.nuget\packages\microsoft.ml\4.0.2\lib\netstandard2.0\Microsoft.ML.Data.dll /reference:C:\Users\Divine\.nuget\packages\microsoft.ml.dataview\4.0.2\lib\netstandard2.0\Microsoft.ML.DataView.dll /reference:C:\Users\Divine\.nuget\packages\microsoft.ml\4.0.2\lib\netstandard2.0\Microsoft.ML.KMeansClustering.dll /reference:C:\Users\Divine\.nuget\packages\microsoft.ml\4.0.2\lib\netstandard2.0\Microsoft.ML.PCA.dll /reference:C:\Users\Divine\.nuget\packages\microsoft.ml\4.0.2\lib\netstandard2.0\Microsoft.ML.StandardTrainers.dll /reference:C:\Users\Divine\.nuget\packages\microsoft.ml\4.0.2\lib\netstandard2.0\Microsoft.ML.Transforms.dll /reference:C:\Users\Divine\.nuget\packages\microsoft.net.stringtools\17.14.8\ref\net472\Microsoft.NET.StringTools.dll /reference:C:\Users\Divine\.nuget\packages\microsoft.servicehub.framework\4.8.55\lib\net472\Microsoft.ServiceHub.Framework.dll /reference:C:\Users\Divine\.nuget\packages\microsoft.servicehub.resources\4.6.2052\lib\net472\Microsoft.ServiceHub.Resources.dll /reference:C:\Users\Divine\.nuget\packages\microsoft.visualstudio.commandbars\17.14.40260\lib\net472\Microsoft.VisualStudio.CommandBars.dll /reference:C:\Users\Divine\.nuget\packages\microsoft.visualstudio.componentmodelhost\17.14.106\lib\net472\Microsoft.VisualStudio.ComponentModelHost.dll /reference:C:\Users\Divine\.nuget\packages\microsoft.visualstudio.composition\17.13.41\lib\net472\Microsoft.VisualStudio.Composition.dll /reference:C:\Users\Divine\.nuget\packages\microsoft.visualstudio.coreutility\17.14.249\lib\net472\Microsoft.VisualStudio.CoreUtility.dll /reference:C:\Users\Divine\.nuget\packages\microsoft.visualstudio.debugger.interop.10.0\17.14.40260\lib\net472\Microsoft.VisualStudio.Debugger.Interop.10.0.dll /reference:C:\Users\Divine\.nuget\packages\microsoft.visualstudio.debugger.interop.12.0\17.14.40260\lib\net472\Microsoft.VisualStudio.Debugger.Interop.12.0.dll /reference:C:\Users\Divine\.nuget\packages\microsoft.visualstudio.debugger.interop.14.0\17.14.40260\lib\net472\Microsoft.VisualStudio.Debugger.Interop.14.0.dll /reference:C:\Users\Divine\.nuget\packages\microsoft.visualstudio.debugger.interop.15.0\17.14.40260\lib\net472\Microsoft.VisualStudio.Debugger.Interop.15.0.dll /reference:C:\Users\Divine\.nuget\packages\microsoft.visualstudio.debugger.interop.16.0\17.14.40260\lib\net472\Microsoft.VisualStudio.Debugger.Interop.16.0.dll /reference:C:\Users\Divine\.nuget\packages\microsoft.visualstudio.debugger.interopa\17.14.40260\lib\net472\Microsoft.VisualStudio.Debugger.InteropA.dll /reference:C:\Users\Divine\.nuget\packages\microsoft.visualstudio.designer.interfaces\17.14.40260\lib\net472\Microsoft.VisualStudio.Designer.Interfaces.dll /reference:C:\Users\Divine\.nuget\packages\microsoft.visualstudio.editor\17.14.249\lib\net472\Microsoft.VisualStudio.Editor.dll /reference:C:\Users\Divine\.nuget\packages\microsoft.visualstudio.extensibility.contracts\17.14.2088\lib\netstandard2.0\Microsoft.VisualStudio.Extensibility.Contracts.dll /reference:C:\Users\Divine\.nuget\packages\microsoft.visualstudio.extensibility\17.14.2088\lib\net472\Microsoft.VisualStudio.Extensibility.dll /reference:C:\Users\Divine\.nuget\packages\microsoft.visualstudio.extensibility.editor.contracts\17.14.249\lib\netstandard2.0\Microsoft.VisualStudio.Extensibility.Editor.Contracts.dll /reference:C:\Users\Divine\.nuget\packages\microsoft.visualstudio.extensibility.framework\17.14.2088\lib\net472\Microsoft.VisualStudio.Extensibility.Framework.dll /reference:C:\Users\Divine\.nuget\packages\microsoft.visualstudio.graphmodel\17.14.40260\lib\net472\Microsoft.VisualStudio.GraphModel.dll /reference:C:\Users\Divine\.nuget\packages\microsoft.visualstudio.imagecatalog\17.14.40260\lib\net472\Microsoft.VisualStudio.ImageCatalog.dll /reference:C:\Users\Divine\.nuget\packages\microsoft.visualstudio.imaging\17.14.40264\lib\net472\Microsoft.VisualStudio.Imaging.dll /reference:C:\Users\Divine\.nuget\packages\microsoft.visualstudio.imaging.interop.14.0.designtime\17.14.40254\lib\net472\Microsoft.VisualStudio.Imaging.Interop.14.0.DesignTime.dll /reference:C:\Users\Divine\.nuget\packages\microsoft.visualstudio.interop\17.14.40260\lib\net472\Microsoft.VisualStudio.Interop.dll /reference:C:\Users\Divine\.nuget\packages\microsoft.visualstudio.language\17.14.249\lib\net472\Microsoft.VisualStudio.Language.dll /reference:C:\Users\Divine\.nuget\packages\microsoft.visualstudio.language.intellisense\17.14.249\lib\net472\Microsoft.VisualStudio.Language.Intellisense.dll /reference:C:\Users\Divine\.nuget\packages\microsoft.visualstudio.language.navigateto.interfaces\17.14.249\lib\net472\Microsoft.VisualStudio.Language.NavigateTo.Interfaces.dll /reference:C:\Users\Divine\.nuget\packages\microsoft.visualstudio.language.standardclassification\17.14.249\lib\net472\Microsoft.VisualStudio.Language.StandardClassification.dll /reference:C:\Users\Divine\.nuget\packages\microsoft.visualstudio.languageserver.client\17.14.60\lib\net472\Microsoft.VisualStudio.LanguageServer.Client.dll /reference:C:\Users\Divine\.nuget\packages\microsoft.visualstudio.linux.connectionmanager.store\17.14.40254\lib\net472\Microsoft.VisualStudio.Linux.ConnectionManager.Store.dll /reference:C:\Users\Divine\.nuget\packages\microsoft.visualstudio.ole.interop\17.14.40260\lib\net472\Microsoft.VisualStudio.OLE.Interop.dll /reference:C:\Users\Divine\.nuget\packages\microsoft.visualstudio.package.languageservice.15.0\17.14.40264\lib\net472\Microsoft.VisualStudio.Package.LanguageService.15.0.dll /reference:C:\Users\Divine\.nuget\packages\microsoft.visualstudio.projectaggregator\17.14.40254\lib\net472\Microsoft.VisualStudio.ProjectAggregator.dll /reference:C:\Users\Divine\.nuget\packages\microsoft.visualstudio.projectsystem.query\17.14.143\lib\netstandard2.0\Microsoft.VisualStudio.ProjectSystem.Query.dll /reference:C:\Users\Divine\.nuget\packages\microsoft.visualstudio.remotecontrol\16.3.52\lib\net45\Microsoft.VisualStudio.RemoteControl.dll /reference:C:\Users\Divine\.nuget\packages\microsoft.visualstudio.rpccontracts\17.14.20\lib\netstandard2.0\Microsoft.VisualStudio.RpcContracts.dll /link:C:\Users\Divine\.nuget\packages\microsoft.visualstudio.setup.configuration.interop\3.14.2075\lib\net35\Microsoft.VisualStudio.Setup.Configuration.Interop.dll /reference:C:\Users\Divine\.nuget\packages\microsoft.visualstudio.shell.15.0\17.14.40264\lib\net472\Microsoft.VisualStudio.Shell.15.0.dll /reference:C:\Users\Divine\.nuget\packages\microsoft.visualstudio.shell.design\17.14.40264\lib\net472\Microsoft.VisualStudio.Shell.Design.dll /reference:C:\Users\Divine\.nuget\packages\microsoft.visualstudio.shell.framework\17.14.40264\lib\net472\Microsoft.VisualStudio.Shell.Framework.dll /reference:C:\Users\Divine\.nuget\packages\microsoft.visualstudio.shell.interop.10.0\17.14.40260\lib\net472\Microsoft.VisualStudio.Shell.Interop.10.0.dll /reference:C:\Users\Divine\.nuget\packages\microsoft.visualstudio.shell.interop.11.0\17.14.40260\lib\net472\Microsoft.VisualStudio.Shell.Interop.11.0.dll /reference:C:\Users\Divine\.nuget\packages\microsoft.visualstudio.shell.interop.12.0\17.14.40260\lib\net472\Microsoft.VisualStudio.Shell.Interop.12.0.dll /reference:C:\Users\Divine\.nuget\packages\microsoft.visualstudio.shell.interop.8.0\17.14.40260\lib\net472\Microsoft.VisualStudio.Shell.Interop.8.0.dll /reference:C:\Users\Divine\.nuget\packages\microsoft.visualstudio.shell.interop.9.0\17.14.40260\lib\net472\Microsoft.VisualStudio.Shell.Interop.9.0.dll /reference:C:\Users\Divine\.nuget\packages\microsoft.visualstudio.shell.interop\17.14.40260\lib\net472\Microsoft.VisualStudio.Shell.Interop.dll /reference:C:\Users\Divine\.nuget\packages\microsoft.visualstudio.solutionpersistence\1.0.28\lib\net472\Microsoft.VisualStudio.SolutionPersistence.dll /reference:C:\Users\Divine\.nuget\packages\microsoft.visualstudio.taskrunnerexplorer.14.0\14.0.0\lib\net40\Microsoft.VisualStudio.TaskRunnerExplorer.14.0.dll /reference:C:\Users\Divine\.nuget\packages\microsoft.visualstudio.telemetry\17.14.18\lib\net45\Microsoft.VisualStudio.Telemetry.dll /reference:C:\Users\Divine\.nuget\packages\microsoft.visualstudio.text.data\17.14.249\lib\net472\Microsoft.VisualStudio.Text.Data.dll /reference:C:\Users\Divine\.nuget\packages\microsoft.visualstudio.text.logic\17.14.249\lib\net472\Microsoft.VisualStudio.Text.Logic.dll /reference:C:\Users\Divine\.nuget\packages\microsoft.visualstudio.text.ui\17.14.249\lib\net472\Microsoft.VisualStudio.Text.UI.dll /reference:C:\Users\Divine\.nuget\packages\microsoft.visualstudio.text.ui.wpf\17.14.249\lib\net472\Microsoft.VisualStudio.Text.UI.Wpf.dll /reference:C:\Users\Divine\.nuget\packages\microsoft.visualstudio.textmanager.interop.10.0\17.14.40260\lib\net472\Microsoft.VisualStudio.TextManager.Interop.10.0.dll /reference:C:\Users\Divine\.nuget\packages\microsoft.visualstudio.textmanager.interop.11.0\17.14.40260\lib\net472\Microsoft.VisualStudio.TextManager.Interop.11.0.dll /reference:C:\Users\Divine\.nuget\packages\microsoft.visualstudio.textmanager.interop.12.0\17.14.40260\lib\net472\Microsoft.VisualStudio.TextManager.Interop.12.0.dll /reference:C:\Users\Divine\.nuget\packages\microsoft.visualstudio.textmanager.interop.8.0\17.14.40260\lib\net472\Microsoft.VisualStudio.TextManager.Interop.8.0.dll /reference:C:\Users\Divine\.nuget\packages\microsoft.visualstudio.textmanager.interop.9.0\17.14.40260\lib\net472\Microsoft.VisualStudio.TextManager.Interop.9.0.dll /reference:C:\Users\Divine\.nuget\packages\microsoft.visualstudio.textmanager.interop\17.14.40260\lib\net472\Microsoft.VisualStudio.TextManager.Interop.dll /reference:C:\Users\Divine\.nuget\packages\microsoft.visualstudio.texttemplating.vshost\17.14.40265\lib\net472\Microsoft.VisualStudio.TextTemplating.VSHost.dll /reference:C:\Users\Divine\.nuget\packages\microsoft.visualstudio.threading.only\17.14.15\lib\net472\Microsoft.VisualStudio.Threading.dll /reference:C:\Users\Divine\.nuget\packages\microsoft.visualstudio.utilities\17.14.40264\lib\net472\Microsoft.VisualStudio.Utilities.dll /reference:C:\Users\Divine\.nuget\packages\microsoft.visualstudio.validation\17.8.8\lib\netstandard2.0\Microsoft.VisualStudio.Validation.dll /reference:C:\Users\Divine\.nuget\packages\microsoft.visualstudio.vcprojectengine\17.14.40264\lib\net472\Microsoft.VisualStudio.VCProjectEngine.dll /reference:C:\Users\Divine\.nuget\packages\microsoft.visualstudio.vshelp\17.14.40260\lib\net472\Microsoft.VisualStudio.VSHelp.dll /reference:C:\Users\Divine\.nuget\packages\microsoft.visualstudio.vshelp80\17.14.40260\lib\net472\Microsoft.VisualStudio.VSHelp80.dll /reference:C:\Users\Divine\.nuget\packages\microsoft.visualstudio.wcfreference.interop\17.14.40260\lib\net472\Microsoft.VisualStudio.WCFReference.Interop.dll /reference:C:\Users\Divine\.nuget\packages\microsoft.visualstudio.web.browserlink.12.0\12.0.0\lib\net40\Microsoft.VisualStudio.Web.BrowserLink.12.0.dll /reference:"C:\Program Files (x86)\Reference Assemblies\Microsoft\Framework\.NETFramework\v4.7.2\Facades\Microsoft.Win32.Primitives.dll" /reference:C:\Users\Divine\.nuget\packages\microsoft.win32.registry\5.0.0\ref\net461\Microsoft.Win32.Registry.dll /reference:"C:\Program Files (x86)\Reference Assemblies\Microsoft\Framework\.NETFramework\v4.7.2\mscorlib.dll" /reference:C:\Users\Divine\.nuget\packages\nerdbank.streams\2.12.87\lib\netstandard2.0\Nerdbank.Streams.dll /reference:"C:\Program Files (x86)\Reference Assemblies\Microsoft\Framework\.NETFramework\v4.7.2\Facades\netstandard.dll" /reference:C:\Users\Divine\.nuget\packages\newtonsoft.json\13.0.3\lib\net45\Newtonsoft.Json.dll /reference:C:\Users\Divine\.nuget\packages\polly.core\8.6.2\lib\net472\Polly.Core.dll /reference:C:\Users\Divine\.nuget\packages\polly\8.6.2\lib\net472\Polly.dll /reference:C:\Users\Divine\.nuget\packages\portable.xaml\0.26.0\lib\netstandard2.0\Portable.Xaml.dll /reference:"C:\Program Files (x86)\Reference Assemblies\Microsoft\Framework\.NETFramework\v4.7.2\PresentationCore.dll" /reference:"C:\Program Files (x86)\Reference Assemblies\Microsoft\Framework\.NETFramework\v4.7.2\PresentationFramework.dll" /reference:C:\Users\Divine\.nuget\packages\serilog\4.3.0\lib\net471\Serilog.dll /reference:C:\Users\Divine\.nuget\packages\serilog.extensions.logging\8.0.0\lib\net462\Serilog.Extensions.Logging.dll /reference:C:\Users\Divine\.nuget\packages\serilog.sinks.console\6.0.0\lib\net471\Serilog.Sinks.Console.dll /reference:C:\Users\Divine\.nuget\packages\serilog.sinks.file\6.0.0\lib\net471\Serilog.Sinks.File.dll /reference:C:\Users\Divine\.nuget\packages\stdole\17.14.40260\lib\net472\stdole.dll /reference:C:\Users\Divine\.nuget\packages\streamjsonrpc\2.22.11\lib\netstandard2.0\StreamJsonRpc.dll /reference:"C:\Program Files (x86)\Reference Assemblies\Microsoft\Framework\.NETFramework\v4.7.2\Facades\System.AppContext.dll" /reference:C:\Users\Divine\.nuget\packages\system.buffers\4.6.0\lib\net462\System.Buffers.dll /reference:C:\Users\Divine\.nuget\packages\system.codedom\8.0.0\lib\net462\System.CodeDom.dll /reference:C:\Users\Divine\.nuget\packages\system.collections.immutable\9.0.0\lib\net462\System.Collections.Immutable.dll /reference:C:\Users\Divine\.nuget\packages\system.componentmodel.annotations\5.0.0\ref\net461\System.ComponentModel.Annotations.dll /reference:"C:\Program Files (x86)\Reference Assemblies\Microsoft\Framework\.NETFramework\v4.7.2\System.ComponentModel.Composition.dll" /reference:"C:\Program Files (x86)\Reference Assemblies\Microsoft\Framework\.NETFramework\v4.7.2\System.ComponentModel.DataAnnotations.dll" /reference:C:\Users\Divine\.nuget\packages\system.composition.attributedmodel\9.0.0\lib\net462\System.Composition.AttributedModel.dll /reference:C:\Users\Divine\.nuget\packages\system.composition.convention\9.0.0\lib\net462\System.Composition.Convention.dll /reference:C:\Users\Divine\.nuget\packages\system.composition.hosting\9.0.0\lib\net462\System.Composition.Hosting.dll /reference:C:\Users\Divine\.nuget\packages\system.composition.runtime\9.0.0\lib\net462\System.Composition.Runtime.dll /reference:C:\Users\Divine\.nuget\packages\system.composition.typedparts\9.0.0\lib\net462\System.Composition.TypedParts.dll /reference:C:\Users\Divine\.nuget\packages\system.configuration.configurationmanager\9.0.0\lib\net462\System.Configuration.ConfigurationManager.dll /reference:"C:\Program Files (x86)\Reference Assemblies\Microsoft\Framework\.NETFramework\v4.7.2\System.Configuration.dll" /reference:"C:\Program Files (x86)\Reference Assemblies\Microsoft\Framework\.NETFramework\v4.7.2\Facades\System.Console.dll" /reference:"C:\Program Files (x86)\Reference Assemblies\Microsoft\Framework\.NETFramework\v4.7.2\System.Core.dll" /reference:"C:\Program Files (x86)\Reference Assemblies\Microsoft\Framework\.NETFramework\v4.7.2\System.Data.dll" /reference:C:\Users\Divine\.nuget\packages\system.diagnostics.diagnosticsource\9.0.0\lib\net462\System.Diagnostics.DiagnosticSource.dll /reference:"C:\Program Files (x86)\Reference Assemblies\Microsoft\Framework\.NETFramework\v4.7.2\System.Diagnostics.Tracing.dll" /reference:"C:\Program Files (x86)\Reference Assemblies\Microsoft\Framework\.NETFramework\v4.7.2\System.dll" /reference:"C:\Program Files (x86)\Reference Assemblies\Microsoft\Framework\.NETFramework\v4.7.2\System.Drawing.dll" /reference:C:\Users\Divine\.nuget\packages\system.formats.nrbf\9.0.0\lib\net462\System.Formats.Nrbf.dll /reference:"C:\Program Files (x86)\Reference Assemblies\Microsoft\Framework\.NETFramework\v4.7.2\Facades\System.Globalization.Calendars.dll" /reference:"C:\Program Files (x86)\Reference Assemblies\Microsoft\Framework\.NETFramework\v4.7.2\System.IO.Compression.dll" /reference:"C:\Program Files (x86)\Reference Assemblies\Microsoft\Framework\.NETFramework\v4.7.2\System.IO.Compression.FileSystem.dll" /reference:"C:\Program Files (x86)\Reference Assemblies\Microsoft\Framework\.NETFramework\v4.7.2\Facades\System.IO.Compression.ZipFile.dll" /reference:"C:\Program Files (x86)\Reference Assemblies\Microsoft\Framework\.NETFramework\v4.7.2\Facades\System.IO.dll" /reference:C:\Users\Divine\.nuget\packages\system.io.filesystem.accesscontrol\5.0.0\ref\net461\System.IO.FileSystem.AccessControl.dll /reference:"C:\Program Files (x86)\Reference Assemblies\Microsoft\Framework\.NETFramework\v4.7.2\Facades\System.IO.FileSystem.dll" /reference:"C:\Program Files (x86)\Reference Assemblies\Microsoft\Framework\.NETFramework\v4.7.2\Facades\System.IO.FileSystem.Primitives.dll" /reference:C:\Users\Divine\.nuget\packages\system.io.pipelines\9.0.0\lib\net462\System.IO.Pipelines.dll /reference:"C:\Program Files (x86)\Reference Assemblies\Microsoft\Framework\.NETFramework\v4.7.2\Facades\System.Linq.dll" /reference:"C:\Program Files (x86)\Reference Assemblies\Microsoft\Framework\.NETFramework\v4.7.2\Facades\System.Linq.Expressions.dll" /reference:"C:\Program Files (x86)\Reference Assemblies\Microsoft\Framework\.NETFramework\v4.7.2\System.Management.dll" /reference:C:\Users\Divine\.nuget\packages\system.memory\4.6.0\lib\net462\System.Memory.dll /reference:"C:\Program Files (x86)\Reference Assemblies\Microsoft\Framework\.NETFramework\v4.7.2\System.Net.Http.dll" /reference:"C:\Program Files (x86)\Reference Assemblies\Microsoft\Framework\.NETFramework\v4.7.2\Facades\System.Net.Sockets.dll" /reference:"C:\Program Files (x86)\Reference Assemblies\Microsoft\Framework\.NETFramework\v4.7.2\System.Numerics.dll" /reference:C:\Users\Divine\.nuget\packages\system.numerics.tensors\8.0.0\lib\net462\System.Numerics.Tensors.dll /reference:C:\Users\Divine\.nuget\packages\system.numerics.vectors\4.6.0\lib\net462\System.Numerics.Vectors.dll /reference:"C:\Program Files (x86)\Reference Assemblies\Microsoft\Framework\.NETFramework\v4.7.2\Facades\System.Reflection.dll" /reference:C:\Users\Divine\.nuget\packages\system.reflection.metadata\9.0.0\lib\net462\System.Reflection.Metadata.dll /reference:C:\Users\Divine\.nuget\packages\system.reflection.metadataloadcontext\8.0.0\lib\net462\System.Reflection.MetadataLoadContext.dll /reference:C:\Users\Divine\.nuget\packages\system.resources.extensions\9.0.0\lib\net462\System.Resources.Extensions.dll /reference:C:\Users\Divine\.nuget\packages\system.runtime.compilerservices.unsafe\6.1.0\lib\net462\System.Runtime.CompilerServices.Unsafe.dll /reference:"C:\Program Files (x86)\Reference Assemblies\Microsoft\Framework\.NETFramework\v4.7.2\Facades\System.Runtime.dll" /reference:"C:\Program Files (x86)\Reference Assemblies\Microsoft\Framework\.NETFramework\v4.7.2\Facades\System.Runtime.Extensions.dll" /reference:"C:\Program Files (x86)\Reference Assemblies\Microsoft\Framework\.NETFramework\v4.7.2\Facades\System.Runtime.InteropServices.dll" /reference:"C:\Program Files (x86)\Reference Assemblies\Microsoft\Framework\.NETFramework\v4.7.2\Facades\System.Runtime.InteropServices.RuntimeInformation.dll" /reference:"C:\Program Files (x86)\Reference Assemblies\Microsoft\Framework\.NETFramework\v4.7.2\System.Runtime.Serialization.dll" /reference:C:\Users\Divine\.nuget\packages\system.security.accesscontrol\6.0.0\lib\net461\System.Security.AccessControl.dll /reference:"C:\Program Files (x86)\Reference Assemblies\Microsoft\Framework\.NETFramework\v4.7.2\Facades\System.Security.Cryptography.Algorithms.dll" /reference:"C:\Program Files (x86)\Reference Assemblies\Microsoft\Framework\.NETFramework\v4.7.2\Facades\System.Security.Cryptography.Encoding.dll" /reference:"C:\Program Files (x86)\Reference Assemblies\Microsoft\Framework\.NETFramework\v4.7.2\Facades\System.Security.Cryptography.Primitives.dll" /reference:C:\Users\Divine\.nuget\packages\system.security.cryptography.protecteddata\9.0.0\lib\net462\System.Security.Cryptography.ProtectedData.dll /reference:"C:\Program Files (x86)\Reference Assemblies\Microsoft\Framework\.NETFramework\v4.7.2\Facades\System.Security.Cryptography.X509Certificates.dll" /reference:"C:\Program Files (x86)\Reference Assemblies\Microsoft\Framework\.NETFramework\v4.7.2\System.Security.dll" /reference:C:\Users\Divine\.nuget\packages\system.security.principal.windows\5.0.0\ref\net461\System.Security.Principal.Windows.dll /reference:C:\Users\Divine\.nuget\packages\system.text.encoding.codepages\7.0.0\lib\net462\System.Text.Encoding.CodePages.dll /reference:C:\Users\Divine\.nuget\packages\system.text.encodings.web\9.0.0\lib\net462\System.Text.Encodings.Web.dll /reference:C:\Users\Divine\.nuget\packages\system.text.json\9.0.0\lib\net462\System.Text.Json.dll /reference:"C:\Program Files (x86)\Reference Assemblies\Microsoft\Framework\.NETFramework\v4.7.2\Facades\System.Text.RegularExpressions.dll" /reference:C:\Users\Divine\.nuget\packages\system.threading.accesscontrol\9.0.0\lib\net462\System.Threading.AccessControl.dll /reference:C:\Users\Divine\.nuget\packages\system.threading.channels\8.0.0\lib\net462\System.Threading.Channels.dll /reference:C:\Users\Divine\.nuget\packages\system.threading.tasks.dataflow\9.0.0\lib\net462\System.Threading.Tasks.Dataflow.dll /reference:C:\Users\Divine\.nuget\packages\system.threading.tasks.extensions\4.6.0\lib\net462\System.Threading.Tasks.Extensions.dll /reference:C:\Users\Divine\.nuget\packages\system.valuetuple\4.5.0\ref\net47\System.ValueTuple.dll /reference:"C:\Program Files (x86)\Reference Assemblies\Microsoft\Framework\.NETFramework\v4.7.2\System.Windows.Controls.Ribbon.dll" /reference:"C:\Program Files (x86)\Reference Assemblies\Microsoft\Framework\.NETFramework\v4.7.2\System.Windows.Forms.dll" /reference:"C:\Program Files (x86)\Reference Assemblies\Microsoft\Framework\.NETFramework\v4.7.2\System.Xaml.dll" /reference:"C:\Program Files (x86)\Reference Assemblies\Microsoft\Framework\.NETFramework\v4.7.2\System.Xml.dll" /reference:"C:\Program Files (x86)\Reference Assemblies\Microsoft\Framework\.NETFramework\v4.7.2\System.Xml.Linq.dll" /reference:"C:\Program Files (x86)\Reference Assemblies\Microsoft\Framework\.NETFramework\v4.7.2\Facades\System.Xml.ReaderWriter.dll" /reference:"C:\Program Files (x86)\Reference Assemblies\Microsoft\Framework\.NETFramework\v4.7.2\UIAutomationClient.dll" /reference:"C:\Program Files (x86)\Reference Assemblies\Microsoft\Framework\.NETFramework\v4.7.2\UIAutomationClientsideProviders.dll" /reference:"C:\Program Files (x86)\Reference Assemblies\Microsoft\Framework\.NETFramework\v4.7.2\UIAutomationProvider.dll" /reference:"C:\Program Files (x86)\Reference Assemblies\Microsoft\Framework\.NETFramework\v4.7.2\UIAutomationTypes.dll" /reference:C:\Users\Divine\.nuget\packages\vslangproj\17.14.40260\lib\net472\VSLangProj.dll /reference:C:\Users\Divine\.nuget\packages\vslangproj100\17.14.40260\lib\net472\VSLangProj100.dll /reference:C:\Users\Divine\.nuget\packages\vslangproj110\17.14.40260\lib\net472\VSLangProj110.dll /reference:C:\Users\Divine\.nuget\packages\vslangproj140\17.14.40260\lib\net472\VSLangProj140.dll /reference:C:\Users\Divine\.nuget\packages\vslangproj150\17.14.40260\lib\net472\VSLangProj150.dll /reference:C:\Users\Divine\.nuget\packages\vslangproj157\17.14.40260\lib\net472\VSLangProj157.dll /reference:C:\Users\Divine\.nuget\packages\vslangproj158\17.14.40260\lib\net472\VSLangProj158.dll /reference:C:\Users\Divine\.nuget\packages\vslangproj165\17.14.40260\lib\net472\VSLangProj165.dll /reference:C:\Users\Divine\.nuget\packages\vslangproj2\17.14.40260\lib\net472\VSLangProj2.dll /reference:C:\Users\Divine\.nuget\packages\vslangproj80\17.14.40260\lib\net472\VSLangProj80.dll /reference:C:\Users\Divine\.nuget\packages\vslangproj90\17.14.40260\lib\net472\VSLangProj90.dll /reference:"C:\Program Files (x86)\Reference Assemblies\Microsoft\Framework\.NETFramework\v4.7.2\WindowsBase.dll" /reference:"C:\Program Files (x86)\Reference Assemblies\Microsoft\Framework\.NETFramework\v4.7.2\Facades\System.Collections.Concurrent.dll" /reference:"C:\Program Files (x86)\Reference Assemblies\Microsoft\Framework\.NETFramework\v4.7.2\Facades\System.Collections.dll" /reference:"C:\Program Files (x86)\Reference Assemblies\Microsoft\Framework\.NETFramework\v4.7.2\Facades\System.Collections.NonGeneric.dll" /reference:"C:\Program Files (x86)\Reference Assemblies\Microsoft\Framework\.NETFramework\v4.7.2\Facades\System.Collections.Specialized.dll" /reference:"C:\Program Files (x86)\Reference Assemblies\Microsoft\Framework\.NETFramework\v4.7.2\Facades\System.ComponentModel.dll" /reference:"C:\Program Files (x86)\Reference Assemblies\Microsoft\Framework\.NETFramework\v4.7.2\Facades\System.ComponentModel.EventBasedAsync.dll" /reference:"C:\Program Files (x86)\Reference Assemblies\Microsoft\Framework\.NETFramework\v4.7.2\Facades\System.ComponentModel.Primitives.dll" /reference:"C:\Program Files (x86)\Reference Assemblies\Microsoft\Framework\.NETFramework\v4.7.2\Facades\System.ComponentModel.TypeConverter.dll" /reference:"C:\Program Files (x86)\Reference Assemblies\Microsoft\Framework\.NETFramework\v4.7.2\Facades\System.Data.Common.dll" /reference:"C:\Program Files (x86)\Reference Assemblies\Microsoft\Framework\.NETFramework\v4.7.2\Facades\System.Diagnostics.Contracts.dll" /reference:"C:\Program Files (x86)\Reference Assemblies\Microsoft\Framework\.NETFramework\v4.7.2\Facades\System.Diagnostics.Debug.dll" /reference:"C:\Program Files (x86)\Reference Assemblies\Microsoft\Framework\.NETFramework\v4.7.2\Facades\System.Diagnostics.FileVersionInfo.dll" /reference:"C:\Program Files (x86)\Reference Assemblies\Microsoft\Framework\.NETFramework\v4.7.2\Facades\System.Diagnostics.Process.dll" /reference:"C:\Program Files (x86)\Reference Assemblies\Microsoft\Framework\.NETFramework\v4.7.2\Facades\System.Diagnostics.StackTrace.dll" /reference:"C:\Program Files (x86)\Reference Assemblies\Microsoft\Framework\.NETFramework\v4.7.2\Facades\System.Diagnostics.TextWriterTraceListener.dll" /reference:"C:\Program Files (x86)\Reference Assemblies\Microsoft\Framework\.NETFramework\v4.7.2\Facades\System.Diagnostics.Tools.dll" /reference:"C:\Program Files (x86)\Reference Assemblies\Microsoft\Framework\.NETFramework\v4.7.2\Facades\System.Diagnostics.TraceSource.dll" /reference:"C:\Program Files (x86)\Reference Assemblies\Microsoft\Framework\.NETFramework\v4.7.2\Facades\System.Drawing.Primitives.dll" /reference:"C:\Program Files (x86)\Reference Assemblies\Microsoft\Framework\.NETFramework\v4.7.2\Facades\System.Dynamic.Runtime.dll" /reference:"C:\Program Files (x86)\Reference Assemblies\Microsoft\Framework\.NETFramework\v4.7.2\Facades\System.Globalization.dll" /reference:"C:\Program Files (x86)\Reference Assemblies\Microsoft\Framework\.NETFramework\v4.7.2\Facades\System.Globalization.Extensions.dll" /reference:"C:\Program Files (x86)\Reference Assemblies\Microsoft\Framework\.NETFramework\v4.7.2\Facades\System.IO.FileSystem.DriveInfo.dll" /reference:"C:\Program Files (x86)\Reference Assemblies\Microsoft\Framework\.NETFramework\v4.7.2\Facades\System.IO.FileSystem.Watcher.dll" /reference:"C:\Program Files (x86)\Reference Assemblies\Microsoft\Framework\.NETFramework\v4.7.2\Facades\System.IO.IsolatedStorage.dll" /reference:"C:\Program Files (x86)\Reference Assemblies\Microsoft\Framework\.NETFramework\v4.7.2\Facades\System.IO.MemoryMappedFiles.dll" /reference:"C:\Program Files (x86)\Reference Assemblies\Microsoft\Framework\.NETFramework\v4.7.2\Facades\System.IO.Pipes.dll" /reference:"C:\Program Files (x86)\Reference Assemblies\Microsoft\Framework\.NETFramework\v4.7.2\Facades\System.IO.UnmanagedMemoryStream.dll" /reference:"C:\Program Files (x86)\Reference Assemblies\Microsoft\Framework\.NETFramework\v4.7.2\Facades\System.Linq.Parallel.dll" /reference:"C:\Program Files (x86)\Reference Assemblies\Microsoft\Framework\.NETFramework\v4.7.2\Facades\System.Linq.Queryable.dll" /reference:"C:\Program Files (x86)\Reference Assemblies\Microsoft\Framework\.NETFramework\v4.7.2\Facades\System.Net.Http.Rtc.dll" /reference:"C:\Program Files (x86)\Reference Assemblies\Microsoft\Framework\.NETFramework\v4.7.2\Facades\System.Net.NameResolution.dll" /reference:"C:\Program Files (x86)\Reference Assemblies\Microsoft\Framework\.NETFramework\v4.7.2\Facades\System.Net.NetworkInformation.dll" /reference:"C:\Program Files (x86)\Reference Assemblies\Microsoft\Framework\.NETFramework\v4.7.2\Facades\System.Net.Ping.dll" /reference:"C:\Program Files (x86)\Reference Assemblies\Microsoft\Framework\.NETFramework\v4.7.2\Facades\System.Net.Primitives.dll" /reference:"C:\Program Files (x86)\Reference Assemblies\Microsoft\Framework\.NETFramework\v4.7.2\Facades\System.Net.Requests.dll" /reference:"C:\Program Files (x86)\Reference Assemblies\Microsoft\Framework\.NETFramework\v4.7.2\Facades\System.Net.Security.dll" /reference:"C:\Program Files (x86)\Reference Assemblies\Microsoft\Framework\.NETFramework\v4.7.2\Facades\System.Net.WebHeaderCollection.dll" /reference:"C:\Program Files (x86)\Reference Assemblies\Microsoft\Framework\.NETFramework\v4.7.2\Facades\System.Net.WebSockets.Client.dll" /reference:"C:\Program Files (x86)\Reference Assemblies\Microsoft\Framework\.NETFramework\v4.7.2\Facades\System.Net.WebSockets.dll" /reference:"C:\Program Files (x86)\Reference Assemblies\Microsoft\Framework\.NETFramework\v4.7.2\Facades\System.ObjectModel.dll" /reference:"C:\Program Files (x86)\Reference Assemblies\Microsoft\Framework\.NETFramework\v4.7.2\Facades\System.Reflection.Emit.dll" /reference:"C:\Program Files (x86)\Reference Assemblies\Microsoft\Framework\.NETFramework\v4.7.2\Facades\System.Reflection.Emit.ILGeneration.dll" /reference:"C:\Program Files (x86)\Reference Assemblies\Microsoft\Framework\.NETFramework\v4.7.2\Facades\System.Reflection.Emit.Lightweight.dll" /reference:"C:\Program Files (x86)\Reference Assemblies\Microsoft\Framework\.NETFramework\v4.7.2\Facades\System.Reflection.Extensions.dll" /reference:"C:\Program Files (x86)\Reference Assemblies\Microsoft\Framework\.NETFramework\v4.7.2\Facades\System.Reflection.Primitives.dll" /reference:"C:\Program Files (x86)\Reference Assemblies\Microsoft\Framework\.NETFramework\v4.7.2\Facades\System.Resources.Reader.dll" /reference:"C:\Program Files (x86)\Reference Assemblies\Microsoft\Framework\.NETFramework\v4.7.2\Facades\System.Resources.ResourceManager.dll" /reference:"C:\Program Files (x86)\Reference Assemblies\Microsoft\Framework\.NETFramework\v4.7.2\Facades\System.Resources.Writer.dll" /reference:"C:\Program Files (x86)\Reference Assemblies\Microsoft\Framework\.NETFramework\v4.7.2\Facades\System.Runtime.CompilerServices.VisualC.dll" /reference:"C:\Program Files (x86)\Reference Assemblies\Microsoft\Framework\.NETFramework\v4.7.2\Facades\System.Runtime.Handles.dll" /reference:"C:\Program Files (x86)\Reference Assemblies\Microsoft\Framework\.NETFramework\v4.7.2\Facades\System.Runtime.InteropServices.WindowsRuntime.dll" /reference:"C:\Program Files (x86)\Reference Assemblies\Microsoft\Framework\.NETFramework\v4.7.2\Facades\System.Runtime.Numerics.dll" /reference:"C:\Program Files (x86)\Reference Assemblies\Microsoft\Framework\.NETFramework\v4.7.2\Facades\System.Runtime.Serialization.Formatters.dll" /reference:"C:\Program Files (x86)\Reference Assemblies\Microsoft\Framework\.NETFramework\v4.7.2\Facades\System.Runtime.Serialization.Json.dll" /reference:"C:\Program Files (x86)\Reference Assemblies\Microsoft\Framework\.NETFramework\v4.7.2\Facades\System.Runtime.Serialization.Primitives.dll" /reference:"C:\Program Files (x86)\Reference Assemblies\Microsoft\Framework\.NETFramework\v4.7.2\Facades\System.Runtime.Serialization.Xml.dll" /reference:"C:\Program Files (x86)\Reference Assemblies\Microsoft\Framework\.NETFramework\v4.7.2\Facades\System.Security.Claims.dll" /reference:"C:\Program Files (x86)\Reference Assemblies\Microsoft\Framework\.NETFramework\v4.7.2\Facades\System.Security.Cryptography.Csp.dll" /reference:"C:\Program Files (x86)\Reference Assemblies\Microsoft\Framework\.NETFramework\v4.7.2\Facades\System.Security.Principal.dll" /reference:"C:\Program Files (x86)\Reference Assemblies\Microsoft\Framework\.NETFramework\v4.7.2\Facades\System.Security.SecureString.dll" /reference:"C:\Program Files (x86)\Reference Assemblies\Microsoft\Framework\.NETFramework\v4.7.2\Facades\System.ServiceModel.Duplex.dll" /reference:"C:\Program Files (x86)\Reference Assemblies\Microsoft\Framework\.NETFramework\v4.7.2\Facades\System.ServiceModel.Http.dll" /reference:"C:\Program Files (x86)\Reference Assemblies\Microsoft\Framework\.NETFramework\v4.7.2\Facades\System.ServiceModel.NetTcp.dll" /reference:"C:\Program Files (x86)\Reference Assemblies\Microsoft\Framework\.NETFramework\v4.7.2\Facades\System.ServiceModel.Primitives.dll" /reference:"C:\Program Files (x86)\Reference Assemblies\Microsoft\Framework\.NETFramework\v4.7.2\Facades\System.ServiceModel.Security.dll" /reference:"C:\Program Files (x86)\Reference Assemblies\Microsoft\Framework\.NETFramework\v4.7.2\Facades\System.Text.Encoding.dll" /reference:"C:\Program Files (x86)\Reference Assemblies\Microsoft\Framework\.NETFramework\v4.7.2\Facades\System.Text.Encoding.Extensions.dll" /reference:"C:\Program Files (x86)\Reference Assemblies\Microsoft\Framework\.NETFramework\v4.7.2\Facades\System.Threading.dll" /reference:"C:\Program Files (x86)\Reference Assemblies\Microsoft\Framework\.NETFramework\v4.7.2\Facades\System.Threading.Overlapped.dll" /reference:"C:\Program Files (x86)\Reference Assemblies\Microsoft\Framework\.NETFramework\v4.7.2\Facades\System.Threading.Tasks.dll" /reference:"C:\Program Files (x86)\Reference Assemblies\Microsoft\Framework\.NETFramework\v4.7.2\Facades\System.Threading.Tasks.Parallel.dll" /reference:"C:\Program Files (x86)\Reference Assemblies\Microsoft\Framework\.NETFramework\v4.7.2\Facades\System.Threading.Thread.dll" /reference:"C:\Program Files (x86)\Reference Assemblies\Microsoft\Framework\.NETFramework\v4.7.2\Facades\System.Threading.ThreadPool.dll" /reference:"C:\Program Files (x86)\Reference Assemblies\Microsoft\Framework\.NETFramework\v4.7.2\Facades\System.Threading.Timer.dll" /reference:"C:\Program Files (x86)\Reference Assemblies\Microsoft\Framework\.NETFramework\v4.7.2\Facades\System.Xml.XDocument.dll" /reference:"C:\Program Files (x86)\Reference Assemblies\Microsoft\Framework\.NETFramework\v4.7.2\Facades\System.Xml.XmlDocument.dll" /reference:"C:\Program Files (x86)\Reference Assemblies\Microsoft\Framework\.NETFramework\v4.7.2\Facades\System.Xml.XmlSerializer.dll" /reference:"C:\Program Files (x86)\Reference Assemblies\Microsoft\Framework\.NETFramework\v4.7.2\Facades\System.Xml.XPath.dll" /reference:"C:\Program Files (x86)\Reference Assemblies\Microsoft\Framework\.NETFramework\v4.7.2\Facades\System.Xml.XPath.XDocument.dll" /debug+ /debug:portable /filealign:512 /optimize- /out:obj\Debug\net472\A3sist.Core.dll /subsystemversion:6.00 /resource:obj\Debug\net472\_EmptyResource.resources /target:library /warnaserror- /utf8output /deterministic+ /sourcelink:obj\Debug\net472\A3sist.Core.sourcelink.json /langversion:12 /skipanalyzers+ /embed:obj\Debug\net472\A3sist.Core.GlobalUsings.g.cs /embed:"obj\Debug\net472\.NETFramework,Version=v4.7.2.AssemblyAttributes.cs" /embed:obj\Debug\net472\A3sist.Core.AssemblyInfo.cs /analyzerconfig:obj\Debug\net472\A3sist.Core.GeneratedMSBuildEditorConfig.editorconfig /analyzer:C:\Users\Divine\.nuget\packages\messagepackanalyzer\3.1.4\analyzers\roslyn4.3\cs\MessagePack.Analyzers.CodeFixes.dll /analyzer:C:\Users\Divine\.nuget\packages\messagepackanalyzer\3.1.4\analyzers\roslyn4.3\cs\MessagePack.SourceGenerator.dll /analyzer:C:\Users\Divine\.nuget\packages\microsoft.codeanalysis.analyzers\3.11.0\analyzers\dotnet\cs\Microsoft.CodeAnalysis.Analyzers.dll /analyzer:C:\Users\Divine\.nuget\packages\microsoft.codeanalysis.analyzers\3.11.0\analyzers\dotnet\cs\Microsoft.CodeAnalysis.CSharp.Analyzers.dll /analyzer:C:\Users\Divine\.nuget\packages\microsoft.extensions.logging.abstractions\9.0.0\analyzers\dotnet\roslyn4.4\cs\Microsoft.Extensions.Logging.Generators.dll /analyzer:C:\Users\Divine\.nuget\packages\microsoft.extensions.options\9.0.0\analyzers\dotnet\roslyn4.4\cs\Microsoft.Extensions.Options.SourceGeneration.dll /analyzer:C:\Users\Divine\.nuget\packages\microsoft.servicehub.analyzers\4.8.55\analyzers\cs\Microsoft.ServiceHub.Analyzers.CSharp.dll /analyzer:C:\Users\Divine\.nuget\packages\microsoft.servicehub.analyzers\4.8.55\analyzers\cs\Microsoft.ServiceHub.Analyzers.CodeFixes.dll /analyzer:C:\Users\Divine\.nuget\packages\microsoft.servicehub.analyzers\4.8.55\analyzers\cs\Microsoft.ServiceHub.Analyzers.dll /analyzer:C:\Users\Divine\.nuget\packages\microsoft.visualstudio.composition.analyzers\17.13.41\analyzers\cs\Microsoft.VisualStudio.Composition.Analyzers.CSharp.dll /analyzer:C:\Users\Divine\.nuget\packages\microsoft.visualstudio.composition.analyzers\17.13.41\analyzers\cs\Microsoft.VisualStudio.Composition.Analyzers.CodeFixes.dll /analyzer:C:\Users\Divine\.nuget\packages\microsoft.visualstudio.composition.analyzers\17.13.41\analyzers\cs\Microsoft.VisualStudio.Composition.Analyzers.dll /analyzer:C:\Users\Divine\.nuget\packages\microsoft.visualstudio.extensibility.jsongenerators.sdk\17.14.2088\analyzers\dotnet\cs\Microsoft.VisualStudio.Extensibility.JsonGenerators.Sdk.dll /analyzer:C:\Users\Divine\.nuget\packages\microsoft.visualstudio.extensibility.jsongenerators.sdk\17.14.2088\analyzers\dotnet\cs\Microsoft.VisualStudio.Validation.dll /analyzer:C:\Users\Divine\.nuget\packages\microsoft.visualstudio.extensibility.jsongenerators.sdk\17.14.2088\analyzers\dotnet\cs\Newtonsoft.Json.dll /analyzer:C:\Users\Divine\.nuget\packages\microsoft.visualstudio.sdk.analyzers\17.7.79\analyzers\cs\Microsoft.VisualStudio.SDK.Analyzers.CodeFixes.dll /analyzer:C:\Users\Divine\.nuget\packages\microsoft.visualstudio.sdk.analyzers\17.7.79\analyzers\cs\Microsoft.VisualStudio.SDK.Analyzers.dll /analyzer:C:\Users\Divine\.nuget\packages\microsoft.visualstudio.threading.analyzers\17.14.15\analyzers\cs\Microsoft.VisualStudio.Threading.Analyzers.CSharp.dll /analyzer:C:\Users\Divine\.nuget\packages\microsoft.visualstudio.threading.analyzers\17.14.15\analyzers\cs\Microsoft.VisualStudio.Threading.Analyzers.CodeFixes.dll /analyzer:C:\Users\Divine\.nuget\packages\microsoft.visualstudio.threading.analyzers\17.14.15\analyzers\cs\Microsoft.VisualStudio.Threading.Analyzers.dll /analyzer:C:\Users\Divine\.nuget\packages\system.text.json\9.0.0\analyzers\dotnet\roslyn4.4\cs\System.Text.Json.SourceGeneration.dll /additionalfile:C:\Users\Divine\.nuget\packages\microsoft.visualstudio.sdk.analyzers\17.7.79\build\AdditionalFiles\BannedSymbols.txt /additionalfile:C:\Users\Divine\.nuget\packages\microsoft.visualstudio.sdk.analyzers\17.7.79\build\AdditionalFiles\vs-threading.LegacyThreadSwitchingMembers.txt /additionalfile:C:\Users\Divine\.nuget\packages\microsoft.visualstudio.sdk.analyzers\17.7.79\build\AdditionalFiles\vs-threading.MainThreadAssertingMethods.txt /additionalfile:C:\Users\Divine\.nuget\packages\microsoft.visualstudio.sdk.analyzers\17.7.79\build\AdditionalFiles\vs-threading.MainThreadSwitchingMethods.txt /additionalfile:C:\Users\Divine\.nuget\packages\microsoft.visualstudio.sdk.analyzers\17.7.79\build\AdditionalFiles\vs-threading.MembersRequiringMainThread.txt /additionalfile:C:\Users\Divine\.nuget\packages\microsoft.visualstudio.threading.analyzers\17.14.15\buildTransitive\AdditionalFiles\vs-threading.LegacyThreadSwitchingMembers.txt /additionalfile:C:\Users\Divine\.nuget\packages\microsoft.visualstudio.threading.analyzers\17.14.15\buildTransitive\AdditionalFiles\vs-threading.MainThreadAssertingMethods.txt /additionalfile:C:\Users\Divine\.nuget\packages\microsoft.visualstudio.threading.analyzers\17.14.15\buildTransitive\AdditionalFiles\vs-threading.MainThreadSwitchingMethods.txt /additionalfile:C:\Users\Divine\.nuget\packages\microsoft.visualstudio.threading.analyzers\17.14.15\buildTransitive\AdditionalFiles\vs-threading.MembersRequiringMainThread.txt /additionalfile:C:\Users\Divine\.nuget\packages\microsoft.vssdk.buildtools\17.14.2094\tools\vssdk\\Empty.resx A3sistExtension.cs Agents\Base\AgentMetrics.cs Agents\Base\BaseAgent.cs Agents\Core\Designer\Designer.cs Agents\Core\Designer\Models\ArchitecturalPattern.cs Agents\Core\Designer\Models\ArchitecturePlan.cs Agents\Core\Designer\Models\Component.cs Agents\Core\Designer\Models\Dependency.cs Agents\Core\Designer\Models\DesignPattern.cs Agents\Core\Designer\Models\DesignRequest.cs Agents\Core\Designer\Models\DocumentAnalysis.cs Agents\Core\Designer\Models\PatternRecommendation.cs Agents\Core\Designer\Models\ProjectAnalysis.cs Agents\Core\Designer\Models\ProjectTemplate.cs Agents\Core\Designer\Models\Relationship.cs Agents\Core\Designer\Models\ScaffoldingPlan.cs Agents\Core\Designer\Services\ArchitectureAnalyzer.cs Agents\Core\Designer\Services\DesignPlanner.cs Agents\Core\Designer\Services\PatternRecommender.cs Agents\Core\Designer\Services\ScaffoldingGenerator.cs Agents\Core\Dispatcher\Dispatcher.cs Agents\Core\Dispatcher\FailureHandler.cs Agents\Core\Dispatcher\Models\TaskDefinition.cs Agents\Core\Dispatcher\Models\WorkflowRequest.cs Agents\Core\Dispatcher\Services\TaskQueue.cs Agents\Core\Dispatcher\TaskOrchestrator.cs Agents\Core\IntentRouterAgent.cs Agents\Core\IntentRouter\IntentRouter.cs Agents\Core\IntentRouter\Services\AgentCapability.cs Agents\Core\IntentRouter\Services\AgentCapabilityConfig.cs Agents\Core\IntentRouter\Services\AgentConfig.cs Agents\Core\IntentRouter\Services\AgentInfo.cs Agents\Core\IntentRouter\Services\AgentRegistry.cs Agents\Core\IntentRouter\Services\FailureAnalyzer.cs Agents\Core\IntentRouter\Services\IntentClassifier.cs Agents\Core\MCPEnhancedAgent.cs Agents\Core\RAGEnhancedCSharpAgent.cs Agents\Language\CSharp\AgentCSharpHandler.cs Agents\Language\CSharp\Services\Analyzer.cs Agents\Language\CSharp\Services\RefactorEngine.cs Agents\Language\CSharp\Services\XamlValidator.cs Agents\Language\Javascript\AgentJavaScriptHandler.cs Agents\Language\Javascript\Services\JavaScriptAnalyzer.cs Agents\Language\Javascript\Services\JavaScriptRefactorEngine.cs Agents\Language\Javascript\Services\JsAgentLoader.cs Agents\Language\Javascript\Services\JsAnalyzerWrapper.cs Agents\Language\Javascript\Services\NpmPackageManager.cs Agents\Language\Python\AgentPythonHandler.cs Agents\Language\Python\Services\PipPackageManager.cs Agents\Language\Python\Services\PythonAnalyzer.cs Agents\Language\Python\Services\PythonRefactorEngine.cs Agents\Language\Python\Services\VirtualEnvironmentManager.cs Agents\TaskAgents\Refactor\RefactorAgent.cs Agents\Utility\Knowledge\KnowledgeAgent.cs Command1.cs Configuration\A3sistConfiguration.cs Configuration\A3sistOptions.cs Configuration\LoggingConfigurationProvider.cs Configuration\Providers\EnvironmentConfigurationProvider.cs Configuration\Providers\FileConfigurationProvider.cs Configuration\Providers\RegistryConfigurationProvider.cs Extensions\ErrorReportingExtensions.cs Extensions\LoggingServiceExtensions.cs Extensions\PerformanceMonitoringExtensions.cs Extensions\ServiceCollectionExtensions.cs LLM\CachedLLMClient.cs LLM\CodestralLLMClient.cs LLM\EnhancedMCPClient.cs LLM\ILLMClient.cs LLM\LLMCacheService.cs LLM\LLMResponse.cs LLM\LLMRetryPolicy.cs LLM\LLMServiceCollectionExtensions.cs LLM\MCPLLMClient.cs LLM\MCPOrchestrator.cs LLM\Program.cs Logging\LoggingScope.cs Logging\StructuredLogging.cs Orchastrator.cs Services\AgentDiscoveryService.cs Services\AgentFactory.cs Services\AgentManager.cs Services\AgentStatusService.cs Services\CacheService.cs Services\CodeAnalysisService.cs Services\ConfigurationService.cs Services\ContextRouter.cs Services\ContextSerializer.cs Services\ContextValidator.cs Services\EnhancedErrorHandlingService.cs Services\EnhancedPerformanceMonitoringService.cs Services\EnhancedRequestRouter.cs Services\ErrorReportingService.cs Services\IntentClassifier.cs Services\LoggingService.cs Services\PerformanceMonitoringService.cs Services\RAGService.cs Services\RefactoringService.cs Services\RoutingMiddleware.cs Services\RoutingRuleService.cs Services\ServiceLocator.cs Services\SettingsPersistenceService.cs Services\TaskQueueProcessor.cs Services\TaskQueueService.cs Services\ValidationService.cs Services\WebSocketService.cs Services\WorkflowService.cs Services\WorkflowSteps\BaseWorkflowStep.cs Services\WorkflowSteps\PreprocessingWorkflowStep.cs Services\WorkflowSteps\ValidationWorkflowStep.cs Startup.cs obj\Debug\net472\A3sist.Core.GlobalUsings.g.cs "obj\Debug\net472\.NETFramework,Version=v4.7.2.AssemblyAttributes.cs" obj\Debug\net472\A3sist.Core.AssemblyInfo.cs
     6>E:\Repo\A3sist\A3sist.Core\LLM\LLMRetryPolicy.cs(10,112): warning CS8625: Cannot convert null literal to non-nullable reference type. [E:\Repo\A3sist\A3sist.Core\A3sist.Core.csproj]
     6>E:\Repo\A3sist\A3sist.Core\Agents\Language\Python\Services\PipPackageManager.cs(20,60): warning CS8625: Cannot convert null literal to non-nullable reference type. [E:\Repo\A3sist\A3sist.Core\A3sist.Core.csproj]
     6>E:\Repo\A3sist\A3sist.Core\Agents\Language\Python\Services\PipPackageManager.cs(51,115): warning CS8625: Cannot convert null literal to non-nullable reference type. [E:\Repo\A3sist\A3sist.Core\A3sist.Core.csproj]
     6>E:\Repo\A3sist\A3sist.Core\Agents\Language\Python\Services\PipPackageManager.cs(93,93): warning CS8625: Cannot convert null literal to non-nullable reference type. [E:\Repo\A3sist\A3sist.Core\A3sist.Core.csproj]
     6>E:\Repo\A3sist\A3sist.Core\Agents\Language\Python\Services\VirtualEnvironmentManager.cs(19,68): warning CS8625: Cannot convert null literal to non-nullable reference type. [E:\Repo\A3sist\A3sist.Core\A3sist.Core.csproj]
     6>E:\Repo\A3sist\A3sist.Core\Agents\Language\Python\Services\VirtualEnvironmentManager.cs(50,111): warning CS8625: Cannot convert null literal to non-nullable reference type. [E:\Repo\A3sist\A3sist.Core\A3sist.Core.csproj]
     6>E:\Repo\A3sist\A3sist.Core\Services\ConfigurationService.cs(32,95): warning CS8625: Cannot convert null literal to non-nullable reference type. [E:\Repo\A3sist\A3sist.Core\A3sist.Core.csproj]
     6>E:\Repo\A3sist\A3sist.Core\Services\ConfigurationService.cs(51,72): warning CS8601: Possible null reference assignment. [E:\Repo\A3sist\A3sist.Core\A3sist.Core.csproj]
     6>E:\Repo\A3sist\A3sist.Core\LLM\LLMResponse.cs(4,19): warning CS8618: Non-nullable property 'Completion' must contain a non-null value when exiting constructor. Consider adding the 'required' modifier or declaring the property as nullable. [E:\Repo\A3sist\A3sist.Core\A3sist.Core.csproj]
     6>E:\Repo\A3sist\A3sist.Core\LLM\LLMResponse.cs(7,19): warning CS8618: Non-nullable property 'Model' must contain a non-null value when exiting constructor. Consider adding the 'required' modifier or declaring the property as nullable. [E:\Repo\A3sist\A3sist.Core\A3sist.Core.csproj]
     6>E:\Repo\A3sist\A3sist.Core\LLM\LLMCacheService.cs(19,41): warning CS8600: Converting null literal or possible null value to non-nullable type. [E:\Repo\A3sist\A3sist.Core\A3sist.Core.csproj]
     6>E:\Repo\A3sist\A3sist.Core\LLM\LLMCacheService.cs(22,20): warning CS8603: Possible null reference return. [E:\Repo\A3sist\A3sist.Core\A3sist.Core.csproj]
     6>E:\Repo\A3sist\A3sist.Core\Agents\Core\Designer\Services\ScaffoldingGenerator.cs(21,65): warning CS1998: This async method lacks 'await' operators and will run synchronously. Consider using the 'await' operator to await non-blocking API calls, or 'await Task.Run(...)' to do CPU-bound work on a background thread. [E:\Repo\A3sist\A3sist.Core\A3sist.Core.csproj]
     6>E:\Repo\A3sist\A3sist.Core\Agents\Utility\Knowledge\KnowledgeAgent.cs(47,45): warning CS1998: This async method lacks 'await' operators and will run synchronously. Consider using the 'await' operator to await non-blocking API calls, or 'await Task.Run(...)' to do CPU-bound work on a background thread. [E:\Repo\A3sist\A3sist.Core\A3sist.Core.csproj]
     6>E:\Repo\A3sist\A3sist.Core\Agents\Core\Designer\Services\ScaffoldingGenerator.cs(74,31): warning CS8602: Dereference of a possibly null reference. [E:\Repo\A3sist\A3sist.Core\A3sist.Core.csproj]
     6>E:\Repo\A3sist\A3sist.Core\Agents\Core\Designer\Services\ScaffoldingGenerator.cs(69,44): warning CS1998: This async method lacks 'await' operators and will run synchronously. Consider using the 'await' operator to await non-blocking API calls, or 'await Task.Run(...)' to do CPU-bound work on a background thread. [E:\Repo\A3sist\A3sist.Core\A3sist.Core.csproj]
     6>E:\Repo\A3sist\A3sist.Core\Agents\Core\Dispatcher\Services\TaskQueue.cs(276,23): warning CS8618: Non-nullable property 'TaskName' must contain a non-null value when exiting constructor. Consider adding the 'required' modifier or declaring the property as nullable. [E:\Repo\A3sist\A3sist.Core\A3sist.Core.csproj]
     6>E:\Repo\A3sist\A3sist.Core\Agents\Core\Dispatcher\Services\TaskQueue.cs(277,23): warning CS8618: Non-nullable property 'AgentName' must contain a non-null value when exiting constructor. Consider adding the 'required' modifier or declaring the property as nullable. [E:\Repo\A3sist\A3sist.Core\A3sist.Core.csproj]
     6>E:\Repo\A3sist\A3sist.Core\Agents\Core\Dispatcher\Services\TaskQueue.cs(278,23): warning CS8618: Non-nullable property 'TaskType' must contain a non-null value when exiting constructor. Consider adding the 'required' modifier or declaring the property as nullable. [E:\Repo\A3sist\A3sist.Core\A3sist.Core.csproj]
     6>E:\Repo\A3sist\A3sist.Core\Agents\Core\Dispatcher\Services\TaskQueue.cs(265,23): warning CS8618: Non-nullable property 'TaskName' must contain a non-null value when exiting constructor. Consider adding the 'required' modifier or declaring the property as nullable. [E:\Repo\A3sist\A3sist.Core\A3sist.Core.csproj]
     6>E:\Repo\A3sist\A3sist.Core\Agents\Core\Dispatcher\Services\TaskQueue.cs(268,23): warning CS8618: Non-nullable property 'ErrorMessage' must contain a non-null value when exiting constructor. Consider adding the 'required' modifier or declaring the property as nullable. [E:\Repo\A3sist\A3sist.Core\A3sist.Core.csproj]
     6>E:\Repo\A3sist\A3sist.Core\Agents\Core\Dispatcher\Services\TaskQueue.cs(256,23): warning CS8618: Non-nullable property 'WorkflowName' must contain a non-null value when exiting constructor. Consider adding the 'required' modifier or declaring the property as nullable. [E:\Repo\A3sist\A3sist.Core\A3sist.Core.csproj]
     6>E:\Repo\A3sist\A3sist.Core\Agents\Core\Designer\Services\ScaffoldingGenerator.cs(197,27): warning CS1998: This async method lacks 'await' operators and will run synchronously. Consider using the 'await' operator to await non-blocking API calls, or 'await Task.Run(...)' to do CPU-bound work on a background thread. [E:\Repo\A3sist\A3sist.Core\A3sist.Core.csproj]
     6>E:\Repo\A3sist\A3sist.Core\Agents\Core\Designer\Services\ScaffoldingGenerator.cs(13,53): warning CS8618: Non-nullable field '_templates' must contain a non-null value when exiting constructor. Consider adding the 'required' modifier or declaring the field as nullable. [E:\Repo\A3sist\A3sist.Core\A3sist.Core.csproj]
     6>E:\Repo\A3sist\A3sist.Core\Agents\Core\Dispatcher\Services\TaskQueue.cs(19,16): warning CS8618: Non-nullable field '_workflowQueue' must contain a non-null value when exiting constructor. Consider adding the 'required' modifier or declaring the field as nullable. [E:\Repo\A3sist\A3sist.Core\A3sist.Core.csproj]
     6>E:\Repo\A3sist\A3sist.Core\Agents\Core\Dispatcher\Services\TaskQueue.cs(44,27): warning CS1998: This async method lacks 'await' operators and will run synchronously. Consider using the 'await' operator to await non-blocking API calls, or 'await Task.Run(...)' to do CPU-bound work on a background thread. [E:\Repo\A3sist\A3sist.Core\A3sist.Core.csproj]
     6>E:\Repo\A3sist\A3sist.Core\LLM\Program.cs(30,26): error CS0311: The type 'A3sist.Core.LLM.CodestralLLMClient' cannot be used as type parameter 'TImplementation' in the generic type or method 'HttpClientFactoryServiceCollectionExtensions.AddHttpClient<TClient, TImplementation>(IServiceCollection)'. There is no implicit reference conversion from 'A3sist.Core.LLM.CodestralLLMClient' to 'A3sist.Orchastrator.LLM.ILLMClient'. [E:\Repo\A3sist\A3sist.Core\A3sist.Core.csproj]
     6>E:\Repo\A3sist\A3sist.Core\LLM\Program.cs(40,48): error CS1061: 'ILLMClient' does not contain a definition for 'CompleteAsync' and no accessible extension method 'CompleteAsync' accepting a first argument of type 'ILLMClient' could be found (are you missing a using directive or an assembly reference?) [E:\Repo\A3sist\A3sist.Core\A3sist.Core.csproj]
     6>E:\Repo\A3sist\A3sist.Core\LLM\LLMServiceCollectionExtensions.cs(14,26): error CS0311: The type 'A3sist.Core.LLM.CodestralLLMClient' cannot be used as type parameter 'TImplementation' in the generic type or method 'ServiceCollectionServiceExtensions.AddSingleton<TService, TImplementation>(IServiceCollection)'. There is no implicit reference conversion from 'A3sist.Core.LLM.CodestralLLMClient' to 'A3sist.Orchastrator.LLM.ILLMClient'. [E:\Repo\A3sist\A3sist.Core\A3sist.Core.csproj]
     6>E:\Repo\A3sist\A3sist.Core\Services\RoutingMiddleware.cs(78,39): warning CS8600: Converting null literal or possible null value to non-nullable type. [E:\Repo\A3sist\A3sist.Core\A3sist.Core.csproj]
     6>E:\Repo\A3sist\A3sist.Core\LLM\CachedLLMClient.cs(40,74): warning CS8604: Possible null reference argument for parameter 'lLMOptions' in 'Task<bool> ILLMClient.GetCompletionAsync(object prompt, object lLMOptions)'. [E:\Repo\A3sist\A3sist.Core\A3sist.Core.csproj]
     6>E:\Repo\A3sist\A3sist.Core\LLM\CachedLLMClient.cs(54,48): warning CS8600: Converting null literal or possible null value to non-nullable type. [E:\Repo\A3sist\A3sist.Core\A3sist.Core.csproj]
     6>E:\Repo\A3sist\A3sist.Core\LLM\CachedLLMClient.cs(57,24): warning CS8603: Possible null reference return. [E:\Repo\A3sist\A3sist.Core\A3sist.Core.csproj]
     6>E:\Repo\A3sist\A3sist.Core\Agents\Core\Designer\Services\DesignPlanner.cs(21,49): warning CS1998: This async method lacks 'await' operators and will run synchronously. Consider using the 'await' operator to await non-blocking API calls, or 'await Task.Run(...)' to do CPU-bound work on a background thread. [E:\Repo\A3sist\A3sist.Core\A3sist.Core.csproj]
     6>E:\Repo\A3sist\A3sist.Core\Agents\Core\Designer\Services\DesignPlanner.cs(90,31): warning CS8602: Dereference of a possibly null reference. [E:\Repo\A3sist\A3sist.Core\A3sist.Core.csproj]
     6>E:\Repo\A3sist\A3sist.Core\Agents\Core\Designer\Services\DesignPlanner.cs(85,45): warning CS1998: This async method lacks 'await' operators and will run synchronously. Consider using the 'await' operator to await non-blocking API calls, or 'await Task.Run(...)' to do CPU-bound work on a background thread. [E:\Repo\A3sist\A3sist.Core\A3sist.Core.csproj]
     6>E:\Repo\A3sist\A3sist.Core\Agents\Core\Designer\Services\ArchitectureAnalyzer.cs(59,35): warning CS8602: Dereference of a possibly null reference. [E:\Repo\A3sist\A3sist.Core\A3sist.Core.csproj]
     6>E:\Repo\A3sist\A3sist.Core\Agents\Language\Javascript\Services\NpmPackageManager.cs(117,35): warning CS1998: This async method lacks 'await' operators and will run synchronously. Consider using the 'await' operator to await non-blocking API calls, or 'await Task.Run(...)' to do CPU-bound work on a background thread. [E:\Repo\A3sist\A3sist.Core\A3sist.Core.csproj]
     6>E:\Repo\A3sist\A3sist.Core\Agents\Core\Dispatcher\Models\WorkflowRequest.cs(10,23): warning CS8618: Non-nullable property 'WorkflowName' must contain a non-null value when exiting constructor. Consider adding the 'required' modifier or declaring the property as nullable. [E:\Repo\A3sist\A3sist.Core\A3sist.Core.csproj]
     6>E:\Repo\A3sist\A3sist.Core\Agents\Core\Dispatcher\Models\WorkflowRequest.cs(11,23): warning CS8618: Non-nullable property 'Description' must contain a non-null value when exiting constructor. Consider adding the 'required' modifier or declaring the property as nullable. [E:\Repo\A3sist\A3sist.Core\A3sist.Core.csproj]
     6>E:\Repo\A3sist\A3sist.Core\Agents\Core\Dispatcher\Models\WorkflowRequest.cs(15,23): warning CS8618: Non-nullable property 'Requester' must contain a non-null value when exiting constructor. Consider adding the 'required' modifier or declaring the property as nullable. [E:\Repo\A3sist\A3sist.Core\A3sist.Core.csproj]
     6>E:\Repo\A3sist\A3sist.Core\Agents\Core\Dispatcher\Models\TaskDefinition.cs(5,23): warning CS8618: Non-nullable property 'TaskName' must contain a non-null value when exiting constructor. Consider adding the 'required' modifier or declaring the property as nullable. [E:\Repo\A3sist\A3sist.Core\A3sist.Core.csproj]
     6>E:\Repo\A3sist\A3sist.Core\Agents\Core\Dispatcher\Models\TaskDefinition.cs(6,23): warning CS8618: Non-nullable property 'Description' must contain a non-null value when exiting constructor. Consider adding the 'required' modifier or declaring the property as nullable. [E:\Repo\A3sist\A3sist.Core\A3sist.Core.csproj]
     6>E:\Repo\A3sist\A3sist.Core\Agents\Core\Dispatcher\Models\TaskDefinition.cs(7,23): warning CS8618: Non-nullable property 'AgentName' must contain a non-null value when exiting constructor. Consider adding the 'required' modifier or declaring the property as nullable. [E:\Repo\A3sist\A3sist.Core\A3sist.Core.csproj]
     6>E:\Repo\A3sist\A3sist.Core\Agents\Core\Dispatcher\Models\TaskDefinition.cs(8,23): warning CS8618: Non-nullable property 'TaskType' must contain a non-null value when exiting constructor. Consider adding the 'required' modifier or declaring the property as nullable. [E:\Repo\A3sist\A3sist.Core\A3sist.Core.csproj]
     6>E:\Repo\A3sist\A3sist.Core\Agents\Core\IntentRouter\Services\IntentClassifier.cs(137,23): warning CS8618: Non-nullable property 'Intent' must contain a non-null value when exiting constructor. Consider adding the 'required' modifier or declaring the property as nullable. [E:\Repo\A3sist\A3sist.Core\A3sist.Core.csproj]
     6>E:\Repo\A3sist\A3sist.Core\Agents\Core\IntentRouter\Services\IntentClassifier.cs(139,23): warning CS8618: Non-nullable property 'Language' must contain a non-null value when exiting constructor. Consider adding the 'required' modifier or declaring the property as nullable. [E:\Repo\A3sist\A3sist.Core\A3sist.Core.csproj]
     6>E:\Repo\A3sist\A3sist.Core\Agents\Core\IntentRouter\Services\IntentClassifier.cs(130,23): warning CS8618: Non-nullable property 'PredictedIntent' must contain a non-null value when exiting constructor. Consider adding the 'required' modifier or declaring the property as nullable. [E:\Repo\A3sist\A3sist.Core\A3sist.Core.csproj]
     6>E:\Repo\A3sist\A3sist.Core\Agents\Core\IntentRouter\Services\IntentClassifier.cs(132,24): warning CS8618: Non-nullable property 'Score' must contain a non-null value when exiting constructor. Consider adding the 'required' modifier or declaring the property as nullable. [E:\Repo\A3sist\A3sist.Core\A3sist.Core.csproj]
     6>E:\Repo\A3sist\A3sist.Core\Agents\Core\IntentRouter\Services\IntentClassifier.cs(118,23): warning CS8618: Non-nullable property 'Text' must contain a non-null value when exiting constructor. Consider adding the 'required' modifier or declaring the property as nullable. [E:\Repo\A3sist\A3sist.Core\A3sist.Core.csproj]
     6>E:\Repo\A3sist\A3sist.Core\Agents\Core\IntentRouter\Services\IntentClassifier.cs(121,23): warning CS8618: Non-nullable property 'Intent' must contain a non-null value when exiting constructor. Consider adding the 'required' modifier or declaring the property as nullable. [E:\Repo\A3sist\A3sist.Core\A3sist.Core.csproj]
     6>E:\Repo\A3sist\A3sist.Core\Agents\Core\IntentRouter\Services\IntentClassifier.cs(124,23): warning CS8618: Non-nullable property 'Language' must contain a non-null value when exiting constructor. Consider adding the 'required' modifier or declaring the property as nullable. [E:\Repo\A3sist\A3sist.Core\A3sist.Core.csproj]
     6>E:\Repo\A3sist\A3sist.Core\Agents\Core\Designer\Services\PatternRecommender.cs(21,56): warning CS1998: This async method lacks 'await' operators and will run synchronously. Consider using the 'await' operator to await non-blocking API calls, or 'await Task.Run(...)' to do CPU-bound work on a background thread. [E:\Repo\A3sist\A3sist.Core\A3sist.Core.csproj]
     6>E:\Repo\A3sist\A3sist.Core\Agents\Core\Designer\Services\PatternRecommender.cs(106,17): warning CS8602: Dereference of a possibly null reference. [E:\Repo\A3sist\A3sist.Core\A3sist.Core.csproj]
     6>E:\Repo\A3sist\A3sist.Core\Agents\Core\Designer\Services\PatternRecommender.cs(100,56): warning CS1998: This async method lacks 'await' operators and will run synchronously. Consider using the 'await' operator to await non-blocking API calls, or 'await Task.Run(...)' to do CPU-bound work on a background thread. [E:\Repo\A3sist\A3sist.Core\A3sist.Core.csproj]
     6>E:\Repo\A3sist\A3sist.Core\Agents\Core\Dispatcher\Services\TaskQueue.cs(177,43): warning CS1998: This async method lacks 'await' operators and will run synchronously. Consider using the 'await' operator to await non-blocking API calls, or 'await Task.Run(...)' to do CPU-bound work on a background thread. [E:\Repo\A3sist\A3sist.Core\A3sist.Core.csproj]
     6>E:\Repo\A3sist\A3sist.Core\Agents\Core\Dispatcher\Services\TaskQueue.cs(187,27): warning CS1998: This async method lacks 'await' operators and will run synchronously. Consider using the 'await' operator to await non-blocking API calls, or 'await Task.Run(...)' to do CPU-bound work on a background thread. [E:\Repo\A3sist\A3sist.Core\A3sist.Core.csproj]
     6>E:\Repo\A3sist\A3sist.Core\Agents\Utility\Knowledge\KnowledgeAgent.cs(168,36): warning CS1998: This async method lacks 'await' operators and will run synchronously. Consider using the 'await' operator to await non-blocking API calls, or 'await Task.Run(...)' to do CPU-bound work on a background thread. [E:\Repo\A3sist\A3sist.Core\A3sist.Core.csproj]
     6>E:\Repo\A3sist\A3sist.Core\Configuration\Providers\RegistryConfigurationProvider.cs(75,32): warning CS8603: Possible null reference return. [E:\Repo\A3sist\A3sist.Core\A3sist.Core.csproj]
     6>E:\Repo\A3sist\A3sist.Core\Configuration\Providers\RegistryConfigurationProvider.cs(86,20): warning CS8603: Possible null reference return. [E:\Repo\A3sist\A3sist.Core\A3sist.Core.csproj]
     6>E:\Repo\A3sist\A3sist.Core\Configuration\Providers\RegistryConfigurationProvider.cs(91,20): warning CS8603: Possible null reference return. [E:\Repo\A3sist\A3sist.Core\A3sist.Core.csproj]
     6>E:\Repo\A3sist\A3sist.Core\Configuration\Providers\RegistryConfigurationProvider.cs(40,26): warning CS1998: This async method lacks 'await' operators and will run synchronously. Consider using the 'await' operator to await non-blocking API calls, or 'await Task.Run(...)' to do CPU-bound work on a background thread. [E:\Repo\A3sist\A3sist.Core\A3sist.Core.csproj]
     6>E:\Repo\A3sist\A3sist.Core\Configuration\Providers\RegistryConfigurationProvider.cs(136,36): warning CS8604: Possible null reference argument for parameter 'addValue' in 'object ConcurrentDictionary<string, object>.AddOrUpdate(string key, object addValue, Func<string, object, object> updateValueFactory)'. [E:\Repo\A3sist\A3sist.Core\A3sist.Core.csproj]
     6>E:\Repo\A3sist\A3sist.Core\Configuration\Providers\RegistryConfigurationProvider.cs(136,53): warning CS8603: Possible null reference return. [E:\Repo\A3sist\A3sist.Core\A3sist.Core.csproj]
     6>E:\Repo\A3sist\A3sist.Core\Configuration\Providers\RegistryConfigurationProvider.cs(144,41): warning CS8601: Possible null reference assignment. [E:\Repo\A3sist\A3sist.Core\A3sist.Core.csproj]
     6>E:\Repo\A3sist\A3sist.Core\Agents\Core\Designer\Services\DesignPlanner.cs(334,27): warning CS1998: This async method lacks 'await' operators and will run synchronously. Consider using the 'await' operator to await non-blocking API calls, or 'await Task.Run(...)' to do CPU-bound work on a background thread. [E:\Repo\A3sist\A3sist.Core\A3sist.Core.csproj]
     6>E:\Repo\A3sist\A3sist.Core\Agents\Core\Designer\Services\DesignPlanner.cs(13,37): warning CS8618: Non-nullable field '_designPatterns' must contain a non-null value when exiting constructor. Consider adding the 'required' modifier or declaring the field as nullable. [E:\Repo\A3sist\A3sist.Core\A3sist.Core.csproj]
     6>E:\Repo\A3sist\A3sist.Core\LLM\MCPOrchestrator.cs(55,46): error CS1579: foreach statement cannot operate on variables of type 'MCPServersOptions' because 'MCPServersOptions' does not contain a public instance or extension definition for 'GetEnumerator' [E:\Repo\A3sist\A3sist.Core\A3sist.Core.csproj]
     6>E:\Repo\A3sist\A3sist.Core\Agents\Language\CSharp\Services\XamlValidator.cs(22,16): warning CS8618: Non-nullable field '_schemaSet' must contain a non-null value when exiting constructor. Consider adding the 'required' modifier or declaring the field as nullable. [E:\Repo\A3sist\A3sist.Core\A3sist.Core.csproj]
     6>E:\Repo\A3sist\A3sist.Core\Agents\Core\IntentRouter\Services\IntentClassifier.cs(36,42): warning CS1998: This async method lacks 'await' operators and will run synchronously. Consider using the 'await' operator to await non-blocking API calls, or 'await Task.Run(...)' to do CPU-bound work on a background thread. [E:\Repo\A3sist\A3sist.Core\A3sist.Core.csproj]
     6>E:\Repo\A3sist\A3sist.Core\Agents\Core\IntentRouter\Services\IntentClassifier.cs(68,49): warning CS1998: This async method lacks 'await' operators and will run synchronously. Consider using the 'await' operator to await non-blocking API calls, or 'await Task.Run(...)' to do CPU-bound work on a background thread. [E:\Repo\A3sist\A3sist.Core\A3sist.Core.csproj]
     6>E:\Repo\A3sist\A3sist.Core\Agents\Core\IntentRouter\Services\IntentClassifier.cs(109,33): warning CS8625: Cannot convert null literal to non-nullable reference type. [E:\Repo\A3sist\A3sist.Core\A3sist.Core.csproj]
     6>E:\Repo\A3sist\A3sist.Core\Agents\Core\IntentRouter\Services\IntentClassifier.cs(110,22): warning CS8625: Cannot convert null literal to non-nullable reference type. [E:\Repo\A3sist\A3sist.Core\A3sist.Core.csproj]
     6>E:\Repo\A3sist\A3sist.Core\Agents\Core\IntentRouter\Services\IntentClassifier.cs(111,26): warning CS8625: Cannot convert null literal to non-nullable reference type. [E:\Repo\A3sist\A3sist.Core\A3sist.Core.csproj]
     6>E:\Repo\A3sist\A3sist.Core\Agents\Core\IntentRouter\Services\IntentClassifier.cs(106,27): warning CS1998: This async method lacks 'await' operators and will run synchronously. Consider using the 'await' operator to await non-blocking API calls, or 'await Task.Run(...)' to do CPU-bound work on a background thread. [E:\Repo\A3sist\A3sist.Core\A3sist.Core.csproj]
     6>E:\Repo\A3sist\A3sist.Core\Agents\Core\IntentRouter\Services\IntentClassifier.cs(14,27): warning CS8618: Non-nullable field '_mlContext' must contain a non-null value when exiting constructor. Consider adding the 'required' modifier or declaring the field as nullable. [E:\Repo\A3sist\A3sist.Core\A3sist.Core.csproj]
     6>E:\Repo\A3sist\A3sist.Core\Agents\Core\IntentRouter\Services\IntentClassifier.cs(15,64): warning CS8618: Non-nullable field '_predictionEngine' must contain a non-null value when exiting constructor. Consider adding the 'required' modifier or declaring the field as nullable. [E:\Repo\A3sist\A3sist.Core\A3sist.Core.csproj]
     6>E:\Repo\A3sist\A3sist.Core\Agents\Core\IntentRouter\Services\IntentClassifier.cs(16,30): warning CS8618: Non-nullable field '_model' must contain a non-null value when exiting constructor. Consider adding the 'required' modifier or declaring the field as nullable. [E:\Repo\A3sist\A3sist.Core\A3sist.Core.csproj]
     6>E:\Repo\A3sist\A3sist.Core\Agents\Core\IntentRouter\Services\FailureAnalyzer.cs(152,23): warning CS8618: Non-nullable property 'FailedAgent' must contain a non-null value when exiting constructor. Consider adding the 'required' modifier or declaring the property as nullable. [E:\Repo\A3sist\A3sist.Core\A3sist.Core.csproj]
     6>E:\Repo\A3sist\A3sist.Core\Agents\Core\IntentRouter\Services\FailureAnalyzer.cs(153,23): warning CS8618: Non-nullable property 'FailureDescription' must contain a non-null value when exiting constructor. Consider adding the 'required' modifier or declaring the property as nullable. [E:\Repo\A3sist\A3sist.Core\A3sist.Core.csproj]
     6>E:\Repo\A3sist\A3sist.Core\Agents\Core\IntentRouter\Services\FailureAnalyzer.cs(154,23): warning CS8618: Non-nullable property 'Reason' must contain a non-null value when exiting constructor. Consider adding the 'required' modifier or declaring the property as nullable. [E:\Repo\A3sist\A3sist.Core\A3sist.Core.csproj]
     6>E:\Repo\A3sist\A3sist.Core\Agents\Core\IntentRouter\Services\FailureAnalyzer.cs(155,23): warning CS8618: Non-nullable property 'Attempts' must contain a non-null value when exiting constructor. Consider adding the 'required' modifier or declaring the property as nullable. [E:\Repo\A3sist\A3sist.Core\A3sist.Core.csproj]
     6>E:\Repo\A3sist\A3sist.Core\Agents\Core\IntentRouter\Services\FailureAnalyzer.cs(156,23): warning CS8618: Non-nullable property 'Resolution' must contain a non-null value when exiting constructor. Consider adding the 'required' modifier or declaring the property as nullable. [E:\Repo\A3sist\A3sist.Core\A3sist.Core.csproj]
     6>E:\Repo\A3sist\A3sist.Core\Agents\Core\IntentRouter\Services\FailureAnalyzer.cs(140,23): warning CS8618: Non-nullable property 'TaskDescription' must contain a non-null value when exiting constructor. Consider adding the 'required' modifier or declaring the property as nullable. [E:\Repo\A3sist\A3sist.Core\A3sist.Core.csproj]
     6>E:\Repo\A3sist\A3sist.Core\Agents\Core\IntentRouter\Services\FailureAnalyzer.cs(141,23): warning CS8618: Non-nullable property 'FailureDescription' must contain a non-null value when exiting constructor. Consider adding the 'required' modifier or declaring the property as nullable. [E:\Repo\A3sist\A3sist.Core\A3sist.Core.csproj]
     6>E:\Repo\A3sist\A3sist.Core\Agents\Core\IntentRouter\Services\FailureAnalyzer.cs(142,23): warning CS8618: Non-nullable property 'Reason' must contain a non-null value when exiting constructor. Consider adding the 'required' modifier or declaring the property as nullable. [E:\Repo\A3sist\A3sist.Core\A3sist.Core.csproj]
     6>E:\Repo\A3sist\A3sist.Core\Agents\Core\IntentRouter\Services\FailureAnalyzer.cs(143,23): warning CS8618: Non-nullable property 'Attempts' must contain a non-null value when exiting constructor. Consider adding the 'required' modifier or declaring the property as nullable. [E:\Repo\A3sist\A3sist.Core\A3sist.Core.csproj]
     6>E:\Repo\A3sist\A3sist.Core\Agents\Core\IntentRouter\Services\FailureAnalyzer.cs(144,23): warning CS8618: Non-nullable property 'Resolution' must contain a non-null value when exiting constructor. Consider adding the 'required' modifier or declaring the property as nullable. [E:\Repo\A3sist\A3sist.Core\A3sist.Core.csproj]
     6>E:\Repo\A3sist\A3sist.Core\Agents\Core\IntentRouter\Services\FailureAnalyzer.cs(145,23): warning CS8618: Non-nullable property 'FailedAgent' must contain a non-null value when exiting constructor. Consider adding the 'required' modifier or declaring the property as nullable. [E:\Repo\A3sist\A3sist.Core\A3sist.Core.csproj]
     6>E:\Repo\A3sist\A3sist.Core\Agents\Core\IntentRouter\Services\FailureAnalyzer.cs(21,27): warning CS1998: This async method lacks 'await' operators and will run synchronously. Consider using the 'await' operator to await non-blocking API calls, or 'await Task.Run(...)' to do CPU-bound work on a background thread. [E:\Repo\A3sist\A3sist.Core\A3sist.Core.csproj]
     6>E:\Repo\A3sist\A3sist.Core\Agents\Core\IntentRouter\Services\FailureAnalyzer.cs(78,44): warning CS1998: This async method lacks 'await' operators and will run synchronously. Consider using the 'await' operator to await non-blocking API calls, or 'await Task.Run(...)' to do CPU-bound work on a background thread. [E:\Repo\A3sist\A3sist.Core\A3sist.Core.csproj]
     6>E:\Repo\A3sist\A3sist.Core\Agents\Core\IntentRouter\Services\FailureAnalyzer.cs(105,27): warning CS1998: This async method lacks 'await' operators and will run synchronously. Consider using the 'await' operator to await non-blocking API calls, or 'await Task.Run(...)' to do CPU-bound work on a background thread. [E:\Repo\A3sist\A3sist.Core\A3sist.Core.csproj]
     6>E:\Repo\A3sist\A3sist.Core\Extensions\ServiceCollectionExtensions.cs(35,18): error CS0121: The call is ambiguous between the following methods or properties: 'LoggingServiceExtensions.AddA3sistLogging(IServiceCollection, IConfiguration)' and 'ServiceCollectionExtensions.AddA3sistLogging(IServiceCollection, IConfiguration)' [E:\Repo\A3sist\A3sist.Core\A3sist.Core.csproj]
     6>E:\Repo\A3sist\A3sist.Core\Extensions\ServiceCollectionExtensions.cs(141,31): error CS0104: 'IValidationService' is an ambiguous reference between 'A3sist.Core.Services.IValidationService' and 'A3sist.Shared.Interfaces.IValidationService' [E:\Repo\A3sist\A3sist.Core\A3sist.Core.csproj]
     6>E:\Repo\A3sist\A3sist.Core\Extensions\ServiceCollectionExtensions.cs(141,18): error CS0311: The type 'A3sist.Core.Services.ValidationService' cannot be used as type parameter 'TImplementation' in the generic type or method 'ServiceCollectionServiceExtensions.AddSingleton<TService, TImplementation>(IServiceCollection)'. There is no implicit reference conversion from 'A3sist.Core.Services.ValidationService' to 'A3sist.Core.Services.IValidationService'. [E:\Repo\A3sist\A3sist.Core\A3sist.Core.csproj]
     6>E:\Repo\A3sist\A3sist.Core\Agents\Core\Designer\Services\PatternRecommender.cs(367,27): warning CS1998: This async method lacks 'await' operators and will run synchronously. Consider using the 'await' operator to await non-blocking API calls, or 'await Task.Run(...)' to do CPU-bound work on a background thread. [E:\Repo\A3sist\A3sist.Core\A3sist.Core.csproj]
     6>E:\Repo\A3sist\A3sist.Core\Agents\Core\Designer\Services\PatternRecommender.cs(13,44): warning CS8618: Non-nullable field '_patterns' must contain a non-null value when exiting constructor. Consider adding the 'required' modifier or declaring the field as nullable. [E:\Repo\A3sist\A3sist.Core\A3sist.Core.csproj]
     6>E:\Repo\A3sist\A3sist.Core\LLM\CodestralLLMClient.cs(49,48): warning CS1998: This async method lacks 'await' operators and will run synchronously. Consider using the 'await' operator to await non-blocking API calls, or 'await Task.Run(...)' to do CPU-bound work on a background thread. [E:\Repo\A3sist\A3sist.Core\A3sist.Core.csproj]
     6>E:\Repo\A3sist\A3sist.Core\Agents\TaskAgents\Refactor\RefactorAgent.cs(40,45): warning CS1998: This async method lacks 'await' operators and will run synchronously. Consider using the 'await' operator to await non-blocking API calls, or 'await Task.Run(...)' to do CPU-bound work on a background thread. [E:\Repo\A3sist\A3sist.Core\A3sist.Core.csproj]
     6>E:\Repo\A3sist\A3sist.Core\Configuration\Providers\FileConfigurationProvider.cs(33,12): warning CS8618: Non-nullable field '_fileWatcher' must contain a non-null value when exiting constructor. Consider adding the 'required' modifier or declaring the field as nullable. [E:\Repo\A3sist\A3sist.Core\A3sist.Core.csproj]
     6>E:\Repo\A3sist\A3sist.Core\Configuration\Providers\FileConfigurationProvider.cs(68,28): warning CS8603: Possible null reference return. [E:\Repo\A3sist\A3sist.Core\A3sist.Core.csproj]
     6>E:\Repo\A3sist\A3sist.Core\Configuration\Providers\FileConfigurationProvider.cs(80,20): warning CS8603: Possible null reference return. [E:\Repo\A3sist\A3sist.Core\A3sist.Core.csproj]
     6>E:\Repo\A3sist\A3sist.Core\Configuration\Providers\FileConfigurationProvider.cs(85,20): warning CS8603: Possible null reference return. [E:\Repo\A3sist\A3sist.Core\A3sist.Core.csproj]
     6>E:\Repo\A3sist\A3sist.Core\Configuration\Providers\FileConfigurationProvider.cs(57,26): warning CS1998: This async method lacks 'await' operators and will run synchronously. Consider using the 'await' operator to await non-blocking API calls, or 'await Task.Run(...)' to do CPU-bound work on a background thread. [E:\Repo\A3sist\A3sist.Core\A3sist.Core.csproj]
     6>E:\Repo\A3sist\A3sist.Core\Extensions\LoggingServiceExtensions.cs(36,58): error CS0104: 'LoggingConfiguration' is an ambiguous reference between 'A3sist.Core.Configuration.LoggingConfiguration' and 'A3sist.Shared.Models.LoggingConfiguration' [E:\Repo\A3sist\A3sist.Core\A3sist.Core.csproj]
     6>E:\Repo\A3sist\A3sist.Core\Configuration\Providers\FileConfigurationProvider.cs(97,36): warning CS8604: Possible null reference argument for parameter 'addValue' in 'object ConcurrentDictionary<string, object>.AddOrUpdate(string key, object addValue, Func<string, object, object> updateValueFactory)'. [E:\Repo\A3sist\A3sist.Core\A3sist.Core.csproj]
     6>E:\Repo\A3sist\A3sist.Core\Configuration\Providers\FileConfigurationProvider.cs(97,53): warning CS8603: Possible null reference return. [E:\Repo\A3sist\A3sist.Core\A3sist.Core.csproj]
     6>E:\Repo\A3sist\A3sist.Core\Configuration\Providers\FileConfigurationProvider.cs(108,41): warning CS8601: Possible null reference assignment. [E:\Repo\A3sist\A3sist.Core\A3sist.Core.csproj]
     6>E:\Repo\A3sist\A3sist.Core\LLM\MCPOrchestrator.cs(141,45): warning CS1998: This async method lacks 'await' operators and will run synchronously. Consider using the 'await' operator to await non-blocking API calls, or 'await Task.Run(...)' to do CPU-bound work on a background thread. [E:\Repo\A3sist\A3sist.Core\A3sist.Core.csproj]
     6>E:\Repo\A3sist\A3sist.Core\Agents\Core\Designer\Services\ArchitectureAnalyzer.cs(419,30): warning CS8625: Cannot convert null literal to non-nullable reference type. [E:\Repo\A3sist\A3sist.Core\A3sist.Core.csproj]
     6>E:\Repo\A3sist\A3sist.Core\Agents\Core\Designer\Services\ArchitectureAnalyzer.cs(414,27): warning CS1998: This async method lacks 'await' operators and will run synchronously. Consider using the 'await' operator to await non-blocking API calls, or 'await Task.Run(...)' to do CPU-bound work on a background thread. [E:\Repo\A3sist\A3sist.Core\A3sist.Core.csproj]
     6>E:\Repo\A3sist\A3sist.Core\Agents\Core\IntentRouter\Services\FailureAnalyzer.cs(131,27): warning CS1998: This async method lacks 'await' operators and will run synchronously. Consider using the 'await' operator to await non-blocking API calls, or 'await Task.Run(...)' to do CPU-bound work on a background thread. [E:\Repo\A3sist\A3sist.Core\A3sist.Core.csproj]
     6>E:\Repo\A3sist\A3sist.Core\Agents\Core\IntentRouter\Services\AgentRegistry.cs(15,27): warning CS1998: This async method lacks 'await' operators and will run synchronously. Consider using the 'await' operator to await non-blocking API calls, or 'await Task.Run(...)' to do CPU-bound work on a background thread. [E:\Repo\A3sist\A3sist.Core\A3sist.Core.csproj]
     6>E:\Repo\A3sist\A3sist.Core\Agents\Core\IntentRouter\Services\AgentRegistry.cs(66,27): warning CS1998: This async method lacks 'await' operators and will run synchronously. Consider using the 'await' operator to await non-blocking API calls, or 'await Task.Run(...)' to do CPU-bound work on a background thread. [E:\Repo\A3sist\A3sist.Core\A3sist.Core.csproj]
     6>E:\Repo\A3sist\A3sist.Core\Agents\Core\IntentRouter\Services\AgentInfo.cs(5,23): warning CS8618: Non-nullable property 'Name' must contain a non-null value when exiting constructor. Consider adding the 'required' modifier or declaring the property as nullable. [E:\Repo\A3sist\A3sist.Core\A3sist.Core.csproj]
     6>E:\Repo\A3sist\A3sist.Core\Agents\Core\IntentRouter\Services\AgentInfo.cs(6,23): warning CS8618: Non-nullable property 'Type' must contain a non-null value when exiting constructor. Consider adding the 'required' modifier or declaring the property as nullable. [E:\Repo\A3sist\A3sist.Core\A3sist.Core.csproj]
     6>E:\Repo\A3sist\A3sist.Core\Agents\Core\IntentRouter\Services\AgentInfo.cs(7,29): warning CS8618: Non-nullable property 'SupportedLanguages' must contain a non-null value when exiting constructor. Consider adding the 'required' modifier or declaring the property as nullable. [E:\Repo\A3sist\A3sist.Core\A3sist.Core.csproj]
     6>E:\Repo\A3sist\A3sist.Core\Agents\Core\IntentRouter\Services\AgentInfo.cs(8,38): warning CS8618: Non-nullable property 'Capabilities' must contain a non-null value when exiting constructor. Consider adding the 'required' modifier or declaring the property as nullable. [E:\Repo\A3sist\A3sist.Core\A3sist.Core.csproj]
     6>E:\Repo\A3sist\A3sist.Core\Agents\Core\IntentRouter\Services\AgentConfig.cs(5,23): warning CS8618: Non-nullable property 'AgentName' must contain a non-null value when exiting constructor. Consider adding the 'required' modifier or declaring the property as nullable. [E:\Repo\A3sist\A3sist.Core\A3sist.Core.csproj]
     6>E:\Repo\A3sist\A3sist.Core\Agents\Core\IntentRouter\Services\AgentConfig.cs(6,23): warning CS8618: Non-nullable property 'AgentType' must contain a non-null value when exiting constructor. Consider adding the 'required' modifier or declaring the property as nullable. [E:\Repo\A3sist\A3sist.Core\A3sist.Core.csproj]
     6>E:\Repo\A3sist\A3sist.Core\Agents\Core\IntentRouter\Services\AgentConfig.cs(7,44): warning CS8618: Non-nullable property 'Capabilities' must contain a non-null value when exiting constructor. Consider adding the 'required' modifier or declaring the property as nullable. [E:\Repo\A3sist\A3sist.Core\A3sist.Core.csproj]
     6>E:\Repo\A3sist\A3sist.Core\Agents\Core\IntentRouter\Services\AgentConfig.cs(8,23): warning CS8618: Non-nullable property 'EntryPoint' must contain a non-null value when exiting constructor. Consider adding the 'required' modifier or declaring the property as nullable. [E:\Repo\A3sist\A3sist.Core\A3sist.Core.csproj]
     6>E:\Repo\A3sist\A3sist.Core\Agents\Core\IntentRouter\Services\AgentCapabilityConfig.cs(5,23): warning CS8618: Non-nullable property 'Name' must contain a non-null value when exiting constructor. Consider adding the 'required' modifier or declaring the property as nullable. [E:\Repo\A3sist\A3sist.Core\A3sist.Core.csproj]
     6>E:\Repo\A3sist\A3sist.Core\Agents\Core\IntentRouter\Services\AgentCapabilityConfig.cs(6,23): warning CS8618: Non-nullable property 'Description' must contain a non-null value when exiting constructor. Consider adding the 'required' modifier or declaring the property as nullable. [E:\Repo\A3sist\A3sist.Core\A3sist.Core.csproj]
     6>E:\Repo\A3sist\A3sist.Core\Agents\Core\IntentRouter\Services\AgentCapabilityConfig.cs(7,25): warning CS8618: Non-nullable property 'SupportedLanguages' must contain a non-null value when exiting constructor. Consider adding the 'required' modifier or declaring the property as nullable. [E:\Repo\A3sist\A3sist.Core\A3sist.Core.csproj]
     6>E:\Repo\A3sist\A3sist.Core\Agents\Core\IntentRouter\Services\AgentCapabilityConfig.cs(8,25): warning CS8618: Non-nullable property 'RequiredContextTypes' must contain a non-null value when exiting constructor. Consider adding the 'required' modifier or declaring the property as nullable. [E:\Repo\A3sist\A3sist.Core\A3sist.Core.csproj]
     6>E:\Repo\A3sist\A3sist.Core\Agents\Core\IntentRouter\Services\AgentCapability.cs(5,23): warning CS8618: Non-nullable property 'Name' must contain a non-null value when exiting constructor. Consider adding the 'required' modifier or declaring the property as nullable. [E:\Repo\A3sist\A3sist.Core\A3sist.Core.csproj]
     6>E:\Repo\A3sist\A3sist.Core\Agents\Core\IntentRouter\Services\AgentCapability.cs(6,23): warning CS8618: Non-nullable property 'Description' must contain a non-null value when exiting constructor. Consider adding the 'required' modifier or declaring the property as nullable. [E:\Repo\A3sist\A3sist.Core\A3sist.Core.csproj]
     6>E:\Repo\A3sist\A3sist.Core\Agents\Core\IntentRouter\Services\AgentCapability.cs(7,25): warning CS8618: Non-nullable property 'SupportedLanguages' must contain a non-null value when exiting constructor. Consider adding the 'required' modifier or declaring the property as nullable. [E:\Repo\A3sist\A3sist.Core\A3sist.Core.csproj]
     6>E:\Repo\A3sist\A3sist.Core\Agents\Core\IntentRouter\Services\AgentCapability.cs(8,25): warning CS8618: Non-nullable property 'RequiredContextTypes' must contain a non-null value when exiting constructor. Consider adding the 'required' modifier or declaring the property as nullable. [E:\Repo\A3sist\A3sist.Core\A3sist.Core.csproj]
     6>E:\Repo\A3sist\A3sist.Core\Agents\Core\IntentRouter\IntentRouter.cs(155,23): warning CS8618: Non-nullable property 'TargetAgent' must contain a non-null value when exiting constructor. Consider adding the 'required' modifier or declaring the property as nullable. [E:\Repo\A3sist\A3sist.Core\A3sist.Core.csproj]
     6>E:\Repo\A3sist\A3sist.Core\Agents\Core\IntentRouter\IntentRouter.cs(156,23): warning CS8618: Non-nullable property 'Intent' must contain a non-null value when exiting constructor. Consider adding the 'required' modifier or declaring the property as nullable. [E:\Repo\A3sist\A3sist.Core\A3sist.Core.csproj]
     6>E:\Repo\A3sist\A3sist.Core\Agents\Core\IntentRouter\IntentRouter.cs(158,23): warning CS8618: Non-nullable property 'FollowUp' must contain a non-null value when exiting constructor. Consider adding the 'required' modifier or declaring the property as nullable. [E:\Repo\A3sist\A3sist.Core\A3sist.Core.csproj]
     6>E:\Repo\A3sist\A3sist.Core\Agents\Core\Designer\Models\ScaffoldingPlan.cs(5,23): warning CS8618: Non-nullable property 'ProjectName' must contain a non-null value when exiting constructor. Consider adding the 'required' modifier or declaring the property as nullable. [E:\Repo\A3sist\A3sist.Core\A3sist.Core.csproj]
     6>E:\Repo\A3sist\A3sist.Core\Agents\Core\Designer\Models\ScaffoldingPlan.cs(6,23): warning CS8618: Non-nullable property 'Language' must contain a non-null value when exiting constructor. Consider adding the 'required' modifier or declaring the property as nullable. [E:\Repo\A3sist\A3sist.Core\A3sist.Core.csproj]
     6>E:\Repo\A3sist\A3sist.Core\Agents\Core\Designer\Models\ScaffoldingPlan.cs(7,23): warning CS8618: Non-nullable property 'Framework' must contain a non-null value when exiting constructor. Consider adding the 'required' modifier or declaring the property as nullable. [E:\Repo\A3sist\A3sist.Core\A3sist.Core.csproj]
     6>E:\Repo\A3sist\A3sist.Core\Agents\Core\Designer\Models\Relationship.cs(5,23): warning CS8618: Non-nullable property 'Source' must contain a non-null value when exiting constructor. Consider adding the 'required' modifier or declaring the property as nullable. [E:\Repo\A3sist\A3sist.Core\A3sist.Core.csproj]
     6>E:\Repo\A3sist\A3sist.Core\Agents\Core\Designer\Models\Relationship.cs(6,23): warning CS8618: Non-nullable property 'Target' must contain a non-null value when exiting constructor. Consider adding the 'required' modifier or declaring the property as nullable. [E:\Repo\A3sist\A3sist.Core\A3sist.Core.csproj]
     6>E:\Repo\A3sist\A3sist.Core\Agents\Core\Designer\Models\Relationship.cs(7,23): warning CS8618: Non-nullable property 'Type' must contain a non-null value when exiting constructor. Consider adding the 'required' modifier or declaring the property as nullable. [E:\Repo\A3sist\A3sist.Core\A3sist.Core.csproj]
     6>E:\Repo\A3sist\A3sist.Core\Agents\Core\Designer\Models\ProjectTemplate.cs(6,19): warning CS8618: Non-nullable property 'Name' must contain a non-null value when exiting constructor. Consider adding the 'required' modifier or declaring the property as nullable. [E:\Repo\A3sist\A3sist.Core\A3sist.Core.csproj]
     6>E:\Repo\A3sist\A3sist.Core\Agents\Core\Designer\Models\ProjectTemplate.cs(7,19): warning CS8618: Non-nullable property 'Description' must contain a non-null value when exiting constructor. Consider adding the 'required' modifier or declaring the property as nullable. [E:\Repo\A3sist\A3sist.Core\A3sist.Core.csproj]
     6>E:\Repo\A3sist\A3sist.Core\Agents\Core\IntentRouter\IntentRouter.cs(70,33): warning CS1998: This async method lacks 'await' operators and will run synchronously. Consider using the 'await' operator to await non-blocking API calls, or 'await Task.Run(...)' to do CPU-bound work on a background thread. [E:\Repo\A3sist\A3sist.Core\A3sist.Core.csproj]
     6>E:\Repo\A3sist\A3sist.Core\Agents\Core\Designer\Models\PatternRecommendation.cs(6,23): warning CS8618: Non-nullable property 'PatternName' must contain a non-null value when exiting constructor. Consider adding the 'required' modifier or declaring the property as nullable. [E:\Repo\A3sist\A3sist.Core\A3sist.Core.csproj]
     6>E:\Repo\A3sist\A3sist.Core\Agents\Core\Designer\Models\PatternRecommendation.cs(7,23): warning CS8618: Non-nullable property 'Description' must contain a non-null value when exiting constructor. Consider adding the 'required' modifier or declaring the property as nullable. [E:\Repo\A3sist\A3sist.Core\A3sist.Core.csproj]
     6>E:\Repo\A3sist\A3sist.Core\Agents\Core\Designer\Models\PatternRecommendation.cs(9,23): warning CS8618: Non-nullable property 'WhenToUse' must contain a non-null value when exiting constructor. Consider adding the 'required' modifier or declaring the property as nullable. [E:\Repo\A3sist\A3sist.Core\A3sist.Core.csproj]
     6>E:\Repo\A3sist\A3sist.Core\Agents\Core\Designer\Models\PatternRecommendation.cs(13,23): warning CS8618: Non-nullable property 'Justification' must contain a non-null value when exiting constructor. Consider adding the 'required' modifier or declaring the property as nullable. [E:\Repo\A3sist\A3sist.Core\A3sist.Core.csproj]
     6>E:\Repo\A3sist\A3sist.Core\Agents\Core\Designer\Models\PatternRecommendation.cs(14,29): warning CS8618: Non-nullable property 'ComponentsToApplyTo' must contain a non-null value when exiting constructor. Consider adding the 'required' modifier or declaring the property as nullable. [E:\Repo\A3sist\A3sist.Core\A3sist.Core.csproj]
     6>E:\Repo\A3sist\A3sist.Core\Agents\Core\Designer\Models\PatternRecommendation.cs(15,23): warning CS8618: Non-nullable property 'Benefit' must contain a non-null value when exiting constructor. Consider adding the 'required' modifier or declaring the property as nullable. [E:\Repo\A3sist\A3sist.Core\A3sist.Core.csproj]
     6>E:\Repo\A3sist\A3sist.Core\Agents\Core\Designer\Models\DesignRequest.cs(19,23): warning CS8618: Non-nullable property 'ArchitectureStyle' must contain a non-null value when exiting constructor. Consider adding the 'required' modifier or declaring the property as nullable. [E:\Repo\A3sist\A3sist.Core\A3sist.Core.csproj]
     6>E:\Repo\A3sist\A3sist.Core\Agents\Core\Designer\Models\DesignRequest.cs(8,23): warning CS8618: Non-nullable property 'ProjectName' must contain a non-null value when exiting constructor. Consider adding the 'required' modifier or declaring the property as nullable. [E:\Repo\A3sist\A3sist.Core\A3sist.Core.csproj]
     6>E:\Repo\A3sist\A3sist.Core\Agents\Core\Designer\Models\DesignRequest.cs(9,23): warning CS8618: Non-nullable property 'Language' must contain a non-null value when exiting constructor. Consider adding the 'required' modifier or declaring the property as nullable. [E:\Repo\A3sist\A3sist.Core\A3sist.Core.csproj]
     6>E:\Repo\A3sist\A3sist.Core\Agents\Core\Designer\Models\DesignRequest.cs(10,23): warning CS8618: Non-nullable property 'Framework' must contain a non-null value when exiting constructor. Consider adding the 'required' modifier or declaring the property as nullable. [E:\Repo\A3sist\A3sist.Core\A3sist.Core.csproj]
     6>E:\Repo\A3sist\A3sist.Core\Agents\Core\Designer\Models\DesignRequest.cs(13,23): warning CS8618: Non-nullable property 'ExistingCodebasePath' must contain a non-null value when exiting constructor. Consider adding the 'required' modifier or declaring the property as nullable. [E:\Repo\A3sist\A3sist.Core\A3sist.Core.csproj]
     6>E:\Repo\A3sist\A3sist.Core\Agents\Core\Designer\Models\DesignPattern.cs(5,23): warning CS8618: Non-nullable property 'Name' must contain a non-null value when exiting constructor. Consider adding the 'required' modifier or declaring the property as nullable. [E:\Repo\A3sist\A3sist.Core\A3sist.Core.csproj]
     6>E:\Repo\A3sist\A3sist.Core\Agents\Core\Designer\Models\DesignPattern.cs(6,23): warning CS8618: Non-nullable property 'Description' must contain a non-null value when exiting constructor. Consider adding the 'required' modifier or declaring the property as nullable. [E:\Repo\A3sist\A3sist.Core\A3sist.Core.csproj]
     6>E:\Repo\A3sist\A3sist.Core\Agents\Core\Designer\Models\DesignPattern.cs(7,23): warning CS8618: Non-nullable property 'Benefit' must contain a non-null value when exiting constructor. Consider adding the 'required' modifier or declaring the property as nullable. [E:\Repo\A3sist\A3sist.Core\A3sist.Core.csproj]
     6>E:\Repo\A3sist\A3sist.Core\Agents\Core\Designer\Models\DesignPattern.cs(8,23): warning CS8618: Non-nullable property 'WhenToUse' must contain a non-null value when exiting constructor. Consider adding the 'required' modifier or declaring the property as nullable. [E:\Repo\A3sist\A3sist.Core\A3sist.Core.csproj]
     6>E:\Repo\A3sist\A3sist.Core\Agents\Core\Designer\Models\Dependency.cs(5,23): warning CS8618: Non-nullable property 'ProjectName' must contain a non-null value when exiting constructor. Consider adding the 'required' modifier or declaring the property as nullable. [E:\Repo\A3sist\A3sist.Core\A3sist.Core.csproj]
     6>E:\Repo\A3sist\A3sist.Core\Agents\Core\Designer\Models\Dependency.cs(6,23): warning CS8618: Non-nullable property 'SourceComponent' must contain a non-null value when exiting constructor. Consider adding the 'required' modifier or declaring the property as nullable. [E:\Repo\A3sist\A3sist.Core\A3sist.Core.csproj]
     6>E:\Repo\A3sist\A3sist.Core\Agents\Core\Designer\Models\Dependency.cs(7,23): warning CS8618: Non-nullable property 'TargetComponent' must contain a non-null value when exiting constructor. Consider adding the 'required' modifier or declaring the property as nullable. [E:\Repo\A3sist\A3sist.Core\A3sist.Core.csproj]
     6>E:\Repo\A3sist\A3sist.Core\Agents\Core\Designer\Models\Dependency.cs(8,23): warning CS8618: Non-nullable property 'Type' must contain a non-null value when exiting constructor. Consider adding the 'required' modifier or declaring the property as nullable. [E:\Repo\A3sist\A3sist.Core\A3sist.Core.csproj]
     6>E:\Repo\A3sist\A3sist.Core\Agents\Core\Designer\Models\Dependency.cs(9,23): warning CS8618: Non-nullable property 'Description' must contain a non-null value when exiting constructor. Consider adding the 'required' modifier or declaring the property as nullable. [E:\Repo\A3sist\A3sist.Core\A3sist.Core.csproj]
     6>E:\Repo\A3sist\A3sist.Core\Agents\Core\Designer\Models\Component.cs(5,23): warning CS8618: Non-nullable property 'Name' must contain a non-null value when exiting constructor. Consider adding the 'required' modifier or declaring the property as nullable. [E:\Repo\A3sist\A3sist.Core\A3sist.Core.csproj]
     6>E:\Repo\A3sist\A3sist.Core\Agents\Core\Designer\Models\Component.cs(6,23): warning CS8618: Non-nullable property 'Description' must contain a non-null value when exiting constructor. Consider adding the 'required' modifier or declaring the property as nullable. [E:\Repo\A3sist\A3sist.Core\A3sist.Core.csproj]
     6>E:\Repo\A3sist\A3sist.Core\Agents\Core\Designer\Models\Component.cs(7,23): warning CS8618: Non-nullable property 'Responsibility' must contain a non-null value when exiting constructor. Consider adding the 'required' modifier or declaring the property as nullable. [E:\Repo\A3sist\A3sist.Core\A3sist.Core.csproj]
     6>E:\Repo\A3sist\A3sist.Core\Agents\Core\Designer\Models\ArchitecturePlan.cs(5,23): warning CS8618: Non-nullable property 'ProjectName' must contain a non-null value when exiting constructor. Consider adding the 'required' modifier or declaring the property as nullable. [E:\Repo\A3sist\A3sist.Core\A3sist.Core.csproj]
     6>E:\Repo\A3sist\A3sist.Core\Agents\Core\Designer\Models\ArchitecturePlan.cs(6,23): warning CS8618: Non-nullable property 'ArchitectureStyle' must contain a non-null value when exiting constructor. Consider adding the 'required' modifier or declaring the property as nullable. [E:\Repo\A3sist\A3sist.Core\A3sist.Core.csproj]
     6>E:\Repo\A3sist\A3sist.Core\Agents\Core\Designer\Models\ArchitecturalPattern.cs(8,23): warning CS8618: Non-nullable property 'Name' must contain a non-null value when exiting constructor. Consider adding the 'required' modifier or declaring the property as nullable. [E:\Repo\A3sist\A3sist.Core\A3sist.Core.csproj]
     6>E:\Repo\A3sist\A3sist.Core\Agents\Core\Designer\Models\ArchitecturalPattern.cs(9,23): warning CS8618: Non-nullable property 'Description' must contain a non-null value when exiting constructor. Consider adding the 'required' modifier or declaring the property as nullable. [E:\Repo\A3sist\A3sist.Core\A3sist.Core.csproj]
     6>E:\Repo\A3sist\A3sist.Core\Agents\Core\Designer\Models\ArchitecturalPattern.cs(11,23): warning CS8618: Non-nullable property 'WhenToUse' must contain a non-null value when exiting constructor. Consider adding the 'required' modifier or declaring the property as nullable. [E:\Repo\A3sist\A3sist.Core\A3sist.Core.csproj]
     6>E:\Repo\A3sist\A3sist.Core\Agents\Language\CSharp\AgentCSharpHandler.cs(153,66): error CS1503: Argument 2: cannot convert from 'System.Collections.Generic.Dictionary<string, object>' to 'string?' [E:\Repo\A3sist\A3sist.Core\A3sist.Core.csproj]
     6>E:\Repo\A3sist\A3sist.Core\Extensions\LoggingServiceExtensions.cs(63,58): error CS0104: 'LoggingConfiguration' is an ambiguous reference between 'A3sist.Core.Configuration.LoggingConfiguration' and 'A3sist.Shared.Models.LoggingConfiguration' [E:\Repo\A3sist\A3sist.Core\A3sist.Core.csproj]
     6>E:\Repo\A3sist\A3sist.Core\Agents\Language\CSharp\AgentCSharpHandler.cs(180,66): error CS1503: Argument 2: cannot convert from 'System.Collections.Generic.Dictionary<string, object>' to 'string?' [E:\Repo\A3sist\A3sist.Core\A3sist.Core.csproj]
     6>E:\Repo\A3sist\A3sist.Core\Configuration\Providers\FileConfigurationProvider.cs(125,51): warning CS1998: This async method lacks 'await' operators and will run synchronously. Consider using the 'await' operator to await non-blocking API calls, or 'await Task.Run(...)' to do CPU-bound work on a background thread. [E:\Repo\A3sist\A3sist.Core\A3sist.Core.csproj]
     6>E:\Repo\A3sist\A3sist.Core\Configuration\Providers\FileConfigurationProvider.cs(164,23): warning CS1998: This async method lacks 'await' operators and will run synchronously. Consider using the 'await' operator to await non-blocking API calls, or 'await Task.Run(...)' to do CPU-bound work on a background thread. [E:\Repo\A3sist\A3sist.Core\A3sist.Core.csproj]
     6>E:\Repo\A3sist\A3sist.Core\Configuration\Providers\FileConfigurationProvider.cs(196,54): warning CS1998: This async method lacks 'await' operators and will run synchronously. Consider using the 'await' operator to await non-blocking API calls, or 'await Task.Run(...)' to do CPU-bound work on a background thread. [E:\Repo\A3sist\A3sist.Core\A3sist.Core.csproj]
     6>E:\Repo\A3sist\A3sist.Core\Agents\Language\CSharp\AgentCSharpHandler.cs(206,68): error CS1503: Argument 2: cannot convert from 'System.Collections.Generic.Dictionary<string, object>' to 'string?' [E:\Repo\A3sist\A3sist.Core\A3sist.Core.csproj]
     6>E:\Repo\A3sist\A3sist.Core\Services\ValidationService.cs(246,58): warning CS8604: Possible null reference argument for parameter 'language' in 'void ValidationService.ValidateLanguageSpecificContent(string content, string language, ValidationResult result)'. [E:\Repo\A3sist\A3sist.Core\A3sist.Core.csproj]
     6>E:\Repo\A3sist\A3sist.Core\Configuration\Providers\EnvironmentConfigurationProvider.cs(74,32): warning CS8603: Possible null reference return. [E:\Repo\A3sist\A3sist.Core\A3sist.Core.csproj]
     6>E:\Repo\A3sist\A3sist.Core\Configuration\Providers\EnvironmentConfigurationProvider.cs(85,20): warning CS8603: Possible null reference return. [E:\Repo\A3sist\A3sist.Core\A3sist.Core.csproj]
     6>E:\Repo\A3sist\A3sist.Core\Configuration\Providers\EnvironmentConfigurationProvider.cs(90,20): warning CS8603: Possible null reference return. [E:\Repo\A3sist\A3sist.Core\A3sist.Core.csproj]
     6>E:\Repo\A3sist\A3sist.Core\Configuration\Providers\EnvironmentConfigurationProvider.cs(34,26): warning CS1998: This async method lacks 'await' operators and will run synchronously. Consider using the 'await' operator to await non-blocking API calls, or 'await Task.Run(...)' to do CPU-bound work on a background thread. [E:\Repo\A3sist\A3sist.Core\A3sist.Core.csproj]
     6>E:\Repo\A3sist\A3sist.Core\Agents\TaskAgents\Refactor\RefactorAgent.cs(181,36): error CS1501: No overload for method 'CreateSuccess' takes 4 arguments [E:\Repo\A3sist\A3sist.Core\A3sist.Core.csproj]
     6>E:\Repo\A3sist\A3sist.Core\Agents\Language\CSharp\AgentCSharpHandler.cs(251,65): error CS1503: Argument 2: cannot convert from 'System.Collections.Generic.Dictionary<string, object>' to 'string?' [E:\Repo\A3sist\A3sist.Core\A3sist.Core.csproj]
     6>E:\Repo\A3sist\A3sist.Core\Agents\Language\CSharp\AgentCSharpHandler.cs(215,41): warning CS1998: This async method lacks 'await' operators and will run synchronously. Consider using the 'await' operator to await non-blocking API calls, or 'await Task.Run(...)' to do CPU-bound work on a background thread. [E:\Repo\A3sist\A3sist.Core\A3sist.Core.csproj]
     6>E:\Repo\A3sist\A3sist.Core\Agents\Language\CSharp\AgentCSharpHandler.cs(283,61): error CS1503: Argument 2: cannot convert from 'System.Collections.Generic.Dictionary<string, object>' to 'string?' [E:\Repo\A3sist\A3sist.Core\A3sist.Core.csproj]
     6>E:\Repo\A3sist\A3sist.Core\Agents\TaskAgents\Refactor\RefactorAgent.cs(245,36): error CS1501: No overload for method 'CreateSuccess' takes 4 arguments [E:\Repo\A3sist\A3sist.Core\A3sist.Core.csproj]
     6>E:\Repo\A3sist\A3sist.Core\Agents\TaskAgents\Refactor\RefactorAgent.cs(271,38): error CS0266: Cannot implicitly convert type 'bool?' to 'bool'. An explicit conversion exists (are you missing a cast?) [E:\Repo\A3sist\A3sist.Core\A3sist.Core.csproj]
     6>E:\Repo\A3sist\A3sist.Core\Agents\TaskAgents\Refactor\RefactorAgent.cs(296,36): error CS1501: No overload for method 'CreateSuccess' takes 4 arguments [E:\Repo\A3sist\A3sist.Core\A3sist.Core.csproj]
     6>E:\Repo\A3sist\A3sist.Core\Agents\TaskAgents\Refactor\RefactorAgent.cs(271,114): error CS0165: Use of unassigned local variable 'refactoredCodeObj' [E:\Repo\A3sist\A3sist.Core\A3sist.Core.csproj]
     6>E:\Repo\A3sist\A3sist.Core\Agents\TaskAgents\Refactor\RefactorAgent.cs(350,36): error CS1501: No overload for method 'CreateSuccess' takes 4 arguments [E:\Repo\A3sist\A3sist.Core\A3sist.Core.csproj]
     6>E:\Repo\A3sist\A3sist.Core\Agents\TaskAgents\Refactor\RefactorAgent.cs(428,36): error CS1501: No overload for method 'CreateSuccess' takes 4 arguments [E:\Repo\A3sist\A3sist.Core\A3sist.Core.csproj]
     6>E:\Repo\A3sist\A3sist.Core\Agents\Core\IntentRouter\IntentRouter.cs(123,28): warning CS8601: Possible null reference assignment. [E:\Repo\A3sist\A3sist.Core\A3sist.Core.csproj]
     6>E:\Repo\A3sist\A3sist.Core\LLM\MCPLLMClient.cs(113,27): warning CS8634: The type 'string?' cannot be used as type parameter 'T' in the generic type or method 'ICacheService.SetAsync<T>(string, T, TimeSpan?, CancellationToken)'. Nullability of type argument 'string?' doesn't match 'class' constraint. [E:\Repo\A3sist\A3sist.Core\A3sist.Core.csproj]
     6>E:\Repo\A3sist\A3sist.Core\LLM\MCPLLMClient.cs(119,28): warning CS8603: Possible null reference return. [E:\Repo\A3sist\A3sist.Core\A3sist.Core.csproj]
     6>E:\Repo\A3sist\A3sist.Core\Agents\Core\RAGEnhancedCSharpAgent.cs(112,61): error CS7036: There is no argument given that corresponds to the required parameter 'options' of 'ILLMClient.GetCompletionAsync(string, LLMOptions)' [E:\Repo\A3sist\A3sist.Core\A3sist.Core.csproj]
     6>E:\Repo\A3sist\A3sist.Core\Agents\Core\RAGEnhancedCSharpAgent.cs(127,21): error CS1503: Argument 2: cannot convert from 'System.Collections.Generic.Dictionary<string, object>' to 'string?' [E:\Repo\A3sist\A3sist.Core\A3sist.Core.csproj]
     6>E:\Repo\A3sist\A3sist.Core\Agents\Core\RAGEnhancedCSharpAgent.cs(75,61): warning CS8604: Possible null reference argument for parameter 'text' in 'SyntaxTree CSharpSyntaxTree.ParseText(string text, CSharpParseOptions? options = null, string path = "", Encoding? encoding = null, CancellationToken cancellationToken = default(CancellationToken))'. [E:\Repo\A3sist\A3sist.Core\A3sist.Core.csproj]
     6>E:\Repo\A3sist\A3sist.Core\Agents\Core\RAGEnhancedCSharpAgent.cs(153,59): error CS7036: There is no argument given that corresponds to the required parameter 'options' of 'ILLMClient.GetCompletionAsync(string, LLMOptions)' [E:\Repo\A3sist\A3sist.Core\A3sist.Core.csproj]
     6>E:\Repo\A3sist\A3sist.Core\Agents\Core\RAGEnhancedCSharpAgent.cs(152,67): warning CS8604: Possible null reference argument for parameter 'code' in 'string RAGEnhancedCSharpAgent.BuildRAGRefactoringPrompt(string code, RAGContext? ragContext)'. [E:\Repo\A3sist\A3sist.Core\A3sist.Core.csproj]
     6>E:\Repo\A3sist\A3sist.Core\LLM\MCPOrchestrator.cs(311,59): error CS1501: No overload for method 'ReadAsStringAsync' takes 1 arguments [E:\Repo\A3sist\A3sist.Core\A3sist.Core.csproj]
     6>E:\Repo\A3sist\A3sist.Core\Agents\Language\CSharp\Services\XamlValidator.cs(389,26): warning CS8625: Cannot convert null literal to non-nullable reference type. [E:\Repo\A3sist\A3sist.Core\A3sist.Core.csproj]
     6>E:\Repo\A3sist\A3sist.Core\Agents\Language\CSharp\Services\XamlValidator.cs(413,34): warning CS8625: Cannot convert null literal to non-nullable reference type. [E:\Repo\A3sist\A3sist.Core\A3sist.Core.csproj]
     6>E:\Repo\A3sist\A3sist.Core\Configuration\LoggingConfigurationProvider.cs(60,24): error CS1061: 'LoggingConfiguration' does not contain a definition for 'MinimumLevel' and no accessible extension method 'MinimumLevel' accepting a first argument of type 'LoggingConfiguration' could be found (are you missing a using directive or an assembly reference?) [E:\Repo\A3sist\A3sist.Core\A3sist.Core.csproj]
     6>E:\Repo\A3sist\A3sist.Core\Configuration\LoggingConfigurationProvider.cs(66,24): error CS1061: 'LoggingConfiguration' does not contain a definition for 'LogFilePath' and no accessible extension method 'LogFilePath' accepting a first argument of type 'LoggingConfiguration' could be found (are you missing a using directive or an assembly reference?) [E:\Repo\A3sist\A3sist.Core\A3sist.Core.csproj]
     6>E:\Repo\A3sist\A3sist.Core\Configuration\LoggingConfigurationProvider.cs(72,24): error CS1061: 'LoggingConfiguration' does not contain a definition for 'MaxFileSizeMB' and no accessible extension method 'MaxFileSizeMB' accepting a first argument of type 'LoggingConfiguration' could be found (are you missing a using directive or an assembly reference?) [E:\Repo\A3sist\A3sist.Core\A3sist.Core.csproj]
     6>E:\Repo\A3sist\A3sist.Core\Configuration\LoggingConfigurationProvider.cs(78,24): error CS1061: 'LoggingConfiguration' does not contain a definition for 'RetainedFileCountLimit' and no accessible extension method 'RetainedFileCountLimit' accepting a first argument of type 'LoggingConfiguration' could be found (are you missing a using directive or an assembly reference?) [E:\Repo\A3sist\A3sist.Core\A3sist.Core.csproj]
     6>E:\Repo\A3sist\A3sist.Core\Configuration\LoggingConfigurationProvider.cs(84,24): error CS1061: 'LoggingConfiguration' does not contain a definition for 'WriteToConsole' and no accessible extension method 'WriteToConsole' accepting a first argument of type 'LoggingConfiguration' could be found (are you missing a using directive or an assembly reference?) [E:\Repo\A3sist\A3sist.Core\A3sist.Core.csproj]
     6>E:\Repo\A3sist\A3sist.Core\Configuration\LoggingConfigurationProvider.cs(90,24): error CS1061: 'LoggingConfiguration' does not contain a definition for 'WriteToFile' and no accessible extension method 'WriteToFile' accepting a first argument of type 'LoggingConfiguration' could be found (are you missing a using directive or an assembly reference?) [E:\Repo\A3sist\A3sist.Core\A3sist.Core.csproj]
     6>E:\Repo\A3sist\A3sist.Core\LLM\MCPOrchestrator.cs(337,41): warning CS1998: This async method lacks 'await' operators and will run synchronously. Consider using the 'await' operator to await non-blocking API calls, or 'await Task.Run(...)' to do CPU-bound work on a background thread. [E:\Repo\A3sist\A3sist.Core\A3sist.Core.csproj]
     6>E:\Repo\A3sist\A3sist.Core\Configuration\LoggingConfigurationProvider.cs(97,50): error CS1061: 'LoggingConfiguration' does not contain a definition for 'LogFilePath' and no accessible extension method 'LogFilePath' accepting a first argument of type 'LoggingConfiguration' could be found (are you missing a using directive or an assembly reference?) [E:\Repo\A3sist\A3sist.Core\A3sist.Core.csproj]
     6>E:\Repo\A3sist\A3sist.Core\Configuration\LoggingConfigurationProvider.cs(99,24): error CS1061: 'LoggingConfiguration' does not contain a definition for 'LogFilePath' and no accessible extension method 'LogFilePath' accepting a first argument of type 'LoggingConfiguration' could be found (are you missing a using directive or an assembly reference?) [E:\Repo\A3sist\A3sist.Core\A3sist.Core.csproj]
     6>E:\Repo\A3sist\A3sist.Core\Configuration\LoggingConfigurationProvider.cs(99,38): error CS0103: The name 'Path' does not exist in the current context [E:\Repo\A3sist\A3sist.Core\A3sist.Core.csproj]
     6>E:\Repo\A3sist\A3sist.Core\Configuration\LoggingConfigurationProvider.cs(99,51): error CS0103: The name 'Path' does not exist in the current context [E:\Repo\A3sist\A3sist.Core\A3sist.Core.csproj]
     6>E:\Repo\A3sist\A3sist.Core\Configuration\LoggingConfigurationProvider.cs(103,24): error CS1061: 'LoggingConfiguration' does not contain a definition for 'MaxFileSizeMB' and no accessible extension method 'MaxFileSizeMB' accepting a first argument of type 'LoggingConfiguration' could be found (are you missing a using directive or an assembly reference?) [E:\Repo\A3sist\A3sist.Core\A3sist.Core.csproj]
     6>E:\Repo\A3sist\A3sist.Core\Configuration\LoggingConfigurationProvider.cs(105,24): error CS1061: 'LoggingConfiguration' does not contain a definition for 'MaxFileSizeMB' and no accessible extension method 'MaxFileSizeMB' accepting a first argument of type 'LoggingConfiguration' could be found (are you missing a using directive or an assembly reference?) [E:\Repo\A3sist\A3sist.Core\A3sist.Core.csproj]
     6>E:\Repo\A3sist\A3sist.Core\Configuration\LoggingConfigurationProvider.cs(107,29): error CS1061: 'LoggingConfiguration' does not contain a definition for 'MaxFileSizeMB' and no accessible extension method 'MaxFileSizeMB' accepting a first argument of type 'LoggingConfiguration' could be found (are you missing a using directive or an assembly reference?) [E:\Repo\A3sist\A3sist.Core\A3sist.Core.csproj]
     6>E:\Repo\A3sist\A3sist.Core\Configuration\LoggingConfigurationProvider.cs(109,24): error CS1061: 'LoggingConfiguration' does not contain a definition for 'MaxFileSizeMB' and no accessible extension method 'MaxFileSizeMB' accepting a first argument of type 'LoggingConfiguration' could be found (are you missing a using directive or an assembly reference?) [E:\Repo\A3sist\A3sist.Core\A3sist.Core.csproj]
     6>E:\Repo\A3sist\A3sist.Core\Configuration\LoggingConfigurationProvider.cs(113,24): error CS1061: 'LoggingConfiguration' does not contain a definition for 'RetainedFileCountLimit' and no accessible extension method 'RetainedFileCountLimit' accepting a first argument of type 'LoggingConfiguration' could be found (are you missing a using directive or an assembly reference?) [E:\Repo\A3sist\A3sist.Core\A3sist.Core.csproj]
     6>E:\Repo\A3sist\A3sist.Core\Configuration\LoggingConfigurationProvider.cs(115,24): error CS1061: 'LoggingConfiguration' does not contain a definition for 'RetainedFileCountLimit' and no accessible extension method 'RetainedFileCountLimit' accepting a first argument of type 'LoggingConfiguration' could be found (are you missing a using directive or an assembly reference?) [E:\Repo\A3sist\A3sist.Core\A3sist.Core.csproj]
     6>E:\Repo\A3sist\A3sist.Core\Configuration\LoggingConfigurationProvider.cs(117,29): error CS1061: 'LoggingConfiguration' does not contain a definition for 'RetainedFileCountLimit' and no accessible extension method 'RetainedFileCountLimit' accepting a first argument of type 'LoggingConfiguration' could be found (are you missing a using directive or an assembly reference?) [E:\Repo\A3sist\A3sist.Core\A3sist.Core.csproj]
     6>E:\Repo\A3sist\A3sist.Core\Configuration\LoggingConfigurationProvider.cs(119,24): error CS1061: 'LoggingConfiguration' does not contain a definition for 'RetainedFileCountLimit' and no accessible extension method 'RetainedFileCountLimit' accepting a first argument of type 'LoggingConfiguration' could be found (are you missing a using directive or an assembly reference?) [E:\Repo\A3sist\A3sist.Core\A3sist.Core.csproj]
     6>E:\Repo\A3sist\A3sist.Core\Configuration\LoggingConfigurationProvider.cs(123,50): error CS1061: 'LoggingConfiguration' does not contain a definition for 'OutputTemplate' and no accessible extension method 'OutputTemplate' accepting a first argument of type 'LoggingConfiguration' could be found (are you missing a using directive or an assembly reference?) [E:\Repo\A3sist\A3sist.Core\A3sist.Core.csproj]
     6>E:\Repo\A3sist\A3sist.Core\Configuration\LoggingConfigurationProvider.cs(125,24): error CS1061: 'LoggingConfiguration' does not contain a definition for 'OutputTemplate' and no accessible extension method 'OutputTemplate' accepting a first argument of type 'LoggingConfiguration' could be found (are you missing a using directive or an assembly reference?) [E:\Repo\A3sist\A3sist.Core\A3sist.Core.csproj]
     6>E:\Repo\A3sist\A3sist.Core\Configuration\LoggingConfigurationProvider.cs(129,20): error CS1061: 'LoggingConfiguration' does not contain a definition for 'LogLevelOverrides' and no accessible extension method 'LogLevelOverrides' accepting a first argument of type 'LoggingConfiguration' could be found (are you missing a using directive or an assembly reference?) [E:\Repo\A3sist\A3sist.Core\A3sist.Core.csproj]
     6>E:\Repo\A3sist\A3sist.Core\Configuration\LoggingConfigurationProvider.cs(130,20): error CS1061: 'LoggingConfiguration' does not contain a definition for 'GlobalProperties' and no accessible extension method 'GlobalProperties' accepting a first argument of type 'LoggingConfiguration' could be found (are you missing a using directive or an assembly reference?) [E:\Repo\A3sist\A3sist.Core\A3sist.Core.csproj]
     6>E:\Repo\A3sist\A3sist.Core\Configuration\LoggingConfigurationProvider.cs(133,25): error CS1061: 'LoggingConfiguration' does not contain a definition for 'GlobalProperties' and no accessible extension method 'GlobalProperties' accepting a first argument of type 'LoggingConfiguration' could be found (are you missing a using directive or an assembly reference?) [E:\Repo\A3sist\A3sist.Core\A3sist.Core.csproj]
     6>E:\Repo\A3sist\A3sist.Core\Configuration\LoggingConfigurationProvider.cs(135,24): error CS1061: 'LoggingConfiguration' does not contain a definition for 'GlobalProperties' and no accessible extension method 'GlobalProperties' accepting a first argument of type 'LoggingConfiguration' could be found (are you missing a using directive or an assembly reference?) [E:\Repo\A3sist\A3sist.Core\A3sist.Core.csproj]
     6>E:\Repo\A3sist\A3sist.Core\Configuration\LoggingConfigurationProvider.cs(138,25): error CS1061: 'LoggingConfiguration' does not contain a definition for 'GlobalProperties' and no accessible extension method 'GlobalProperties' accepting a first argument of type 'LoggingConfiguration' could be found (are you missing a using directive or an assembly reference?) [E:\Repo\A3sist\A3sist.Core\A3sist.Core.csproj]
     6>E:\Repo\A3sist\A3sist.Core\Configuration\LoggingConfigurationProvider.cs(140,24): error CS1061: 'LoggingConfiguration' does not contain a definition for 'GlobalProperties' and no accessible extension method 'GlobalProperties' accepting a first argument of type 'LoggingConfiguration' could be found (are you missing a using directive or an assembly reference?) [E:\Repo\A3sist\A3sist.Core\A3sist.Core.csproj]
     6>E:\Repo\A3sist\A3sist.Core\LLM\MCPOrchestrator.cs(425,25): warning CS8602: Dereference of a possibly null reference. [E:\Repo\A3sist\A3sist.Core\A3sist.Core.csproj]
     6>E:\Repo\A3sist\A3sist.Core\Agents\TaskAgents\Refactor\RefactorAgent.cs(457,37): error CS0266: Cannot implicitly convert type 'bool?' to 'bool'. An explicit conversion exists (are you missing a cast?) [E:\Repo\A3sist\A3sist.Core\A3sist.Core.csproj]
     6>E:\Repo\A3sist\A3sist.Core\Agents\TaskAgents\Refactor\RefactorAgent.cs(458,35): error CS0266: Cannot implicitly convert type 'bool?' to 'bool'. An explicit conversion exists (are you missing a cast?) [E:\Repo\A3sist\A3sist.Core\A3sist.Core.csproj]
     6>E:\Repo\A3sist\A3sist.Core\Agents\TaskAgents\Refactor\RefactorAgent.cs(459,35): error CS0266: Cannot implicitly convert type 'bool?' to 'bool'. An explicit conversion exists (are you missing a cast?) [E:\Repo\A3sist\A3sist.Core\A3sist.Core.csproj]
     6>E:\Repo\A3sist\A3sist.Core\Agents\TaskAgents\Refactor\RefactorAgent.cs(492,36): error CS1501: No overload for method 'CreateSuccess' takes 4 arguments [E:\Repo\A3sist\A3sist.Core\A3sist.Core.csproj]
     6>E:\Repo\A3sist\A3sist.Core\Agents\TaskAgents\Refactor\RefactorAgent.cs(457,103): error CS0165: Use of unassigned local variable 'startLineObj' [E:\Repo\A3sist\A3sist.Core\A3sist.Core.csproj]
     6>E:\Repo\A3sist\A3sist.Core\Agents\TaskAgents\Refactor\RefactorAgent.cs(458,97): error CS0165: Use of unassigned local variable 'endLineObj' [E:\Repo\A3sist\A3sist.Core\A3sist.Core.csproj]
     6>E:\Repo\A3sist\A3sist.Core\Agents\TaskAgents\Refactor\RefactorAgent.cs(459,97): error CS0165: Use of unassigned local variable 'newNameObj' [E:\Repo\A3sist\A3sist.Core\A3sist.Core.csproj]
     6>E:\Repo\A3sist\A3sist.Core\Agents\TaskAgents\Refactor\RefactorAgent.cs(521,38): error CS0266: Cannot implicitly convert type 'bool?' to 'bool'. An explicit conversion exists (are you missing a cast?) [E:\Repo\A3sist\A3sist.Core\A3sist.Core.csproj]
     6>E:\Repo\A3sist\A3sist.Core\Agents\TaskAgents\Refactor\RefactorAgent.cs(522,37): error CS0266: Cannot implicitly convert type 'bool?' to 'bool'. An explicit conversion exists (are you missing a cast?) [E:\Repo\A3sist\A3sist.Core\A3sist.Core.csproj]
     6>E:\Repo\A3sist\A3sist.Core\Agents\TaskAgents\Refactor\RefactorAgent.cs(523,35): error CS0266: Cannot implicitly convert type 'bool?' to 'bool'. An explicit conversion exists (are you missing a cast?) [E:\Repo\A3sist\A3sist.Core\A3sist.Core.csproj]
     6>E:\Repo\A3sist\A3sist.Core\Agents\TaskAgents\Refactor\RefactorAgent.cs(554,36): error CS1501: No overload for method 'CreateSuccess' takes 4 arguments [E:\Repo\A3sist\A3sist.Core\A3sist.Core.csproj]
     6>E:\Repo\A3sist\A3sist.Core\Agents\TaskAgents\Refactor\RefactorAgent.cs(521,106): error CS0165: Use of unassigned local variable 'targetNameObj' [E:\Repo\A3sist\A3sist.Core\A3sist.Core.csproj]
     6>E:\Repo\A3sist\A3sist.Core\Agents\TaskAgents\Refactor\RefactorAgent.cs(522,104): error CS0165: Use of unassigned local variable 'startLineObj2' [E:\Repo\A3sist\A3sist.Core\A3sist.Core.csproj]
     6>E:\Repo\A3sist\A3sist.Core\Agents\TaskAgents\Refactor\RefactorAgent.cs(523,98): error CS0165: Use of unassigned local variable 'endLineObj2' [E:\Repo\A3sist\A3sist.Core\A3sist.Core.csproj]
     6>E:\Repo\A3sist\A3sist.Core\Agents\TaskAgents\Refactor\RefactorAgent.cs(578,31): error CS0266: Cannot implicitly convert type 'bool?' to 'bool'. An explicit conversion exists (are you missing a cast?) [E:\Repo\A3sist\A3sist.Core\A3sist.Core.csproj]
     6>E:\Repo\A3sist\A3sist.Core\Agents\TaskAgents\Refactor\RefactorAgent.cs(579,31): error CS0266: Cannot implicitly convert type 'bool?' to 'bool'. An explicit conversion exists (are you missing a cast?) [E:\Repo\A3sist\A3sist.Core\A3sist.Core.csproj]
     6>E:\Repo\A3sist\A3sist.Core\Agents\TaskAgents\Refactor\RefactorAgent.cs(616,36): error CS1501: No overload for method 'CreateSuccess' takes 4 arguments [E:\Repo\A3sist\A3sist.Core\A3sist.Core.csproj]
     6>E:\Repo\A3sist\A3sist.Core\Agents\TaskAgents\Refactor\RefactorAgent.cs(578,93): error CS0165: Use of unassigned local variable 'oldNameObj' [E:\Repo\A3sist\A3sist.Core\A3sist.Core.csproj]
     6>E:\Repo\A3sist\A3sist.Core\Agents\TaskAgents\Refactor\RefactorAgent.cs(579,94): error CS0165: Use of unassigned local variable 'newNameObj2' [E:\Repo\A3sist\A3sist.Core\A3sist.Core.csproj]
     6>E:\Repo\A3sist\A3sist.Core\Agents\TaskAgents\Refactor\RefactorAgent.cs(642,38): error CS0266: Cannot implicitly convert type 'bool?' to 'bool'. An explicit conversion exists (are you missing a cast?) [E:\Repo\A3sist\A3sist.Core\A3sist.Core.csproj]
     6>E:\Repo\A3sist\A3sist.Core\Agents\TaskAgents\Refactor\RefactorAgent.cs(655,39): error CS0266: Cannot implicitly convert type 'bool?' to 'bool'. An explicit conversion exists (are you missing a cast?) [E:\Repo\A3sist\A3sist.Core\A3sist.Core.csproj]
     6>E:\Repo\A3sist\A3sist.Core\Agents\TaskAgents\Refactor\RefactorAgent.cs(687,36): error CS1501: No overload for method 'CreateSuccess' takes 4 arguments [E:\Repo\A3sist\A3sist.Core\A3sist.Core.csproj]
     6>E:\Repo\A3sist\A3sist.Core\Agents\TaskAgents\Refactor\RefactorAgent.cs(642,114): error CS0165: Use of unassigned local variable 'targetLocationObj' [E:\Repo\A3sist\A3sist.Core\A3sist.Core.csproj]
     6>E:\Repo\A3sist\A3sist.Core\Agents\TaskAgents\Refactor\RefactorAgent.cs(655,109): error CS0165: Use of unassigned local variable 'elementNameObj' [E:\Repo\A3sist\A3sist.Core\A3sist.Core.csproj]
     6>E:\Repo\A3sist\A3sist.Core\Agents\TaskAgents\Refactor\RefactorAgent.cs(722,36): error CS1501: No overload for method 'CreateSuccess' takes 4 arguments [E:\Repo\A3sist\A3sist.Core\A3sist.Core.csproj]
     6>E:\Repo\A3sist\A3sist.Core\Agents\Core\RAGEnhancedCSharpAgent.cs(192,89): error CS1503: Argument 2: cannot convert from 'System.Collections.Generic.Dictionary<string, object>' to 'string?' [E:\Repo\A3sist\A3sist.Core\A3sist.Core.csproj]
     6>E:\Repo\A3sist\A3sist.Core\Agents\Core\RAGEnhancedCSharpAgent.cs(200,52): error CS7036: There is no argument given that corresponds to the required parameter 'options' of 'ILLMClient.GetCompletionAsync(string, LLMOptions)' [E:\Repo\A3sist\A3sist.Core\A3sist.Core.csproj]
     6>E:\Repo\A3sist\A3sist.Core\Agents\Core\RAGEnhancedCSharpAgent.cs(184,61): warning CS8604: Possible null reference argument for parameter 'text' in 'SyntaxTree CSharpSyntaxTree.ParseText(string text, CSharpParseOptions? options = null, string path = "", Encoding? encoding = null, CancellationToken cancellationToken = default(CancellationToken))'. [E:\Repo\A3sist\A3sist.Core\A3sist.Core.csproj]
     6>E:\Repo\A3sist\A3sist.Core\Agents\Core\RAGEnhancedCSharpAgent.cs(255,21): error CS1503: Argument 2: cannot convert from 'System.Collections.Generic.Dictionary<string, object>' to 'string?' [E:\Repo\A3sist\A3sist.Core\A3sist.Core.csproj]
     6>E:\Repo\A3sist\A3sist.Core\Agents\Core\RAGEnhancedCSharpAgent.cs(233,22): warning CS8602: Dereference of a possibly null reference. [E:\Repo\A3sist\A3sist.Core\A3sist.Core.csproj]
     6>E:\Repo\A3sist\A3sist.Core\Agents\Core\RAGEnhancedCSharpAgent.cs(221,41): warning CS1998: This async method lacks 'await' operators and will run synchronously. Consider using the 'await' operator to await non-blocking API calls, or 'await Task.Run(...)' to do CPU-bound work on a background thread. [E:\Repo\A3sist\A3sist.Core\A3sist.Core.csproj]
     6>E:\Repo\A3sist\A3sist.Core\Agents\Core\RAGEnhancedCSharpAgent.cs(277,58): error CS7036: There is no argument given that corresponds to the required parameter 'options' of 'ILLMClient.GetCompletionAsync(string, LLMOptions)' [E:\Repo\A3sist\A3sist.Core\A3sist.Core.csproj]
     6>E:\Repo\A3sist\A3sist.Core\Agents\Core\RAGEnhancedCSharpAgent.cs(302,49): error CS7036: There is no argument given that corresponds to the required parameter 'options' of 'ILLMClient.GetCompletionAsync(string, LLMOptions)' [E:\Repo\A3sist\A3sist.Core\A3sist.Core.csproj]
     6>E:\Repo\A3sist\A3sist.Core\Agents\Language\Python\AgentPythonHandler.cs(134,13): error CS4032: The 'await' operator can only be used within an async method. Consider marking this method with the 'async' modifier and changing its return type to 'Task<Task>'. [E:\Repo\A3sist\A3sist.Core\A3sist.Core.csproj]
     6>E:\Repo\A3sist\A3sist.Core\Agents\Language\Python\AgentPythonHandler.cs(130,56): error CS0161: 'PythonAgent.ShutdownAgentAsync()': not all code paths return a value [E:\Repo\A3sist\A3sist.Core\A3sist.Core.csproj]
     6>E:\Repo\A3sist\A3sist.Core\Agents\Language\Python\AgentPythonHandler.cs(161,66): error CS1503: Argument 2: cannot convert from 'System.Collections.Generic.Dictionary<string, object>' to 'string?' [E:\Repo\A3sist\A3sist.Core\A3sist.Core.csproj]
     6>E:\Repo\A3sist\A3sist.Core\Agents\Language\Python\AgentPythonHandler.cs(188,66): error CS1503: Argument 2: cannot convert from 'System.Collections.Generic.Dictionary<string, object>' to 'string?' [E:\Repo\A3sist\A3sist.Core\A3sist.Core.csproj]
     6>E:\Repo\A3sist\A3sist.Core\Agents\Language\Python\AgentPythonHandler.cs(213,58): error CS1503: Argument 2: cannot convert from 'System.Collections.Generic.Dictionary<string, object>' to 'string?' [E:\Repo\A3sist\A3sist.Core\A3sist.Core.csproj]
     6>E:\Repo\A3sist\A3sist.Core\Agents\Language\Python\AgentPythonHandler.cs(204,72): warning CS8604: Possible null reference argument for parameter 'command' in 'Task<string> PipPackageManager.ExecuteCommandAsync(string command, string packageName = null)'. [E:\Repo\A3sist\A3sist.Core\A3sist.Core.csproj]
     6>E:\Repo\A3sist\A3sist.Core\Agents\Language\Python\AgentPythonHandler.cs(204,81): warning CS8604: Possible null reference argument for parameter 'packageName' in 'Task<string> PipPackageManager.ExecuteCommandAsync(string command, string packageName = null)'. [E:\Repo\A3sist\A3sist.Core\A3sist.Core.csproj]
     6>E:\Repo\A3sist\A3sist.Core\Agents\Language\Python\AgentPythonHandler.cs(238,58): error CS1503: Argument 2: cannot convert from 'System.Collections.Generic.Dictionary<string, object>' to 'string?' [E:\Repo\A3sist\A3sist.Core\A3sist.Core.csproj]
     6>E:\Repo\A3sist\A3sist.Core\Agents\Language\Python\AgentPythonHandler.cs(229,69): warning CS8604: Possible null reference argument for parameter 'command' in 'Task<string> VirtualEnvironmentManager.ExecuteCommandAsync(string command, string envName = null)'. [E:\Repo\A3sist\A3sist.Core\A3sist.Core.csproj]
     6>E:\Repo\A3sist\A3sist.Core\Agents\Language\Python\AgentPythonHandler.cs(229,78): warning CS8604: Possible null reference argument for parameter 'envName' in 'Task<string> VirtualEnvironmentManager.ExecuteCommandAsync(string command, string envName = null)'. [E:\Repo\A3sist\A3sist.Core\A3sist.Core.csproj]
     6>E:\Repo\A3sist\A3sist.Core\Agents\Language\Python\AgentPythonHandler.cs(264,62): error CS1503: Argument 2: cannot convert from 'System.Collections.Generic.Dictionary<string, object>' to 'string?' [E:\Repo\A3sist\A3sist.Core\A3sist.Core.csproj]
     6>E:\Repo\A3sist\A3sist.Core\Agents\Language\Python\AgentPythonHandler.cs(291,65): error CS1503: Argument 2: cannot convert from 'System.Collections.Generic.Dictionary<string, object>' to 'string?' [E:\Repo\A3sist\A3sist.Core\A3sist.Core.csproj]
     6>E:\Repo\A3sist\A3sist.Core\Agents\Core\Designer\Designer.cs(42,45): warning CS1998: This async method lacks 'await' operators and will run synchronously. Consider using the 'await' operator to await non-blocking API calls, or 'await Task.Run(...)' to do CPU-bound work on a background thread. [E:\Repo\A3sist\A3sist.Core\A3sist.Core.csproj]
     6>E:\Repo\A3sist\A3sist.Core\Agents\Language\Python\AgentPythonHandler.cs(313,62): error CS1503: Argument 2: cannot convert from 'System.Collections.Generic.Dictionary<string, object>' to 'string?' [E:\Repo\A3sist\A3sist.Core\A3sist.Core.csproj]
     6>E:\Repo\A3sist\A3sist.Core\Agents\Language\Python\AgentPythonHandler.cs(305,70): warning CS8604: Possible null reference argument for parameter 'testPattern' in 'Task<string> PipPackageManager.RunTestsAsync(string testPattern = null)'. [E:\Repo\A3sist\A3sist.Core\A3sist.Core.csproj]
     6>E:\Repo\A3sist\A3sist.Core\LLM\EnhancedMCPClient.cs(73,62): error CS1503: Argument 2: cannot convert from 'System.Collections.Generic.Dictionary<string, object>' to 'string?' [E:\Repo\A3sist\A3sist.Core\A3sist.Core.csproj]
     6>E:\Repo\A3sist\A3sist.Core\LLM\EnhancedMCPClient.cs(114,49): error CS7036: There is no argument given that corresponds to the required parameter 'options' of 'ILLMClient.GetCompletionAsync(string, LLMOptions)' [E:\Repo\A3sist\A3sist.Core\A3sist.Core.csproj]
     6>E:\Repo\A3sist\A3sist.Core\Agents\Language\Javascript\AgentJavaScriptHandler.cs(134,13): error CS4032: The 'await' operator can only be used within an async method. Consider marking this method with the 'async' modifier and changing its return type to 'Task<Task>'. [E:\Repo\A3sist\A3sist.Core\A3sist.Core.csproj]
     6>E:\Repo\A3sist\A3sist.Core\Agents\Language\Javascript\AgentJavaScriptHandler.cs(130,33): error CS0161: 'JavaScriptAgent.ShutdownAgentAsync()': not all code paths return a value [E:\Repo\A3sist\A3sist.Core\A3sist.Core.csproj]
     6>E:\Repo\A3sist\A3sist.Core\Agents\Language\Javascript\AgentJavaScriptHandler.cs(161,66): error CS1503: Argument 2: cannot convert from 'System.Collections.Generic.Dictionary<string, object>' to 'string?' [E:\Repo\A3sist\A3sist.Core\A3sist.Core.csproj]
     6>E:\Repo\A3sist\A3sist.Core\Agents\Language\Javascript\AgentJavaScriptHandler.cs(188,66): error CS1503: Argument 2: cannot convert from 'System.Collections.Generic.Dictionary<string, object>' to 'string?' [E:\Repo\A3sist\A3sist.Core\A3sist.Core.csproj]
     6>E:\Repo\A3sist\A3sist.Core\Agents\Language\CSharp\Services\RefactorEngine.cs(177,44): warning CS8604: Possible null reference argument for parameter 'item' in 'bool HashSet<string>.Add(string item)'. [E:\Repo\A3sist\A3sist.Core\A3sist.Core.csproj]
     6>E:\Repo\A3sist\A3sist.Core\Agents\Language\CSharp\Services\RefactorEngine.cs(186,86): warning CS8604: Possible null reference argument for parameter 'item' in 'bool HashSet<string>.Contains(string item)'. [E:\Repo\A3sist\A3sist.Core\A3sist.Core.csproj]
     6>E:\Repo\A3sist\A3sist.Core\Agents\Language\CSharp\Services\RefactorEngine.cs(188,28): warning CS8631: The type 'Microsoft.CodeAnalysis.SyntaxNode?' cannot be used as type parameter 'TRoot' in the generic type or method 'SyntaxNodeExtensions.RemoveNode<TRoot>(TRoot, SyntaxNode, SyntaxRemoveOptions)'. Nullability of type argument 'Microsoft.CodeAnalysis.SyntaxNode?' doesn't match constraint type 'Microsoft.CodeAnalysis.SyntaxNode'. [E:\Repo\A3sist\A3sist.Core\A3sist.Core.csproj]
     6>E:\Repo\A3sist\A3sist.Core\Agents\Language\CSharp\Services\RefactorEngine.cs(188,28): warning CS8600: Converting null literal or possible null value to non-nullable type. [E:\Repo\A3sist\A3sist.Core\A3sist.Core.csproj]
     6>E:\Repo\A3sist\A3sist.Core\Agents\Language\CSharp\Services\RefactorEngine.cs(192,20): warning CS8603: Possible null reference return. [E:\Repo\A3sist\A3sist.Core\A3sist.Core.csproj]
     6>E:\Repo\A3sist\A3sist.Core\Agents\Language\Javascript\AgentJavaScriptHandler.cs(213,58): error CS1503: Argument 2: cannot convert from 'System.Collections.Generic.Dictionary<string, object>' to 'string?' [E:\Repo\A3sist\A3sist.Core\A3sist.Core.csproj]
     6>E:\Repo\A3sist\A3sist.Core\Agents\Language\Javascript\AgentJavaScriptHandler.cs(204,72): warning CS8604: Possible null reference argument for parameter 'command' in 'Task<string> NpmPackageManager.ExecuteCommandAsync(string command, string? packageName = null)'. [E:\Repo\A3sist\A3sist.Core\A3sist.Core.csproj]
     6>E:\Repo\A3sist\A3sist.Core\Agents\Language\Javascript\AgentJavaScriptHandler.cs(239,62): error CS1503: Argument 2: cannot convert from 'System.Collections.Generic.Dictionary<string, object>' to 'string?' [E:\Repo\A3sist\A3sist.Core\A3sist.Core.csproj]
     6>E:\Repo\A3sist\A3sist.Core\Agents\Language\Javascript\AgentJavaScriptHandler.cs(266,65): error CS1503: Argument 2: cannot convert from 'System.Collections.Generic.Dictionary<string, object>' to 'string?' [E:\Repo\A3sist\A3sist.Core\A3sist.Core.csproj]
     6>E:\Repo\A3sist\A3sist.Core\Agents\Language\Javascript\AgentJavaScriptHandler.cs(288,62): error CS1503: Argument 2: cannot convert from 'System.Collections.Generic.Dictionary<string, object>' to 'string?' [E:\Repo\A3sist\A3sist.Core\A3sist.Core.csproj]
     6>E:\Repo\A3sist\A3sist.Core\Agents\Language\Javascript\AgentJavaScriptHandler.cs(284,39): warning CS8601: Possible null reference assignment. [E:\Repo\A3sist\A3sist.Core\A3sist.Core.csproj]
     6>E:\Repo\A3sist\A3sist.Core\Agents\Core\MCPEnhancedAgent.cs(27,16): warning CS8618: Non-nullable field '_availableTools' must contain a non-null value when exiting constructor. Consider adding the 'required' modifier or declaring the field as nullable. [E:\Repo\A3sist\A3sist.Core\A3sist.Core.csproj]
     6>E:\Repo\A3sist\A3sist.Core\Agents\Core\Dispatcher\Dispatcher.cs(55,45): error CS0407: 'Task DispatcherAgent.PerformLoadBalancing(object?)' has the wrong return type [E:\Repo\A3sist\A3sist.Core\A3sist.Core.csproj]
     6>E:\Repo\A3sist\A3sist.Core\Agents\Core\Dispatcher\Dispatcher.cs(60,45): warning CS1998: This async method lacks 'await' operators and will run synchronously. Consider using the 'await' operator to await non-blocking API calls, or 'await Task.Run(...)' to do CPU-bound work on a background thread. [E:\Repo\A3sist\A3sist.Core\A3sist.Core.csproj]
     6>E:\Repo\A3sist\A3sist.Core\Agents\Core\IntentRouterAgent.cs(187,46): warning CS1998: This async method lacks 'await' operators and will run synchronously. Consider using the 'await' operator to await non-blocking API calls, or 'await Task.Run(...)' to do CPU-bound work on a background thread. [E:\Repo\A3sist\A3sist.Core\A3sist.Core.csproj]
     6>E:\Repo\A3sist\A3sist.Core\Agents\Core\Designer\Designer.cs(575,42): warning CS1998: This async method lacks 'await' operators and will run synchronously. Consider using the 'await' operator to await non-blocking API calls, or 'await Task.Run(...)' to do CPU-bound work on a background thread. [E:\Repo\A3sist\A3sist.Core\A3sist.Core.csproj]
     6>E:\Repo\A3sist\A3sist.Core\Agents\Core\Dispatcher\Dispatcher.cs(275,41): warning CS1998: This async method lacks 'await' operators and will run synchronously. Consider using the 'await' operator to await non-blocking API calls, or 'await Task.Run(...)' to do CPU-bound work on a background thread. [E:\Repo\A3sist\A3sist.Core\A3sist.Core.csproj]
     6>E:\Repo\A3sist\A3sist.Core\Agents\Core\Dispatcher\Dispatcher.cs(282,41): warning CS1998: This async method lacks 'await' operators and will run synchronously. Consider using the 'await' operator to await non-blocking API calls, or 'await Task.Run(...)' to do CPU-bound work on a background thread. [E:\Repo\A3sist\A3sist.Core\A3sist.Core.csproj]
     6>E:\Repo\A3sist\A3sist.Core\Agents\Core\Dispatcher\Dispatcher.cs(337,43): warning CS1998: This async method lacks 'await' operators and will run synchronously. Consider using the 'await' operator to await non-blocking API calls, or 'await Task.Run(...)' to do CPU-bound work on a background thread. [E:\Repo\A3sist\A3sist.Core\A3sist.Core.csproj]
     6>E:\Repo\A3sist\A3sist.Core\Agents\Core\Dispatcher\Dispatcher.cs(415,67): error CS1503: Argument 2: cannot convert from 'out System.Threading.Tasks.Task' to 'out A3sist.Core.Agents.Core.Dispatcher.TaskExecution' [E:\Repo\A3sist\A3sist.Core\A3sist.Core.csproj]
     6>E:\Repo\A3sist\A3sist.Core\Services\SettingsPersistenceService.cs(519,19): warning CS8618: Non-nullable property 'Version' must contain a non-null value when exiting constructor. Consider adding the 'required' modifier or declaring the property as nullable. [E:\Repo\A3sist\A3sist.Core\A3sist.Core.csproj]
     6>E:\Repo\A3sist\A3sist.Core\Services\SettingsPersistenceService.cs(521,39): warning CS8618: Non-nullable property 'Settings' must contain a non-null value when exiting constructor. Consider adding the 'required' modifier or declaring the property as nullable. [E:\Repo\A3sist\A3sist.Core\A3sist.Core.csproj]
     6>E:\Repo\A3sist\A3sist.Core\Services\SettingsPersistenceService.cs(522,19): warning CS8618: Non-nullable property 'Checksum' must contain a non-null value when exiting constructor. Consider adding the 'required' modifier or declaring the property as nullable. [E:\Repo\A3sist\A3sist.Core\A3sist.Core.csproj]
     6>E:\Repo\A3sist\A3sist.Core\Agents\Language\Python\Services\PythonRefactorEngine.cs(252,32): error CS1503: Argument 1: cannot convert from 'char' to 'string' [E:\Repo\A3sist\A3sist.Core\A3sist.Core.csproj]
     6>E:\Repo\A3sist\A3sist.Core\Agents\Language\Python\Services\PythonAnalyzer.cs(210,17): warning CS0219: The variable 'inconsistentIndentation' is assigned but its value is never used [E:\Repo\A3sist\A3sist.Core\A3sist.Core.csproj]
     6>E:\Repo\A3sist\A3sist.Core\Services\SettingsPersistenceService.cs(161,24): error CS0117: 'File' does not contain a definition for 'CopyToAsync' [E:\Repo\A3sist\A3sist.Core\A3sist.Core.csproj]
     6>E:\Repo\A3sist\A3sist.Core\Services\SettingsPersistenceService.cs(154,24): warning CS8603: Possible null reference return. [E:\Repo\A3sist\A3sist.Core\A3sist.Core.csproj]
     6>E:\Repo\A3sist\A3sist.Core\Services\SettingsPersistenceService.cs(172,20): warning CS8603: Possible null reference return. [E:\Repo\A3sist\A3sist.Core\A3sist.Core.csproj]
     6>E:\Repo\A3sist\A3sist.Core\Services\SettingsPersistenceService.cs(196,24): error CS0117: 'File' does not contain a definition for 'CopyToAsync' [E:\Repo\A3sist\A3sist.Core\A3sist.Core.csproj]
     6>E:\Repo\A3sist\A3sist.Core\Services\SettingsPersistenceService.cs(211,41): warning CS1998: This async method lacks 'await' operators and will run synchronously. Consider using the 'await' operator to await non-blocking API calls, or 'await Task.Run(...)' to do CPU-bound work on a background thread. [E:\Repo\A3sist\A3sist.Core\A3sist.Core.csproj]
     6>E:\Repo\A3sist\A3sist.Core\Services\SettingsPersistenceService.cs(268,49): warning CS1998: This async method lacks 'await' operators and will run synchronously. Consider using the 'await' operator to await non-blocking API calls, or 'await Task.Run(...)' to do CPU-bound work on a background thread. [E:\Repo\A3sist\A3sist.Core\A3sist.Core.csproj]
     6>E:\Repo\A3sist\A3sist.Core\Services\RoutingRuleService.cs(137,40): error CS0103: The name 'refactorRule' does not exist in the current context [E:\Repo\A3sist\A3sist.Core\A3sist.Core.csproj]
     6>E:\Repo\A3sist\A3sist.Core\Services\RoutingRuleService.cs(137,54): error CS0103: The name 'csharpRule' does not exist in the current context [E:\Repo\A3sist\A3sist.Core\A3sist.Core.csproj]
     6>E:\Repo\A3sist\A3sist.Core\Services\RoutingRuleService.cs(137,66): error CS0103: The name 'jsRule' does not exist in the current context [E:\Repo\A3sist\A3sist.Core\A3sist.Core.csproj]
     6>E:\Repo\A3sist\A3sist.Core\Services\RoutingRuleService.cs(137,74): error CS0103: The name 'pythonRule' does not exist in the current context [E:\Repo\A3sist\A3sist.Core\A3sist.Core.csproj]
     6>E:\Repo\A3sist\A3sist.Core\Services\RefactoringService.cs(85,50): error CS0266: Cannot implicitly convert type 'bool?' to 'bool'. An explicit conversion exists (are you missing a cast?) [E:\Repo\A3sist\A3sist.Core\A3sist.Core.csproj]
     6>E:\Repo\A3sist\A3sist.Core\Services\RefactoringService.cs(90,88): warning CS8604: Possible null reference argument for parameter 'parameters' in 'Task<RefactoringResult> ILanguageRefactoringProvider.ApplyRefactoringAsync(string code, RefactoringType refactoringType, Dictionary<string, object> parameters = null, CancellationToken cancellationToken = default(CancellationToken))'. [E:\Repo\A3sist\A3sist.Core\A3sist.Core.csproj]
     6>E:\Repo\A3sist\A3sist.Core\Services\RefactoringService.cs(94,82): warning CS8604: Possible null reference argument for parameter 'parameters' in 'Task<RefactoringResult> RefactoringService.ApplyGenericRefactoringAsync(string code, RefactoringType refactoringType, Dictionary<string, object> parameters, CancellationToken cancellationToken)'. [E:\Repo\A3sist\A3sist.Core\A3sist.Core.csproj]
     6>E:\Repo\A3sist\A3sist.Core\Services\RefactoringService.cs(85,109): error CS0165: Use of unassigned local variable 'filePathObj' [E:\Repo\A3sist\A3sist.Core\A3sist.Core.csproj]
     6>E:\Repo\A3sist\A3sist.Core\Services\RoutingRuleService.cs(204,58): error CS1501: No overload for method 'Contains' takes 2 arguments [E:\Repo\A3sist\A3sist.Core\A3sist.Core.csproj]
     6>E:\Repo\A3sist\A3sist.Core\Services\SettingsPersistenceService.cs(444,24): warning CS8603: Possible null reference return. [E:\Repo\A3sist\A3sist.Core\A3sist.Core.csproj]
     6>E:\Repo\A3sist\A3sist.Core\Services\SettingsPersistenceService.cs(452,16): warning CS8603: Possible null reference return. [E:\Repo\A3sist\A3sist.Core\A3sist.Core.csproj]
     6>E:\Repo\A3sist\A3sist.Core\Services\RefactoringService.cs(319,47): warning CS1998: This async method lacks 'await' operators and will run synchronously. Consider using the 'await' operator to await non-blocking API calls, or 'await Task.Run(...)' to do CPU-bound work on a background thread. [E:\Repo\A3sist\A3sist.Core\A3sist.Core.csproj]
     6>E:\Repo\A3sist\A3sist.Core\Services\RefactoringService.cs(349,47): warning CS1998: This async method lacks 'await' operators and will run synchronously. Consider using the 'await' operator to await non-blocking API calls, or 'await Task.Run(...)' to do CPU-bound work on a background thread. [E:\Repo\A3sist\A3sist.Core\A3sist.Core.csproj]
     6>E:\Repo\A3sist\A3sist.Core\Services\RefactoringService.cs(367,47): warning CS1998: This async method lacks 'await' operators and will run synchronously. Consider using the 'await' operator to await non-blocking API calls, or 'await Task.Run(...)' to do CPU-bound work on a background thread. [E:\Repo\A3sist\A3sist.Core\A3sist.Core.csproj]
     6>E:\Repo\A3sist\A3sist.Core\Services\RAGService.cs(140,79): error CS1503: Argument 2: cannot convert from 'string' to 'A3sist.Shared.Models.KnowledgeContext' [E:\Repo\A3sist\A3sist.Core\A3sist.Core.csproj]
     6>E:\Repo\A3sist\A3sist.Core\Services\RAGService.cs(140,97): error CS1503: Argument 3: cannot convert from 'string' to 'System.Threading.CancellationToken' [E:\Repo\A3sist\A3sist.Core\A3sist.Core.csproj]
     6>E:\Repo\A3sist\A3sist.Core\Services\RefactoringService.cs(413,74): warning CS1998: This async method lacks 'await' operators and will run synchronously. Consider using the 'await' operator to await non-blocking API calls, or 'await Task.Run(...)' to do CPU-bound work on a background thread. [E:\Repo\A3sist\A3sist.Core\A3sist.Core.csproj]
     6>E:\Repo\A3sist\A3sist.Core\Services\RefactoringService.cs(443,74): warning CS1998: This async method lacks 'await' operators and will run synchronously. Consider using the 'await' operator to await non-blocking API calls, or 'await Task.Run(...)' to do CPU-bound work on a background thread. [E:\Repo\A3sist\A3sist.Core\A3sist.Core.csproj]
     6>E:\Repo\A3sist\A3sist.Core\Services\RoutingRuleService.cs(251,47): error CS1503: Argument 2: cannot convert from 'System.StringSplitOptions' to 'char' [E:\Repo\A3sist\A3sist.Core\A3sist.Core.csproj]
     6>E:\Repo\A3sist\A3sist.Core\Services\LoggingService.cs(110,53): warning CS1998: This async method lacks 'await' operators and will run synchronously. Consider using the 'await' operator to await non-blocking API calls, or 'await Task.Run(...)' to do CPU-bound work on a background thread. [E:\Repo\A3sist\A3sist.Core\A3sist.Core.csproj]
     6>E:\Repo\A3sist\A3sist.Core\Services\RAGService.cs(172,21): error CS0128: A local variable or function named 'content' is already defined in this scope [E:\Repo\A3sist\A3sist.Core\A3sist.Core.csproj]
     6>E:\Repo\A3sist\A3sist.Core\Services\RAGService.cs(173,73): error CS1503: Argument 1: cannot convert from 'System.Net.Http.StringContent' to 'System.Text.Json.JsonDocument' [E:\Repo\A3sist\A3sist.Core\A3sist.Core.csproj]
     6>E:\Repo\A3sist\A3sist.Core\Services\IntentClassifier.cs(38,49): warning CS1998: This async method lacks 'await' operators and will run synchronously. Consider using the 'await' operator to await non-blocking API calls, or 'await Task.Run(...)' to do CPU-bound work on a background thread. [E:\Repo\A3sist\A3sist.Core\A3sist.Core.csproj]
     6>E:\Repo\A3sist\A3sist.Core\Services\EnhancedRequestRouter.cs(54,39): error CS8858: The receiver type 'AgentRequest' is not a valid record type and is not a struct type. [E:\Repo\A3sist\A3sist.Core\A3sist.Core.csproj]
     6>E:\Repo\A3sist\A3sist.Core\Services\RAGService.cs(213,21): error CS0128: A local variable or function named 'content' is already defined in this scope [E:\Repo\A3sist\A3sist.Core\A3sist.Core.csproj]
     6>E:\Repo\A3sist\A3sist.Core\Services\RAGService.cs(214,73): error CS1503: Argument 1: cannot convert from 'System.Net.Http.StringContent' to 'System.Text.Json.JsonDocument' [E:\Repo\A3sist\A3sist.Core\A3sist.Core.csproj]
     6>E:\Repo\A3sist\A3sist.Core\Services\RAGService.cs(259,17): warning CS8602: Dereference of a possibly null reference. [E:\Repo\A3sist\A3sist.Core\A3sist.Core.csproj]
     6>E:\Repo\A3sist\A3sist.Core\Services\RefactoringService.cs(468,100): warning CS1998: This async method lacks 'await' operators and will run synchronously. Consider using the 'await' operator to await non-blocking API calls, or 'await Task.Run(...)' to do CPU-bound work on a background thread. [E:\Repo\A3sist\A3sist.Core\A3sist.Core.csproj]
     6>E:\Repo\A3sist\A3sist.Core\Services\EnhancedPerformanceMonitoringService.cs(76,16): warning CS8618: Non-nullable field '_metricsTimer' must contain a non-null value when exiting constructor. Consider adding the 'required' modifier or declaring the field as nullable. [E:\Repo\A3sist\A3sist.Core\A3sist.Core.csproj]
     6>E:\Repo\A3sist\A3sist.Core\Services\EnhancedPerformanceMonitoringService.cs(123,20): error CS1593: Delegate 'Func<string, AgentMetrics>' does not take 0 arguments [E:\Repo\A3sist\A3sist.Core\A3sist.Core.csproj]
     6>E:\Repo\A3sist\A3sist.Core\Services\EnhancedRequestRouter.cs(153,28): warning CS8603: Possible null reference return. [E:\Repo\A3sist\A3sist.Core\A3sist.Core.csproj]
     6>E:\Repo\A3sist\A3sist.Core\Services\EnhancedRequestRouter.cs(159,36): warning CS8602: Dereference of a possibly null reference. [E:\Repo\A3sist\A3sist.Core\A3sist.Core.csproj]
     6>E:\Repo\A3sist\A3sist.Core\Services\ConfigurationService.cs(36,84): error CS0104: 'IConfigurationProvider' is an ambiguous reference between 'Microsoft.Extensions.Configuration.IConfigurationProvider' and 'A3sist.Shared.Interfaces.IConfigurationProvider' [E:\Repo\A3sist\A3sist.Core\A3sist.Core.csproj]
     6>E:\Repo\A3sist\A3sist.Core\Services\ConfigurationService.cs(36,35): error CS0019: Operator '??' cannot be applied to operands of type 'IConfigurationProvider[]' and 'IConfigurationProvider[]' [E:\Repo\A3sist\A3sist.Core\A3sist.Core.csproj]
     6>E:\Repo\A3sist\A3sist.Core\Services\ConfigurationService.cs(29,12): warning CS8618: Non-nullable field '_a3sistConfig' must contain a non-null value when exiting constructor. Consider adding the 'required' modifier or declaring the field as nullable. [E:\Repo\A3sist\A3sist.Core\A3sist.Core.csproj]
     6>E:\Repo\A3sist\A3sist.Core\Services\ConfigurationService.cs(90,20): warning CS8603: Possible null reference return. [E:\Repo\A3sist\A3sist.Core\A3sist.Core.csproj]
     6>E:\Repo\A3sist\A3sist.Core\Services\CodeAnalysisService.cs(74,51): warning CS1998: This async method lacks 'await' operators and will run synchronously. Consider using the 'await' operator to await non-blocking API calls, or 'await Task.Run(...)' to do CPU-bound work on a background thread. [E:\Repo\A3sist\A3sist.Core\A3sist.Core.csproj]
     6>E:\Repo\A3sist\A3sist.Core\Services\CodeAnalysisService.cs(117,46): warning CS1998: This async method lacks 'await' operators and will run synchronously. Consider using the 'await' operator to await non-blocking API calls, or 'await Task.Run(...)' to do CPU-bound work on a background thread. [E:\Repo\A3sist\A3sist.Core\A3sist.Core.csproj]
     6>E:\Repo\A3sist\A3sist.Core\Services\CodeAnalysisService.cs(156,53): warning CS1998: This async method lacks 'await' operators and will run synchronously. Consider using the 'await' operator to await non-blocking API calls, or 'await Task.Run(...)' to do CPU-bound work on a background thread. [E:\Repo\A3sist\A3sist.Core\A3sist.Core.csproj]
     6>E:\Repo\A3sist\A3sist.Core\Services\CodeAnalysisService.cs(206,54): warning CS1998: This async method lacks 'await' operators and will run synchronously. Consider using the 'await' operator to await non-blocking API calls, or 'await Task.Run(...)' to do CPU-bound work on a background thread. [E:\Repo\A3sist\A3sist.Core\A3sist.Core.csproj]
     6>E:\Repo\A3sist\A3sist.Core\Services\CodeAnalysisService.cs(255,54): warning CS1998: This async method lacks 'await' operators and will run synchronously. Consider using the 'await' operator to await non-blocking API calls, or 'await Task.Run(...)' to do CPU-bound work on a background thread. [E:\Repo\A3sist\A3sist.Core\A3sist.Core.csproj]
     6>E:\Repo\A3sist\A3sist.Core\Services\PerformanceMonitoringService.cs(236,48): warning CS1998: This async method lacks 'await' operators and will run synchronously. Consider using the 'await' operator to await non-blocking API calls, or 'await Task.Run(...)' to do CPU-bound work on a background thread. [E:\Repo\A3sist\A3sist.Core\A3sist.Core.csproj]
     6>E:\Repo\A3sist\A3sist.Core\Services\AgentStatusService.cs(81,54): error CS7036: There is no argument given that corresponds to the required parameter 'previousHealth' of 'AgentStatusChangedEventArgs.AgentStatusChangedEventArgs(string, WorkStatus, WorkStatus, HealthStatus, HealthStatus, string?)' [E:\Repo\A3sist\A3sist.Core\A3sist.Core.csproj]
     6>E:\Repo\A3sist\A3sist.Core\Services\ConfigurationService.cs(135,50): warning CS8604: Possible null reference argument for parameter 'addValue' in 'object ConcurrentDictionary<string, object>.AddOrUpdate(string key, object addValue, Func<string, object, object> updateValueFactory)'. [E:\Repo\A3sist\A3sist.Core\A3sist.Core.csproj]
     6>E:\Repo\A3sist\A3sist.Core\Services\ConfigurationService.cs(135,67): warning CS8603: Possible null reference return. [E:\Repo\A3sist\A3sist.Core\A3sist.Core.csproj]
     6>E:\Repo\A3sist\A3sist.Core\Services\ConfigurationService.cs(143,41): warning CS8601: Possible null reference assignment. [E:\Repo\A3sist\A3sist.Core\A3sist.Core.csproj]
     6>E:\Repo\A3sist\A3sist.Core\Logging\LoggingScope.cs(15,20): warning CS8603: Possible null reference return. [E:\Repo\A3sist\A3sist.Core\A3sist.Core.csproj]
     6>E:\Repo\A3sist\A3sist.Core\Logging\LoggingScope.cs(28,20): warning CS8603: Possible null reference return. [E:\Repo\A3sist\A3sist.Core\A3sist.Core.csproj]
     6>E:\Repo\A3sist\A3sist.Core\Logging\LoggingScope.cs(42,20): warning CS8603: Possible null reference return. [E:\Repo\A3sist\A3sist.Core\A3sist.Core.csproj]
     6>E:\Repo\A3sist\A3sist.Core\Logging\LoggingScope.cs(55,20): warning CS8603: Possible null reference return. [E:\Repo\A3sist\A3sist.Core\A3sist.Core.csproj]
     6>E:\Repo\A3sist\A3sist.Core\Logging\LoggingScope.cs(68,20): warning CS8603: Possible null reference return. [E:\Repo\A3sist\A3sist.Core\A3sist.Core.csproj]
     6>E:\Repo\A3sist\A3sist.Core\Logging\LoggingScope.cs(81,20): warning CS8603: Possible null reference return. [E:\Repo\A3sist\A3sist.Core\A3sist.Core.csproj]
     6>E:\Repo\A3sist\A3sist.Core\Logging\LoggingScope.cs(89,20): warning CS8603: Possible null reference return. [E:\Repo\A3sist\A3sist.Core\A3sist.Core.csproj]
     6>E:\Repo\A3sist\A3sist.Core\Orchastrator.cs(96,72): error CS0019: Operator '??' cannot be applied to operands of type 'int' and 'int' [E:\Repo\A3sist\A3sist.Core\A3sist.Core.csproj]
     6>E:\Repo\A3sist\A3sist.Core\Services\ErrorReportingService.cs(526,52): warning CS1998: This async method lacks 'await' operators and will run synchronously. Consider using the 'await' operator to await non-blocking API calls, or 'await Task.Run(...)' to do CPU-bound work on a background thread. [E:\Repo\A3sist\A3sist.Core\A3sist.Core.csproj]
     6>E:\Repo\A3sist\A3sist.Core\Services\ErrorReportingService.cs(536,47): warning CS1998: This async method lacks 'await' operators and will run synchronously. Consider using the 'await' operator to await non-blocking API calls, or 'await Task.Run(...)' to do CPU-bound work on a background thread. [E:\Repo\A3sist\A3sist.Core\A3sist.Core.csproj]
     6>E:\Repo\A3sist\A3sist.Core\Services\ErrorReportingService.cs(544,52): warning CS1998: This async method lacks 'await' operators and will run synchronously. Consider using the 'await' operator to await non-blocking API calls, or 'await Task.Run(...)' to do CPU-bound work on a background thread. [E:\Repo\A3sist\A3sist.Core\A3sist.Core.csproj]
     6>E:\Repo\A3sist\A3sist.Core\Services\ErrorReportingService.cs(560,54): warning CS1998: This async method lacks 'await' operators and will run synchronously. Consider using the 'await' operator to await non-blocking API calls, or 'await Task.Run(...)' to do CPU-bound work on a background thread. [E:\Repo\A3sist\A3sist.Core\A3sist.Core.csproj]
     6>E:\Repo\A3sist\A3sist.Core\Services\ErrorReportingService.cs(622,48): warning CS1998: This async method lacks 'await' operators and will run synchronously. Consider using the 'await' operator to await non-blocking API calls, or 'await Task.Run(...)' to do CPU-bound work on a background thread. [E:\Repo\A3sist\A3sist.Core\A3sist.Core.csproj]
     6>E:\Repo\A3sist\A3sist.Core\Agents\Core\Dispatcher\Services\TaskQueue.cs(15,55): warning CS0649: Field 'TaskQueue._workflowQueue' is never assigned to, and will always have its default value null [E:\Repo\A3sist\A3sist.Core\A3sist.Core.csproj]
     6>E:\Repo\A3sist\A3sist.Core\Agents\Core\MCPEnhancedAgent.cs(22,47): warning CS0169: The field 'MCPEnhancedAgent._availableTools' is never used [E:\Repo\A3sist\A3sist.Core\A3sist.Core.csproj]
         CompilerServer: server - server processed compilation - A3sist.Core (net472)
     6>Done Building Project "E:\Repo\A3sist\A3sist.Core\A3sist.Core.csproj" (default targets) -- FAILED.
     2>Done Building Project "E:\Repo\A3sist\A3sist.UI\A3sist.UI.csproj" (Build target(s)) -- FAILED.
     2>Done Building Project "E:\Repo\A3sist\A3sist.UI\A3sist.UI.csproj" (Build target(s)) -- FAILED.
     2>Done Building Project "E:\Repo\A3sist\A3sist.UI\A3sist.UI.csproj" (default targets) -- FAILED.
     3>Done Building Project "E:\Repo\A3sist\tests\A3sist.Core.Tests\A3sist.Core.Tests.csproj" (default targets) -- FAILED.
     5>Done Building Project "E:\Repo\A3sist\tests\A3sist.UI.Tests\A3sist.UI.Tests.csproj" (default targets) -- FAILED.
     1>Done Building Project "E:\Repo\A3sist\A3sist.sln" (default targets) -- FAILED.

Build FAILED.

       "E:\Repo\A3sist\A3sist.sln" (default target) (1) ->
       "E:\Repo\A3sist\tests\A3sist.Core.Tests\A3sist.Core.Tests.csproj" (default target) (3) ->
       (ResolvePackageAssets target) -> 
         E:\Repo\A3sist\tests\A3sist.Core.Tests\A3sist.Core.Tests.csproj : warning NU1701: Package 'Microsoft.IO.Redist 6.1.0' was restored using '.NETFramework,Version=v4.6.1, .NETFramework,Version=v4.6.2, .NETFramework,Version=v4.7, .NETFramework,Version=v4.7.1, .NETFramework,Version=v4.7.2, .NETFramework,Version=v4.8, .NETFramework,Version=v4.8.1' instead of the project target framework 'net9.0'. This package may not be fully compatible with your project.
         E:\Repo\A3sist\tests\A3sist.Core.Tests\A3sist.Core.Tests.csproj : warning NU1701: Package 'Microsoft.VisualStudio.Editor 17.14.249' was restored using '.NETFramework,Version=v4.6.1, .NETFramework,Version=v4.6.2, .NETFramework,Version=v4.7, .NETFramework,Version=v4.7.1, .NETFramework,Version=v4.7.2, .NETFramework,Version=v4.8, .NETFramework,Version=v4.8.1' instead of the project target framework 'net9.0'. This package may not be fully compatible with your project.
         E:\Repo\A3sist\tests\A3sist.Core.Tests\A3sist.Core.Tests.csproj : warning NU1701: Package 'Microsoft.VisualStudio.GraphModel 17.14.40260' was restored using '.NETFramework,Version=v4.6.1, .NETFramework,Version=v4.6.2, .NETFramework,Version=v4.7, .NETFramework,Version=v4.7.1, .NETFramework,Version=v4.7.2, .NETFramework,Version=v4.8, .NETFramework,Version=v4.8.1' instead of the project target framework 'net9.0'. This package may not be fully compatible with your project.
         E:\Repo\A3sist\tests\A3sist.Core.Tests\A3sist.Core.Tests.csproj : warning NU1701: Package 'Microsoft.VisualStudio.Imaging 17.14.40264' was restored using '.NETFramework,Version=v4.6.1, .NETFramework,Version=v4.6.2, .NETFramework,Version=v4.7, .NETFramework,Version=v4.7.1, .NETFramework,Version=v4.7.2, .NETFramework,Version=v4.8, .NETFramework,Version=v4.8.1' instead of the project target framework 'net9.0'. This package may not be fully compatible with your project.
         E:\Repo\A3sist\tests\A3sist.Core.Tests\A3sist.Core.Tests.csproj : warning NU1701: Package 'Microsoft.VisualStudio.Language.Intellisense 17.14.249' was restored using '.NETFramework,Version=v4.6.1, .NETFramework,Version=v4.6.2, .NETFramework,Version=v4.7, .NETFramework,Version=v4.7.1, .NETFramework,Version=v4.7.2, .NETFramework,Version=v4.8, .NETFramework,Version=v4.8.1' instead of the project target framework 'net9.0'. This package may not be fully compatible with your project.
         E:\Repo\A3sist\tests\A3sist.Core.Tests\A3sist.Core.Tests.csproj : warning NU1701: Package 'Microsoft.VisualStudio.Language.NavigateTo.Interfaces 17.14.249' was restored using '.NETFramework,Version=v4.6.1, .NETFramework,Version=v4.6.2, .NETFramework,Version=v4.7, .NETFramework,Version=v4.7.1, .NETFramework,Version=v4.7.2, .NETFramework,Version=v4.8, .NETFramework,Version=v4.8.1' instead of the project target framework 'net9.0'. This package may not be fully compatible with your project.
         E:\Repo\A3sist\tests\A3sist.Core.Tests\A3sist.Core.Tests.csproj : warning NU1701: Package 'Microsoft.VisualStudio.Linux.ConnectionManager.Store 17.14.40254' was restored using '.NETFramework,Version=v4.6.1, .NETFramework,Version=v4.6.2, .NETFramework,Version=v4.7, .NETFramework,Version=v4.7.1, .NETFramework,Version=v4.7.2, .NETFramework,Version=v4.8, .NETFramework,Version=v4.8.1' instead of the project target framework 'net9.0'. This package may not be fully compatible with your project.
         E:\Repo\A3sist\tests\A3sist.Core.Tests\A3sist.Core.Tests.csproj : warning NU1701: Package 'Microsoft.VisualStudio.Package.LanguageService.15.0 17.14.40264' was restored using '.NETFramework,Version=v4.6.1, .NETFramework,Version=v4.6.2, .NETFramework,Version=v4.7, .NETFramework,Version=v4.7.1, .NETFramework,Version=v4.7.2, .NETFramework,Version=v4.8, .NETFramework,Version=v4.8.1' instead of the project target framework 'net9.0'. This package may not be fully compatible with your project.
         E:\Repo\A3sist\tests\A3sist.Core.Tests\A3sist.Core.Tests.csproj : warning NU1701: Package 'Microsoft.VisualStudio.Shell.15.0 17.14.40264' was restored using '.NETFramework,Version=v4.6.1, .NETFramework,Version=v4.6.2, .NETFramework,Version=v4.7, .NETFramework,Version=v4.7.1, .NETFramework,Version=v4.7.2, .NETFramework,Version=v4.8, .NETFramework,Version=v4.8.1' instead of the project target framework 'net9.0'. This package may not be fully compatible with your project.
         E:\Repo\A3sist\tests\A3sist.Core.Tests\A3sist.Core.Tests.csproj : warning NU1701: Package 'Microsoft.VisualStudio.Shell.Design 17.14.40264' was restored using '.NETFramework,Version=v4.6.1, .NETFramework,Version=v4.6.2, .NETFramework,Version=v4.7, .NETFramework,Version=v4.7.1, .NETFramework,Version=v4.7.2, .NETFramework,Version=v4.8, .NETFramework,Version=v4.8.1' instead of the project target framework 'net9.0'. This package may not be fully compatible with your project.
         E:\Repo\A3sist\tests\A3sist.Core.Tests\A3sist.Core.Tests.csproj : warning NU1701: Package 'Microsoft.VisualStudio.TaskRunnerExplorer.14.0 14.0.0' was restored using '.NETFramework,Version=v4.6.1, .NETFramework,Version=v4.6.2, .NETFramework,Version=v4.7, .NETFramework,Version=v4.7.1, .NETFramework,Version=v4.7.2, .NETFramework,Version=v4.8, .NETFramework,Version=v4.8.1' instead of the project target framework 'net9.0'. This package may not be fully compatible with your project.
         E:\Repo\A3sist\tests\A3sist.Core.Tests\A3sist.Core.Tests.csproj : warning NU1701: Package 'Microsoft.VisualStudio.Text.UI.Wpf 17.14.249' was restored using '.NETFramework,Version=v4.6.1, .NETFramework,Version=v4.6.2, .NETFramework,Version=v4.7, .NETFramework,Version=v4.7.1, .NETFramework,Version=v4.7.2, .NETFramework,Version=v4.8, .NETFramework,Version=v4.8.1' instead of the project target framework 'net9.0'. This package may not be fully compatible with your project.
         E:\Repo\A3sist\tests\A3sist.Core.Tests\A3sist.Core.Tests.csproj : warning NU1701: Package 'Microsoft.VisualStudio.TextTemplating.VSHost 17.14.40265' was restored using '.NETFramework,Version=v4.6.1, .NETFramework,Version=v4.6.2, .NETFramework,Version=v4.7, .NETFramework,Version=v4.7.1, .NETFramework,Version=v4.7.2, .NETFramework,Version=v4.8, .NETFramework,Version=v4.8.1' instead of the project target framework 'net9.0'. This package may not be fully compatible with your project.
         E:\Repo\A3sist\tests\A3sist.Core.Tests\A3sist.Core.Tests.csproj : warning NU1701: Package 'Microsoft.VisualStudio.Web.BrowserLink.12.0 12.0.0' was restored using '.NETFramework,Version=v4.6.1, .NETFramework,Version=v4.6.2, .NETFramework,Version=v4.7, .NETFramework,Version=v4.7.1, .NETFramework,Version=v4.7.2, .NETFramework,Version=v4.8, .NETFramework,Version=v4.8.1' instead of the project target framework 'net9.0'. This package may not be fully compatible with your project.


       "E:\Repo\A3sist\A3sist.sln" (default target) (1) ->
       "E:\Repo\A3sist\A3sist.UI\A3sist.UI.csproj" (default target) (2) ->
       "E:\Repo\A3sist\A3sist.UI\A3sist.UI.csproj" (Build target) (2:2) ->
         E:\Repo\A3sist\A3sist.UI\A3sist.UI.csproj : warning NU1701: Package 'Microsoft.IO.Redist 6.1.0' was restored using '.NETFramework,Version=v4.6.1, .NETFramework,Version=v4.6.2, .NETFramework,Version=v4.7, .NETFramework,Version=v4.7.1, .NETFramework,Version=v4.7.2, .NETFramework,Version=v4.8, .NETFramework,Version=v4.8.1' instead of the project target framework 'net9.0-windows7.0'. This package may not be fully compatible with your project. [TargetFramework=net472]
         E:\Repo\A3sist\A3sist.UI\A3sist.UI.csproj : warning NU1701: Package 'Microsoft.VisualStudio.Editor 17.14.249' was restored using '.NETFramework,Version=v4.6.1, .NETFramework,Version=v4.6.2, .NETFramework,Version=v4.7, .NETFramework,Version=v4.7.1, .NETFramework,Version=v4.7.2, .NETFramework,Version=v4.8, .NETFramework,Version=v4.8.1' instead of the project target framework 'net9.0-windows7.0'. This package may not be fully compatible with your project. [TargetFramework=net472]
         E:\Repo\A3sist\A3sist.UI\A3sist.UI.csproj : warning NU1701: Package 'Microsoft.VisualStudio.GraphModel 17.14.40260' was restored using '.NETFramework,Version=v4.6.1, .NETFramework,Version=v4.6.2, .NETFramework,Version=v4.7, .NETFramework,Version=v4.7.1, .NETFramework,Version=v4.7.2, .NETFramework,Version=v4.8, .NETFramework,Version=v4.8.1' instead of the project target framework 'net9.0-windows7.0'. This package may not be fully compatible with your project. [TargetFramework=net472]
         E:\Repo\A3sist\A3sist.UI\A3sist.UI.csproj : warning NU1701: Package 'Microsoft.VisualStudio.Imaging 17.14.40264' was restored using '.NETFramework,Version=v4.6.1, .NETFramework,Version=v4.6.2, .NETFramework,Version=v4.7, .NETFramework,Version=v4.7.1, .NETFramework,Version=v4.7.2, .NETFramework,Version=v4.8, .NETFramework,Version=v4.8.1' instead of the project target framework 'net9.0-windows7.0'. This package may not be fully compatible with your project. [TargetFramework=net472]
         E:\Repo\A3sist\A3sist.UI\A3sist.UI.csproj : warning NU1701: Package 'Microsoft.VisualStudio.Language.Intellisense 17.14.249' was restored using '.NETFramework,Version=v4.6.1, .NETFramework,Version=v4.6.2, .NETFramework,Version=v4.7, .NETFramework,Version=v4.7.1, .NETFramework,Version=v4.7.2, .NETFramework,Version=v4.8, .NETFramework,Version=v4.8.1' instead of the project target framework 'net9.0-windows7.0'. This package may not be fully compatible with your project. [TargetFramework=net472]
         E:\Repo\A3sist\A3sist.UI\A3sist.UI.csproj : warning NU1701: Package 'Microsoft.VisualStudio.Language.NavigateTo.Interfaces 17.14.249' was restored using '.NETFramework,Version=v4.6.1, .NETFramework,Version=v4.6.2, .NETFramework,Version=v4.7, .NETFramework,Version=v4.7.1, .NETFramework,Version=v4.7.2, .NETFramework,Version=v4.8, .NETFramework,Version=v4.8.1' instead of the project target framework 'net9.0-windows7.0'. This package may not be fully compatible with your project. [TargetFramework=net472]
         E:\Repo\A3sist\A3sist.UI\A3sist.UI.csproj : warning NU1701: Package 'Microsoft.VisualStudio.Linux.ConnectionManager.Store 17.14.40254' was restored using '.NETFramework,Version=v4.6.1, .NETFramework,Version=v4.6.2, .NETFramework,Version=v4.7, .NETFramework,Version=v4.7.1, .NETFramework,Version=v4.7.2, .NETFramework,Version=v4.8, .NETFramework,Version=v4.8.1' instead of the project target framework 'net9.0-windows7.0'. This package may not be fully compatible with your project. [TargetFramework=net472]
         E:\Repo\A3sist\A3sist.UI\A3sist.UI.csproj : warning NU1701: Package 'Microsoft.VisualStudio.Package.LanguageService.15.0 17.14.40264' was restored using '.NETFramework,Version=v4.6.1, .NETFramework,Version=v4.6.2, .NETFramework,Version=v4.7, .NETFramework,Version=v4.7.1, .NETFramework,Version=v4.7.2, .NETFramework,Version=v4.8, .NETFramework,Version=v4.8.1' instead of the project target framework 'net9.0-windows7.0'. This package may not be fully compatible with your project. [TargetFramework=net472]
         E:\Repo\A3sist\A3sist.UI\A3sist.UI.csproj : warning NU1701: Package 'Microsoft.VisualStudio.Shell.15.0 17.14.40264' was restored using '.NETFramework,Version=v4.6.1, .NETFramework,Version=v4.6.2, .NETFramework,Version=v4.7, .NETFramework,Version=v4.7.1, .NETFramework,Version=v4.7.2, .NETFramework,Version=v4.8, .NETFramework,Version=v4.8.1' instead of the project target framework 'net9.0-windows7.0'. This package may not be fully compatible with your project. [TargetFramework=net472]
         E:\Repo\A3sist\A3sist.UI\A3sist.UI.csproj : warning NU1701: Package 'Microsoft.VisualStudio.Shell.Design 17.14.40264' was restored using '.NETFramework,Version=v4.6.1, .NETFramework,Version=v4.6.2, .NETFramework,Version=v4.7, .NETFramework,Version=v4.7.1, .NETFramework,Version=v4.7.2, .NETFramework,Version=v4.8, .NETFramework,Version=v4.8.1' instead of the project target framework 'net9.0-windows7.0'. This package may not be fully compatible with your project. [TargetFramework=net472]
         E:\Repo\A3sist\A3sist.UI\A3sist.UI.csproj : warning NU1701: Package 'Microsoft.VisualStudio.TaskRunnerExplorer.14.0 14.0.0' was restored using '.NETFramework,Version=v4.6.1, .NETFramework,Version=v4.6.2, .NETFramework,Version=v4.7, .NETFramework,Version=v4.7.1, .NETFramework,Version=v4.7.2, .NETFramework,Version=v4.8, .NETFramework,Version=v4.8.1' instead of the project target framework 'net9.0-windows7.0'. This package may not be fully compatible with your project. [TargetFramework=net472]
         E:\Repo\A3sist\A3sist.UI\A3sist.UI.csproj : warning NU1701: Package 'Microsoft.VisualStudio.Text.UI.Wpf 17.14.249' was restored using '.NETFramework,Version=v4.6.1, .NETFramework,Version=v4.6.2, .NETFramework,Version=v4.7, .NETFramework,Version=v4.7.1, .NETFramework,Version=v4.7.2, .NETFramework,Version=v4.8, .NETFramework,Version=v4.8.1' instead of the project target framework 'net9.0-windows7.0'. This package may not be fully compatible with your project. [TargetFramework=net472]
         E:\Repo\A3sist\A3sist.UI\A3sist.UI.csproj : warning NU1701: Package 'Microsoft.VisualStudio.TextTemplating.VSHost 17.14.40265' was restored using '.NETFramework,Version=v4.6.1, .NETFramework,Version=v4.6.2, .NETFramework,Version=v4.7, .NETFramework,Version=v4.7.1, .NETFramework,Version=v4.7.2, .NETFramework,Version=v4.8, .NETFramework,Version=v4.8.1' instead of the project target framework 'net9.0-windows7.0'. This package may not be fully compatible with your project. [TargetFramework=net472]
         E:\Repo\A3sist\A3sist.UI\A3sist.UI.csproj : warning NU1701: Package 'Microsoft.VisualStudio.Web.BrowserLink.12.0 12.0.0' was restored using '.NETFramework,Version=v4.6.1, .NETFramework,Version=v4.6.2, .NETFramework,Version=v4.7, .NETFramework,Version=v4.7.1, .NETFramework,Version=v4.7.2, .NETFramework,Version=v4.8, .NETFramework,Version=v4.8.1' instead of the project target framework 'net9.0-windows7.0'. This package may not be fully compatible with your project. [TargetFramework=net472]


       "E:\Repo\A3sist\A3sist.sln" (default target) (1) ->
       "E:\Repo\A3sist\A3sist.UI\A3sist.UI.csproj" (default target) (2) ->
       "E:\Repo\A3sist\A3sist.UI\A3sist.UI.csproj" (Build target) (2:3) ->
         E:\Repo\A3sist\A3sist.UI\A3sist.UI.csproj : warning NU1701: Package 'Microsoft.IO.Redist 6.1.0' was restored using '.NETFramework,Version=v4.6.1, .NETFramework,Version=v4.6.2, .NETFramework,Version=v4.7, .NETFramework,Version=v4.7.1, .NETFramework,Version=v4.7.2, .NETFramework,Version=v4.8, .NETFramework,Version=v4.8.1' instead of the project target framework 'net9.0-windows7.0'. This package may not be fully compatible with your project. [TargetFramework=net9.0-windows]
         E:\Repo\A3sist\A3sist.UI\A3sist.UI.csproj : warning NU1701: Package 'Microsoft.VisualStudio.Editor 17.14.249' was restored using '.NETFramework,Version=v4.6.1, .NETFramework,Version=v4.6.2, .NETFramework,Version=v4.7, .NETFramework,Version=v4.7.1, .NETFramework,Version=v4.7.2, .NETFramework,Version=v4.8, .NETFramework,Version=v4.8.1' instead of the project target framework 'net9.0-windows7.0'. This package may not be fully compatible with your project. [TargetFramework=net9.0-windows]
         E:\Repo\A3sist\A3sist.UI\A3sist.UI.csproj : warning NU1701: Package 'Microsoft.VisualStudio.GraphModel 17.14.40260' was restored using '.NETFramework,Version=v4.6.1, .NETFramework,Version=v4.6.2, .NETFramework,Version=v4.7, .NETFramework,Version=v4.7.1, .NETFramework,Version=v4.7.2, .NETFramework,Version=v4.8, .NETFramework,Version=v4.8.1' instead of the project target framework 'net9.0-windows7.0'. This package may not be fully compatible with your project. [TargetFramework=net9.0-windows]
         E:\Repo\A3sist\A3sist.UI\A3sist.UI.csproj : warning NU1701: Package 'Microsoft.VisualStudio.Imaging 17.14.40264' was restored using '.NETFramework,Version=v4.6.1, .NETFramework,Version=v4.6.2, .NETFramework,Version=v4.7, .NETFramework,Version=v4.7.1, .NETFramework,Version=v4.7.2, .NETFramework,Version=v4.8, .NETFramework,Version=v4.8.1' instead of the project target framework 'net9.0-windows7.0'. This package may not be fully compatible with your project. [TargetFramework=net9.0-windows]
         E:\Repo\A3sist\A3sist.UI\A3sist.UI.csproj : warning NU1701: Package 'Microsoft.VisualStudio.Language.Intellisense 17.14.249' was restored using '.NETFramework,Version=v4.6.1, .NETFramework,Version=v4.6.2, .NETFramework,Version=v4.7, .NETFramework,Version=v4.7.1, .NETFramework,Version=v4.7.2, .NETFramework,Version=v4.8, .NETFramework,Version=v4.8.1' instead of the project target framework 'net9.0-windows7.0'. This package may not be fully compatible with your project. [TargetFramework=net9.0-windows]
         E:\Repo\A3sist\A3sist.UI\A3sist.UI.csproj : warning NU1701: Package 'Microsoft.VisualStudio.Language.NavigateTo.Interfaces 17.14.249' was restored using '.NETFramework,Version=v4.6.1, .NETFramework,Version=v4.6.2, .NETFramework,Version=v4.7, .NETFramework,Version=v4.7.1, .NETFramework,Version=v4.7.2, .NETFramework,Version=v4.8, .NETFramework,Version=v4.8.1' instead of the project target framework 'net9.0-windows7.0'. This package may not be fully compatible with your project. [TargetFramework=net9.0-windows]
         E:\Repo\A3sist\A3sist.UI\A3sist.UI.csproj : warning NU1701: Package 'Microsoft.VisualStudio.Linux.ConnectionManager.Store 17.14.40254' was restored using '.NETFramework,Version=v4.6.1, .NETFramework,Version=v4.6.2, .NETFramework,Version=v4.7, .NETFramework,Version=v4.7.1, .NETFramework,Version=v4.7.2, .NETFramework,Version=v4.8, .NETFramework,Version=v4.8.1' instead of the project target framework 'net9.0-windows7.0'. This package may not be fully compatible with your project. [TargetFramework=net9.0-windows]
         E:\Repo\A3sist\A3sist.UI\A3sist.UI.csproj : warning NU1701: Package 'Microsoft.VisualStudio.Package.LanguageService.15.0 17.14.40264' was restored using '.NETFramework,Version=v4.6.1, .NETFramework,Version=v4.6.2, .NETFramework,Version=v4.7, .NETFramework,Version=v4.7.1, .NETFramework,Version=v4.7.2, .NETFramework,Version=v4.8, .NETFramework,Version=v4.8.1' instead of the project target framework 'net9.0-windows7.0'. This package may not be fully compatible with your project. [TargetFramework=net9.0-windows]
         E:\Repo\A3sist\A3sist.UI\A3sist.UI.csproj : warning NU1701: Package 'Microsoft.VisualStudio.Shell.15.0 17.14.40264' was restored using '.NETFramework,Version=v4.6.1, .NETFramework,Version=v4.6.2, .NETFramework,Version=v4.7, .NETFramework,Version=v4.7.1, .NETFramework,Version=v4.7.2, .NETFramework,Version=v4.8, .NETFramework,Version=v4.8.1' instead of the project target framework 'net9.0-windows7.0'. This package may not be fully compatible with your project. [TargetFramework=net9.0-windows]
         E:\Repo\A3sist\A3sist.UI\A3sist.UI.csproj : warning NU1701: Package 'Microsoft.VisualStudio.Shell.Design 17.14.40264' was restored using '.NETFramework,Version=v4.6.1, .NETFramework,Version=v4.6.2, .NETFramework,Version=v4.7, .NETFramework,Version=v4.7.1, .NETFramework,Version=v4.7.2, .NETFramework,Version=v4.8, .NETFramework,Version=v4.8.1' instead of the project target framework 'net9.0-windows7.0'. This package may not be fully compatible with your project. [TargetFramework=net9.0-windows]
         E:\Repo\A3sist\A3sist.UI\A3sist.UI.csproj : warning NU1701: Package 'Microsoft.VisualStudio.TaskRunnerExplorer.14.0 14.0.0' was restored using '.NETFramework,Version=v4.6.1, .NETFramework,Version=v4.6.2, .NETFramework,Version=v4.7, .NETFramework,Version=v4.7.1, .NETFramework,Version=v4.7.2, .NETFramework,Version=v4.8, .NETFramework,Version=v4.8.1' instead of the project target framework 'net9.0-windows7.0'. This package may not be fully compatible with your project. [TargetFramework=net9.0-windows]
         E:\Repo\A3sist\A3sist.UI\A3sist.UI.csproj : warning NU1701: Package 'Microsoft.VisualStudio.Text.UI.Wpf 17.14.249' was restored using '.NETFramework,Version=v4.6.1, .NETFramework,Version=v4.6.2, .NETFramework,Version=v4.7, .NETFramework,Version=v4.7.1, .NETFramework,Version=v4.7.2, .NETFramework,Version=v4.8, .NETFramework,Version=v4.8.1' instead of the project target framework 'net9.0-windows7.0'. This package may not be fully compatible with your project. [TargetFramework=net9.0-windows]
         E:\Repo\A3sist\A3sist.UI\A3sist.UI.csproj : warning NU1701: Package 'Microsoft.VisualStudio.TextTemplating.VSHost 17.14.40265' was restored using '.NETFramework,Version=v4.6.1, .NETFramework,Version=v4.6.2, .NETFramework,Version=v4.7, .NETFramework,Version=v4.7.1, .NETFramework,Version=v4.7.2, .NETFramework,Version=v4.8, .NETFramework,Version=v4.8.1' instead of the project target framework 'net9.0-windows7.0'. This package may not be fully compatible with your project. [TargetFramework=net9.0-windows]
         E:\Repo\A3sist\A3sist.UI\A3sist.UI.csproj : warning NU1701: Package 'Microsoft.VisualStudio.Web.BrowserLink.12.0 12.0.0' was restored using '.NETFramework,Version=v4.6.1, .NETFramework,Version=v4.6.2, .NETFramework,Version=v4.7, .NETFramework,Version=v4.7.1, .NETFramework,Version=v4.7.2, .NETFramework,Version=v4.8, .NETFramework,Version=v4.8.1' instead of the project target framework 'net9.0-windows7.0'. This package may not be fully compatible with your project. [TargetFramework=net9.0-windows]


       "E:\Repo\A3sist\A3sist.sln" (default target) (1) ->
       "E:\Repo\A3sist\tests\A3sist.UI.Tests\A3sist.UI.Tests.csproj" (default target) (5) ->
         E:\Repo\A3sist\tests\A3sist.UI.Tests\A3sist.UI.Tests.csproj : warning NU1701: Package 'Microsoft.IO.Redist 6.1.0' was restored using '.NETFramework,Version=v4.6.1, .NETFramework,Version=v4.6.2, .NETFramework,Version=v4.7, .NETFramework,Version=v4.7.1, .NETFramework,Version=v4.7.2, .NETFramework,Version=v4.8, .NETFramework,Version=v4.8.1' instead of the project target framework 'net9.0-windows7.0'. This package may not be fully compatible with your project.
         E:\Repo\A3sist\tests\A3sist.UI.Tests\A3sist.UI.Tests.csproj : warning NU1701: Package 'Microsoft.VisualStudio.Editor 17.14.249' was restored using '.NETFramework,Version=v4.6.1, .NETFramework,Version=v4.6.2, .NETFramework,Version=v4.7, .NETFramework,Version=v4.7.1, .NETFramework,Version=v4.7.2, .NETFramework,Version=v4.8, .NETFramework,Version=v4.8.1' instead of the project target framework 'net9.0-windows7.0'. This package may not be fully compatible with your project.
         E:\Repo\A3sist\tests\A3sist.UI.Tests\A3sist.UI.Tests.csproj : warning NU1701: Package 'Microsoft.VisualStudio.GraphModel 17.14.40260' was restored using '.NETFramework,Version=v4.6.1, .NETFramework,Version=v4.6.2, .NETFramework,Version=v4.7, .NETFramework,Version=v4.7.1, .NETFramework,Version=v4.7.2, .NETFramework,Version=v4.8, .NETFramework,Version=v4.8.1' instead of the project target framework 'net9.0-windows7.0'. This package may not be fully compatible with your project.
         E:\Repo\A3sist\tests\A3sist.UI.Tests\A3sist.UI.Tests.csproj : warning NU1701: Package 'Microsoft.VisualStudio.Imaging 17.14.40264' was restored using '.NETFramework,Version=v4.6.1, .NETFramework,Version=v4.6.2, .NETFramework,Version=v4.7, .NETFramework,Version=v4.7.1, .NETFramework,Version=v4.7.2, .NETFramework,Version=v4.8, .NETFramework,Version=v4.8.1' instead of the project target framework 'net9.0-windows7.0'. This package may not be fully compatible with your project.
         E:\Repo\A3sist\tests\A3sist.UI.Tests\A3sist.UI.Tests.csproj : warning NU1701: Package 'Microsoft.VisualStudio.Language.Intellisense 17.14.249' was restored using '.NETFramework,Version=v4.6.1, .NETFramework,Version=v4.6.2, .NETFramework,Version=v4.7, .NETFramework,Version=v4.7.1, .NETFramework,Version=v4.7.2, .NETFramework,Version=v4.8, .NETFramework,Version=v4.8.1' instead of the project target framework 'net9.0-windows7.0'. This package may not be fully compatible with your project.
         E:\Repo\A3sist\tests\A3sist.UI.Tests\A3sist.UI.Tests.csproj : warning NU1701: Package 'Microsoft.VisualStudio.Language.NavigateTo.Interfaces 17.14.249' was restored using '.NETFramework,Version=v4.6.1, .NETFramework,Version=v4.6.2, .NETFramework,Version=v4.7, .NETFramework,Version=v4.7.1, .NETFramework,Version=v4.7.2, .NETFramework,Version=v4.8, .NETFramework,Version=v4.8.1' instead of the project target framework 'net9.0-windows7.0'. This package may not be fully compatible with your project.
         E:\Repo\A3sist\tests\A3sist.UI.Tests\A3sist.UI.Tests.csproj : warning NU1701: Package 'Microsoft.VisualStudio.Linux.ConnectionManager.Store 17.14.40254' was restored using '.NETFramework,Version=v4.6.1, .NETFramework,Version=v4.6.2, .NETFramework,Version=v4.7, .NETFramework,Version=v4.7.1, .NETFramework,Version=v4.7.2, .NETFramework,Version=v4.8, .NETFramework,Version=v4.8.1' instead of the project target framework 'net9.0-windows7.0'. This package may not be fully compatible with your project.
         E:\Repo\A3sist\tests\A3sist.UI.Tests\A3sist.UI.Tests.csproj : warning NU1701: Package 'Microsoft.VisualStudio.Package.LanguageService.15.0 17.14.40264' was restored using '.NETFramework,Version=v4.6.1, .NETFramework,Version=v4.6.2, .NETFramework,Version=v4.7, .NETFramework,Version=v4.7.1, .NETFramework,Version=v4.7.2, .NETFramework,Version=v4.8, .NETFramework,Version=v4.8.1' instead of the project target framework 'net9.0-windows7.0'. This package may not be fully compatible with your project.
         E:\Repo\A3sist\tests\A3sist.UI.Tests\A3sist.UI.Tests.csproj : warning NU1701: Package 'Microsoft.VisualStudio.Shell.15.0 17.14.40264' was restored using '.NETFramework,Version=v4.6.1, .NETFramework,Version=v4.6.2, .NETFramework,Version=v4.7, .NETFramework,Version=v4.7.1, .NETFramework,Version=v4.7.2, .NETFramework,Version=v4.8, .NETFramework,Version=v4.8.1' instead of the project target framework 'net9.0-windows7.0'. This package may not be fully compatible with your project.
         E:\Repo\A3sist\tests\A3sist.UI.Tests\A3sist.UI.Tests.csproj : warning NU1701: Package 'Microsoft.VisualStudio.Shell.Design 17.14.40264' was restored using '.NETFramework,Version=v4.6.1, .NETFramework,Version=v4.6.2, .NETFramework,Version=v4.7, .NETFramework,Version=v4.7.1, .NETFramework,Version=v4.7.2, .NETFramework,Version=v4.8, .NETFramework,Version=v4.8.1' instead of the project target framework 'net9.0-windows7.0'. This package may not be fully compatible with your project.
         E:\Repo\A3sist\tests\A3sist.UI.Tests\A3sist.UI.Tests.csproj : warning NU1701: Package 'Microsoft.VisualStudio.TaskRunnerExplorer.14.0 14.0.0' was restored using '.NETFramework,Version=v4.6.1, .NETFramework,Version=v4.6.2, .NETFramework,Version=v4.7, .NETFramework,Version=v4.7.1, .NETFramework,Version=v4.7.2, .NETFramework,Version=v4.8, .NETFramework,Version=v4.8.1' instead of the project target framework 'net9.0-windows7.0'. This package may not be fully compatible with your project.
         E:\Repo\A3sist\tests\A3sist.UI.Tests\A3sist.UI.Tests.csproj : warning NU1701: Package 'Microsoft.VisualStudio.Text.UI.Wpf 17.14.249' was restored using '.NETFramework,Version=v4.6.1, .NETFramework,Version=v4.6.2, .NETFramework,Version=v4.7, .NETFramework,Version=v4.7.1, .NETFramework,Version=v4.7.2, .NETFramework,Version=v4.8, .NETFramework,Version=v4.8.1' instead of the project target framework 'net9.0-windows7.0'. This package may not be fully compatible with your project.
         E:\Repo\A3sist\tests\A3sist.UI.Tests\A3sist.UI.Tests.csproj : warning NU1701: Package 'Microsoft.VisualStudio.TextTemplating.VSHost 17.14.40265' was restored using '.NETFramework,Version=v4.6.1, .NETFramework,Version=v4.6.2, .NETFramework,Version=v4.7, .NETFramework,Version=v4.7.1, .NETFramework,Version=v4.7.2, .NETFramework,Version=v4.8, .NETFramework,Version=v4.8.1' instead of the project target framework 'net9.0-windows7.0'. This package may not be fully compatible with your project.
         E:\Repo\A3sist\tests\A3sist.UI.Tests\A3sist.UI.Tests.csproj : warning NU1701: Package 'Microsoft.VisualStudio.Web.BrowserLink.12.0 12.0.0' was restored using '.NETFramework,Version=v4.6.1, .NETFramework,Version=v4.6.2, .NETFramework,Version=v4.7, .NETFramework,Version=v4.7.1, .NETFramework,Version=v4.7.2, .NETFramework,Version=v4.8, .NETFramework,Version=v4.8.1' instead of the project target framework 'net9.0-windows7.0'. This package may not be fully compatible with your project.


       "E:\Repo\A3sist\A3sist.sln" (default target) (1) ->
       "E:\Repo\A3sist\A3sist.UI\A3sist.UI.csproj" (default target) (2) ->
       "E:\Repo\A3sist\A3sist.UI\A3sist.UI.csproj" (Build target) (2:3) ->
       (_GetProjectReferenceTargetFrameworkProperties target) -> 
         C:\Program Files\dotnet\sdk\9.0.300\Microsoft.Common.CurrentVersion.targets(1890,5): warning NU1702: ProjectReference 'E:\Repo\A3sist\A3sist.Core\A3sist.Core.csproj' was resolved using '.NETFramework,Version=v4.7.2' instead of the project target framework '.NETCoreApp,Version=v9.0'. This project may not be fully compatible with your project. [E:\Repo\A3sist\A3sist.UI\A3sist.UI.csproj::TargetFramework=net9.0-windows]
         C:\Program Files\dotnet\sdk\9.0.300\Microsoft.Common.CurrentVersion.targets(1890,5): warning NU1702: ProjectReference 'E:\Repo\A3sist\A3sist.Shared\A3sist.Shared.csproj' was resolved using '.NETFramework,Version=v4.7.2' instead of the project target framework '.NETCoreApp,Version=v9.0'. This project may not be fully compatible with your project. [E:\Repo\A3sist\A3sist.UI\A3sist.UI.csproj::TargetFramework=net9.0-windows]


       "E:\Repo\A3sist\A3sist.sln" (default target) (1) ->
       "E:\Repo\A3sist\tests\A3sist.Core.Tests\A3sist.Core.Tests.csproj" (default target) (3) ->
         C:\Program Files\dotnet\sdk\9.0.300\Microsoft.Common.CurrentVersion.targets(1890,5): warning NU1702: ProjectReference 'E:\Repo\A3sist\A3sist.Core\A3sist.Core.csproj' was resolved using '.NETFramework,Version=v4.7.2' instead of the project target framework '.NETCoreApp,Version=v9.0'. This project may not be fully compatible with your project. [E:\Repo\A3sist\tests\A3sist.Core.Tests\A3sist.Core.Tests.csproj]
         C:\Program Files\dotnet\sdk\9.0.300\Microsoft.Common.CurrentVersion.targets(1890,5): warning NU1702: ProjectReference 'E:\Repo\A3sist\A3sist.Shared\A3sist.Shared.csproj' was resolved using '.NETFramework,Version=v4.7.2' instead of the project target framework '.NETCoreApp,Version=v9.0'. This project may not be fully compatible with your project. [E:\Repo\A3sist\tests\A3sist.Core.Tests\A3sist.Core.Tests.csproj]


       "E:\Repo\A3sist\A3sist.sln" (default target) (1) ->
       "E:\Repo\A3sist\tests\A3sist.UI.Tests\A3sist.UI.Tests.csproj" (default target) (5) ->
         C:\Program Files\dotnet\sdk\9.0.300\Microsoft.Common.CurrentVersion.targets(1890,5): warning NU1702: ProjectReference 'E:\Repo\A3sist\A3sist.Core\A3sist.Core.csproj' was resolved using '.NETFramework,Version=v4.7.2' instead of the project target framework '.NETCoreApp,Version=v9.0'. This project may not be fully compatible with your project. [E:\Repo\A3sist\tests\A3sist.UI.Tests\A3sist.UI.Tests.csproj]
         C:\Program Files\dotnet\sdk\9.0.300\Microsoft.Common.CurrentVersion.targets(1890,5): warning NU1702: ProjectReference 'E:\Repo\A3sist\A3sist.Shared\A3sist.Shared.csproj' was resolved using '.NETFramework,Version=v4.7.2' instead of the project target framework '.NETCoreApp,Version=v9.0'. This project may not be fully compatible with your project. [E:\Repo\A3sist\tests\A3sist.UI.Tests\A3sist.UI.Tests.csproj]


       "E:\Repo\A3sist\A3sist.sln" (default target) (1) ->
       "E:\Repo\A3sist\A3sist.Core\A3sist.Core.csproj" (default target) (6) ->
       (CoreCompile target) -> 
         E:\Repo\A3sist\A3sist.Core\LLM\LLMRetryPolicy.cs(10,112): warning CS8625: Cannot convert null literal to non-nullable reference type. [E:\Repo\A3sist\A3sist.Core\A3sist.Core.csproj]
         E:\Repo\A3sist\A3sist.Core\Agents\Language\Python\Services\PipPackageManager.cs(20,60): warning CS8625: Cannot convert null literal to non-nullable reference type. [E:\Repo\A3sist\A3sist.Core\A3sist.Core.csproj]
         E:\Repo\A3sist\A3sist.Core\Agents\Language\Python\Services\PipPackageManager.cs(51,115): warning CS8625: Cannot convert null literal to non-nullable reference type. [E:\Repo\A3sist\A3sist.Core\A3sist.Core.csproj]
         E:\Repo\A3sist\A3sist.Core\Agents\Language\Python\Services\PipPackageManager.cs(93,93): warning CS8625: Cannot convert null literal to non-nullable reference type. [E:\Repo\A3sist\A3sist.Core\A3sist.Core.csproj]
         E:\Repo\A3sist\A3sist.Core\Agents\Language\Python\Services\VirtualEnvironmentManager.cs(19,68): warning CS8625: Cannot convert null literal to non-nullable reference type. [E:\Repo\A3sist\A3sist.Core\A3sist.Core.csproj]
         E:\Repo\A3sist\A3sist.Core\Agents\Language\Python\Services\VirtualEnvironmentManager.cs(50,111): warning CS8625: Cannot convert null literal to non-nullable reference type. [E:\Repo\A3sist\A3sist.Core\A3sist.Core.csproj]
         E:\Repo\A3sist\A3sist.Core\Services\ConfigurationService.cs(32,95): warning CS8625: Cannot convert null literal to non-nullable reference type. [E:\Repo\A3sist\A3sist.Core\A3sist.Core.csproj]
         E:\Repo\A3sist\A3sist.Core\Services\ConfigurationService.cs(51,72): warning CS8601: Possible null reference assignment. [E:\Repo\A3sist\A3sist.Core\A3sist.Core.csproj]
         E:\Repo\A3sist\A3sist.Core\LLM\LLMResponse.cs(4,19): warning CS8618: Non-nullable property 'Completion' must contain a non-null value when exiting constructor. Consider adding the 'required' modifier or declaring the property as nullable. [E:\Repo\A3sist\A3sist.Core\A3sist.Core.csproj]
         E:\Repo\A3sist\A3sist.Core\LLM\LLMResponse.cs(7,19): warning CS8618: Non-nullable property 'Model' must contain a non-null value when exiting constructor. Consider adding the 'required' modifier or declaring the property as nullable. [E:\Repo\A3sist\A3sist.Core\A3sist.Core.csproj]
         E:\Repo\A3sist\A3sist.Core\LLM\LLMCacheService.cs(19,41): warning CS8600: Converting null literal or possible null value to non-nullable type. [E:\Repo\A3sist\A3sist.Core\A3sist.Core.csproj]
         E:\Repo\A3sist\A3sist.Core\LLM\LLMCacheService.cs(22,20): warning CS8603: Possible null reference return. [E:\Repo\A3sist\A3sist.Core\A3sist.Core.csproj]
         E:\Repo\A3sist\A3sist.Core\Agents\Core\Designer\Services\ScaffoldingGenerator.cs(21,65): warning CS1998: This async method lacks 'await' operators and will run synchronously. Consider using the 'await' operator to await non-blocking API calls, or 'await Task.Run(...)' to do CPU-bound work on a background thread. [E:\Repo\A3sist\A3sist.Core\A3sist.Core.csproj]
         E:\Repo\A3sist\A3sist.Core\Agents\Utility\Knowledge\KnowledgeAgent.cs(47,45): warning CS1998: This async method lacks 'await' operators and will run synchronously. Consider using the 'await' operator to await non-blocking API calls, or 'await Task.Run(...)' to do CPU-bound work on a background thread. [E:\Repo\A3sist\A3sist.Core\A3sist.Core.csproj]
         E:\Repo\A3sist\A3sist.Core\Agents\Core\Designer\Services\ScaffoldingGenerator.cs(74,31): warning CS8602: Dereference of a possibly null reference. [E:\Repo\A3sist\A3sist.Core\A3sist.Core.csproj]
         E:\Repo\A3sist\A3sist.Core\Agents\Core\Designer\Services\ScaffoldingGenerator.cs(69,44): warning CS1998: This async method lacks 'await' operators and will run synchronously. Consider using the 'await' operator to await non-blocking API calls, or 'await Task.Run(...)' to do CPU-bound work on a background thread. [E:\Repo\A3sist\A3sist.Core\A3sist.Core.csproj]
         E:\Repo\A3sist\A3sist.Core\Agents\Core\Dispatcher\Services\TaskQueue.cs(276,23): warning CS8618: Non-nullable property 'TaskName' must contain a non-null value when exiting constructor. Consider adding the 'required' modifier or declaring the property as nullable. [E:\Repo\A3sist\A3sist.Core\A3sist.Core.csproj]
         E:\Repo\A3sist\A3sist.Core\Agents\Core\Dispatcher\Services\TaskQueue.cs(277,23): warning CS8618: Non-nullable property 'AgentName' must contain a non-null value when exiting constructor. Consider adding the 'required' modifier or declaring the property as nullable. [E:\Repo\A3sist\A3sist.Core\A3sist.Core.csproj]
         E:\Repo\A3sist\A3sist.Core\Agents\Core\Dispatcher\Services\TaskQueue.cs(278,23): warning CS8618: Non-nullable property 'TaskType' must contain a non-null value when exiting constructor. Consider adding the 'required' modifier or declaring the property as nullable. [E:\Repo\A3sist\A3sist.Core\A3sist.Core.csproj]
         E:\Repo\A3sist\A3sist.Core\Agents\Core\Dispatcher\Services\TaskQueue.cs(265,23): warning CS8618: Non-nullable property 'TaskName' must contain a non-null value when exiting constructor. Consider adding the 'required' modifier or declaring the property as nullable. [E:\Repo\A3sist\A3sist.Core\A3sist.Core.csproj]
         E:\Repo\A3sist\A3sist.Core\Agents\Core\Dispatcher\Services\TaskQueue.cs(268,23): warning CS8618: Non-nullable property 'ErrorMessage' must contain a non-null value when exiting constructor. Consider adding the 'required' modifier or declaring the property as nullable. [E:\Repo\A3sist\A3sist.Core\A3sist.Core.csproj]
         E:\Repo\A3sist\A3sist.Core\Agents\Core\Dispatcher\Services\TaskQueue.cs(256,23): warning CS8618: Non-nullable property 'WorkflowName' must contain a non-null value when exiting constructor. Consider adding the 'required' modifier or declaring the property as nullable. [E:\Repo\A3sist\A3sist.Core\A3sist.Core.csproj]
         E:\Repo\A3sist\A3sist.Core\Agents\Core\Designer\Services\ScaffoldingGenerator.cs(197,27): warning CS1998: This async method lacks 'await' operators and will run synchronously. Consider using the 'await' operator to await non-blocking API calls, or 'await Task.Run(...)' to do CPU-bound work on a background thread. [E:\Repo\A3sist\A3sist.Core\A3sist.Core.csproj]
         E:\Repo\A3sist\A3sist.Core\Agents\Core\Designer\Services\ScaffoldingGenerator.cs(13,53): warning CS8618: Non-nullable field '_templates' must contain a non-null value when exiting constructor. Consider adding the 'required' modifier or declaring the field as nullable. [E:\Repo\A3sist\A3sist.Core\A3sist.Core.csproj]
         E:\Repo\A3sist\A3sist.Core\Agents\Core\Dispatcher\Services\TaskQueue.cs(19,16): warning CS8618: Non-nullable field '_workflowQueue' must contain a non-null value when exiting constructor. Consider adding the 'required' modifier or declaring the field as nullable. [E:\Repo\A3sist\A3sist.Core\A3sist.Core.csproj]
         E:\Repo\A3sist\A3sist.Core\Agents\Core\Dispatcher\Services\TaskQueue.cs(44,27): warning CS1998: This async method lacks 'await' operators and will run synchronously. Consider using the 'await' operator to await non-blocking API calls, or 'await Task.Run(...)' to do CPU-bound work on a background thread. [E:\Repo\A3sist\A3sist.Core\A3sist.Core.csproj]
         E:\Repo\A3sist\A3sist.Core\Services\RoutingMiddleware.cs(78,39): warning CS8600: Converting null literal or possible null value to non-nullable type. [E:\Repo\A3sist\A3sist.Core\A3sist.Core.csproj]
         E:\Repo\A3sist\A3sist.Core\LLM\CachedLLMClient.cs(40,74): warning CS8604: Possible null reference argument for parameter 'lLMOptions' in 'Task<bool> ILLMClient.GetCompletionAsync(object prompt, object lLMOptions)'. [E:\Repo\A3sist\A3sist.Core\A3sist.Core.csproj]
         E:\Repo\A3sist\A3sist.Core\LLM\CachedLLMClient.cs(54,48): warning CS8600: Converting null literal or possible null value to non-nullable type. [E:\Repo\A3sist\A3sist.Core\A3sist.Core.csproj]
         E:\Repo\A3sist\A3sist.Core\LLM\CachedLLMClient.cs(57,24): warning CS8603: Possible null reference return. [E:\Repo\A3sist\A3sist.Core\A3sist.Core.csproj]
         E:\Repo\A3sist\A3sist.Core\Agents\Core\Designer\Services\DesignPlanner.cs(21,49): warning CS1998: This async method lacks 'await' operators and will run synchronously. Consider using the 'await' operator to await non-blocking API calls, or 'await Task.Run(...)' to do CPU-bound work on a background thread. [E:\Repo\A3sist\A3sist.Core\A3sist.Core.csproj]
         E:\Repo\A3sist\A3sist.Core\Agents\Core\Designer\Services\DesignPlanner.cs(90,31): warning CS8602: Dereference of a possibly null reference. [E:\Repo\A3sist\A3sist.Core\A3sist.Core.csproj]
         E:\Repo\A3sist\A3sist.Core\Agents\Core\Designer\Services\DesignPlanner.cs(85,45): warning CS1998: This async method lacks 'await' operators and will run synchronously. Consider using the 'await' operator to await non-blocking API calls, or 'await Task.Run(...)' to do CPU-bound work on a background thread. [E:\Repo\A3sist\A3sist.Core\A3sist.Core.csproj]
         E:\Repo\A3sist\A3sist.Core\Agents\Core\Designer\Services\ArchitectureAnalyzer.cs(59,35): warning CS8602: Dereference of a possibly null reference. [E:\Repo\A3sist\A3sist.Core\A3sist.Core.csproj]
         E:\Repo\A3sist\A3sist.Core\Agents\Language\Javascript\Services\NpmPackageManager.cs(117,35): warning CS1998: This async method lacks 'await' operators and will run synchronously. Consider using the 'await' operator to await non-blocking API calls, or 'await Task.Run(...)' to do CPU-bound work on a background thread. [E:\Repo\A3sist\A3sist.Core\A3sist.Core.csproj]
         E:\Repo\A3sist\A3sist.Core\Agents\Core\Dispatcher\Models\WorkflowRequest.cs(10,23): warning CS8618: Non-nullable property 'WorkflowName' must contain a non-null value when exiting constructor. Consider adding the 'required' modifier or declaring the property as nullable. [E:\Repo\A3sist\A3sist.Core\A3sist.Core.csproj]
         E:\Repo\A3sist\A3sist.Core\Agents\Core\Dispatcher\Models\WorkflowRequest.cs(11,23): warning CS8618: Non-nullable property 'Description' must contain a non-null value when exiting constructor. Consider adding the 'required' modifier or declaring the property as nullable. [E:\Repo\A3sist\A3sist.Core\A3sist.Core.csproj]
         E:\Repo\A3sist\A3sist.Core\Agents\Core\Dispatcher\Models\WorkflowRequest.cs(15,23): warning CS8618: Non-nullable property 'Requester' must contain a non-null value when exiting constructor. Consider adding the 'required' modifier or declaring the property as nullable. [E:\Repo\A3sist\A3sist.Core\A3sist.Core.csproj]
         E:\Repo\A3sist\A3sist.Core\Agents\Core\Dispatcher\Models\TaskDefinition.cs(5,23): warning CS8618: Non-nullable property 'TaskName' must contain a non-null value when exiting constructor. Consider adding the 'required' modifier or declaring the property as nullable. [E:\Repo\A3sist\A3sist.Core\A3sist.Core.csproj]
         E:\Repo\A3sist\A3sist.Core\Agents\Core\Dispatcher\Models\TaskDefinition.cs(6,23): warning CS8618: Non-nullable property 'Description' must contain a non-null value when exiting constructor. Consider adding the 'required' modifier or declaring the property as nullable. [E:\Repo\A3sist\A3sist.Core\A3sist.Core.csproj]
         E:\Repo\A3sist\A3sist.Core\Agents\Core\Dispatcher\Models\TaskDefinition.cs(7,23): warning CS8618: Non-nullable property 'AgentName' must contain a non-null value when exiting constructor. Consider adding the 'required' modifier or declaring the property as nullable. [E:\Repo\A3sist\A3sist.Core\A3sist.Core.csproj]
         E:\Repo\A3sist\A3sist.Core\Agents\Core\Dispatcher\Models\TaskDefinition.cs(8,23): warning CS8618: Non-nullable property 'TaskType' must contain a non-null value when exiting constructor. Consider adding the 'required' modifier or declaring the property as nullable. [E:\Repo\A3sist\A3sist.Core\A3sist.Core.csproj]
         E:\Repo\A3sist\A3sist.Core\Agents\Core\IntentRouter\Services\IntentClassifier.cs(137,23): warning CS8618: Non-nullable property 'Intent' must contain a non-null value when exiting constructor. Consider adding the 'required' modifier or declaring the property as nullable. [E:\Repo\A3sist\A3sist.Core\A3sist.Core.csproj]
         E:\Repo\A3sist\A3sist.Core\Agents\Core\IntentRouter\Services\IntentClassifier.cs(139,23): warning CS8618: Non-nullable property 'Language' must contain a non-null value when exiting constructor. Consider adding the 'required' modifier or declaring the property as nullable. [E:\Repo\A3sist\A3sist.Core\A3sist.Core.csproj]
         E:\Repo\A3sist\A3sist.Core\Agents\Core\IntentRouter\Services\IntentClassifier.cs(130,23): warning CS8618: Non-nullable property 'PredictedIntent' must contain a non-null value when exiting constructor. Consider adding the 'required' modifier or declaring the property as nullable. [E:\Repo\A3sist\A3sist.Core\A3sist.Core.csproj]
         E:\Repo\A3sist\A3sist.Core\Agents\Core\IntentRouter\Services\IntentClassifier.cs(132,24): warning CS8618: Non-nullable property 'Score' must contain a non-null value when exiting constructor. Consider adding the 'required' modifier or declaring the property as nullable. [E:\Repo\A3sist\A3sist.Core\A3sist.Core.csproj]
         E:\Repo\A3sist\A3sist.Core\Agents\Core\IntentRouter\Services\IntentClassifier.cs(118,23): warning CS8618: Non-nullable property 'Text' must contain a non-null value when exiting constructor. Consider adding the 'required' modifier or declaring the property as nullable. [E:\Repo\A3sist\A3sist.Core\A3sist.Core.csproj]
         E:\Repo\A3sist\A3sist.Core\Agents\Core\IntentRouter\Services\IntentClassifier.cs(121,23): warning CS8618: Non-nullable property 'Intent' must contain a non-null value when exiting constructor. Consider adding the 'required' modifier or declaring the property as nullable. [E:\Repo\A3sist\A3sist.Core\A3sist.Core.csproj]
         E:\Repo\A3sist\A3sist.Core\Agents\Core\IntentRouter\Services\IntentClassifier.cs(124,23): warning CS8618: Non-nullable property 'Language' must contain a non-null value when exiting constructor. Consider adding the 'required' modifier or declaring the property as nullable. [E:\Repo\A3sist\A3sist.Core\A3sist.Core.csproj]
         E:\Repo\A3sist\A3sist.Core\Agents\Core\Designer\Services\PatternRecommender.cs(21,56): warning CS1998: This async method lacks 'await' operators and will run synchronously. Consider using the 'await' operator to await non-blocking API calls, or 'await Task.Run(...)' to do CPU-bound work on a background thread. [E:\Repo\A3sist\A3sist.Core\A3sist.Core.csproj]
         E:\Repo\A3sist\A3sist.Core\Agents\Core\Designer\Services\PatternRecommender.cs(106,17): warning CS8602: Dereference of a possibly null reference. [E:\Repo\A3sist\A3sist.Core\A3sist.Core.csproj]
         E:\Repo\A3sist\A3sist.Core\Agents\Core\Designer\Services\PatternRecommender.cs(100,56): warning CS1998: This async method lacks 'await' operators and will run synchronously. Consider using the 'await' operator to await non-blocking API calls, or 'await Task.Run(...)' to do CPU-bound work on a background thread. [E:\Repo\A3sist\A3sist.Core\A3sist.Core.csproj]
         E:\Repo\A3sist\A3sist.Core\Agents\Core\Dispatcher\Services\TaskQueue.cs(177,43): warning CS1998: This async method lacks 'await' operators and will run synchronously. Consider using the 'await' operator to await non-blocking API calls, or 'await Task.Run(...)' to do CPU-bound work on a background thread. [E:\Repo\A3sist\A3sist.Core\A3sist.Core.csproj]
         E:\Repo\A3sist\A3sist.Core\Agents\Core\Dispatcher\Services\TaskQueue.cs(187,27): warning CS1998: This async method lacks 'await' operators and will run synchronously. Consider using the 'await' operator to await non-blocking API calls, or 'await Task.Run(...)' to do CPU-bound work on a background thread. [E:\Repo\A3sist\A3sist.Core\A3sist.Core.csproj]
         E:\Repo\A3sist\A3sist.Core\Agents\Utility\Knowledge\KnowledgeAgent.cs(168,36): warning CS1998: This async method lacks 'await' operators and will run synchronously. Consider using the 'await' operator to await non-blocking API calls, or 'await Task.Run(...)' to do CPU-bound work on a background thread. [E:\Repo\A3sist\A3sist.Core\A3sist.Core.csproj]
         E:\Repo\A3sist\A3sist.Core\Configuration\Providers\RegistryConfigurationProvider.cs(75,32): warning CS8603: Possible null reference return. [E:\Repo\A3sist\A3sist.Core\A3sist.Core.csproj]
         E:\Repo\A3sist\A3sist.Core\Configuration\Providers\RegistryConfigurationProvider.cs(86,20): warning CS8603: Possible null reference return. [E:\Repo\A3sist\A3sist.Core\A3sist.Core.csproj]
         E:\Repo\A3sist\A3sist.Core\Configuration\Providers\RegistryConfigurationProvider.cs(91,20): warning CS8603: Possible null reference return. [E:\Repo\A3sist\A3sist.Core\A3sist.Core.csproj]
         E:\Repo\A3sist\A3sist.Core\Configuration\Providers\RegistryConfigurationProvider.cs(40,26): warning CS1998: This async method lacks 'await' operators and will run synchronously. Consider using the 'await' operator to await non-blocking API calls, or 'await Task.Run(...)' to do CPU-bound work on a background thread. [E:\Repo\A3sist\A3sist.Core\A3sist.Core.csproj]
         E:\Repo\A3sist\A3sist.Core\Configuration\Providers\RegistryConfigurationProvider.cs(136,36): warning CS8604: Possible null reference argument for parameter 'addValue' in 'object ConcurrentDictionary<string, object>.AddOrUpdate(string key, object addValue, Func<string, object, object> updateValueFactory)'. [E:\Repo\A3sist\A3sist.Core\A3sist.Core.csproj]
         E:\Repo\A3sist\A3sist.Core\Configuration\Providers\RegistryConfigurationProvider.cs(136,53): warning CS8603: Possible null reference return. [E:\Repo\A3sist\A3sist.Core\A3sist.Core.csproj]
         E:\Repo\A3sist\A3sist.Core\Configuration\Providers\RegistryConfigurationProvider.cs(144,41): warning CS8601: Possible null reference assignment. [E:\Repo\A3sist\A3sist.Core\A3sist.Core.csproj]
         E:\Repo\A3sist\A3sist.Core\Agents\Core\Designer\Services\DesignPlanner.cs(334,27): warning CS1998: This async method lacks 'await' operators and will run synchronously. Consider using the 'await' operator to await non-blocking API calls, or 'await Task.Run(...)' to do CPU-bound work on a background thread. [E:\Repo\A3sist\A3sist.Core\A3sist.Core.csproj]
         E:\Repo\A3sist\A3sist.Core\Agents\Core\Designer\Services\DesignPlanner.cs(13,37): warning CS8618: Non-nullable field '_designPatterns' must contain a non-null value when exiting constructor. Consider adding the 'required' modifier or declaring the field as nullable. [E:\Repo\A3sist\A3sist.Core\A3sist.Core.csproj]
         E:\Repo\A3sist\A3sist.Core\Agents\Language\CSharp\Services\XamlValidator.cs(22,16): warning CS8618: Non-nullable field '_schemaSet' must contain a non-null value when exiting constructor. Consider adding the 'required' modifier or declaring the field as nullable. [E:\Repo\A3sist\A3sist.Core\A3sist.Core.csproj]
         E:\Repo\A3sist\A3sist.Core\Agents\Core\IntentRouter\Services\IntentClassifier.cs(36,42): warning CS1998: This async method lacks 'await' operators and will run synchronously. Consider using the 'await' operator to await non-blocking API calls, or 'await Task.Run(...)' to do CPU-bound work on a background thread. [E:\Repo\A3sist\A3sist.Core\A3sist.Core.csproj]
         E:\Repo\A3sist\A3sist.Core\Agents\Core\IntentRouter\Services\IntentClassifier.cs(68,49): warning CS1998: This async method lacks 'await' operators and will run synchronously. Consider using the 'await' operator to await non-blocking API calls, or 'await Task.Run(...)' to do CPU-bound work on a background thread. [E:\Repo\A3sist\A3sist.Core\A3sist.Core.csproj]
         E:\Repo\A3sist\A3sist.Core\Agents\Core\IntentRouter\Services\IntentClassifier.cs(109,33): warning CS8625: Cannot convert null literal to non-nullable reference type. [E:\Repo\A3sist\A3sist.Core\A3sist.Core.csproj]
         E:\Repo\A3sist\A3sist.Core\Agents\Core\IntentRouter\Services\IntentClassifier.cs(110,22): warning CS8625: Cannot convert null literal to non-nullable reference type. [E:\Repo\A3sist\A3sist.Core\A3sist.Core.csproj]
         E:\Repo\A3sist\A3sist.Core\Agents\Core\IntentRouter\Services\IntentClassifier.cs(111,26): warning CS8625: Cannot convert null literal to non-nullable reference type. [E:\Repo\A3sist\A3sist.Core\A3sist.Core.csproj]
         E:\Repo\A3sist\A3sist.Core\Agents\Core\IntentRouter\Services\IntentClassifier.cs(106,27): warning CS1998: This async method lacks 'await' operators and will run synchronously. Consider using the 'await' operator to await non-blocking API calls, or 'await Task.Run(...)' to do CPU-bound work on a background thread. [E:\Repo\A3sist\A3sist.Core\A3sist.Core.csproj]
         E:\Repo\A3sist\A3sist.Core\Agents\Core\IntentRouter\Services\IntentClassifier.cs(14,27): warning CS8618: Non-nullable field '_mlContext' must contain a non-null value when exiting constructor. Consider adding the 'required' modifier or declaring the field as nullable. [E:\Repo\A3sist\A3sist.Core\A3sist.Core.csproj]
         E:\Repo\A3sist\A3sist.Core\Agents\Core\IntentRouter\Services\IntentClassifier.cs(15,64): warning CS8618: Non-nullable field '_predictionEngine' must contain a non-null value when exiting constructor. Consider adding the 'required' modifier or declaring the field as nullable. [E:\Repo\A3sist\A3sist.Core\A3sist.Core.csproj]
         E:\Repo\A3sist\A3sist.Core\Agents\Core\IntentRouter\Services\IntentClassifier.cs(16,30): warning CS8618: Non-nullable field '_model' must contain a non-null value when exiting constructor. Consider adding the 'required' modifier or declaring the field as nullable. [E:\Repo\A3sist\A3sist.Core\A3sist.Core.csproj]
         E:\Repo\A3sist\A3sist.Core\Agents\Core\IntentRouter\Services\FailureAnalyzer.cs(152,23): warning CS8618: Non-nullable property 'FailedAgent' must contain a non-null value when exiting constructor. Consider adding the 'required' modifier or declaring the property as nullable. [E:\Repo\A3sist\A3sist.Core\A3sist.Core.csproj]
         E:\Repo\A3sist\A3sist.Core\Agents\Core\IntentRouter\Services\FailureAnalyzer.cs(153,23): warning CS8618: Non-nullable property 'FailureDescription' must contain a non-null value when exiting constructor. Consider adding the 'required' modifier or declaring the property as nullable. [E:\Repo\A3sist\A3sist.Core\A3sist.Core.csproj]
         E:\Repo\A3sist\A3sist.Core\Agents\Core\IntentRouter\Services\FailureAnalyzer.cs(154,23): warning CS8618: Non-nullable property 'Reason' must contain a non-null value when exiting constructor. Consider adding the 'required' modifier or declaring the property as nullable. [E:\Repo\A3sist\A3sist.Core\A3sist.Core.csproj]
         E:\Repo\A3sist\A3sist.Core\Agents\Core\IntentRouter\Services\FailureAnalyzer.cs(155,23): warning CS8618: Non-nullable property 'Attempts' must contain a non-null value when exiting constructor. Consider adding the 'required' modifier or declaring the property as nullable. [E:\Repo\A3sist\A3sist.Core\A3sist.Core.csproj]
         E:\Repo\A3sist\A3sist.Core\Agents\Core\IntentRouter\Services\FailureAnalyzer.cs(156,23): warning CS8618: Non-nullable property 'Resolution' must contain a non-null value when exiting constructor. Consider adding the 'required' modifier or declaring the property as nullable. [E:\Repo\A3sist\A3sist.Core\A3sist.Core.csproj]
         E:\Repo\A3sist\A3sist.Core\Agents\Core\IntentRouter\Services\FailureAnalyzer.cs(140,23): warning CS8618: Non-nullable property 'TaskDescription' must contain a non-null value when exiting constructor. Consider adding the 'required' modifier or declaring the property as nullable. [E:\Repo\A3sist\A3sist.Core\A3sist.Core.csproj]
         E:\Repo\A3sist\A3sist.Core\Agents\Core\IntentRouter\Services\FailureAnalyzer.cs(141,23): warning CS8618: Non-nullable property 'FailureDescription' must contain a non-null value when exiting constructor. Consider adding the 'required' modifier or declaring the property as nullable. [E:\Repo\A3sist\A3sist.Core\A3sist.Core.csproj]
         E:\Repo\A3sist\A3sist.Core\Agents\Core\IntentRouter\Services\FailureAnalyzer.cs(142,23): warning CS8618: Non-nullable property 'Reason' must contain a non-null value when exiting constructor. Consider adding the 'required' modifier or declaring the property as nullable. [E:\Repo\A3sist\A3sist.Core\A3sist.Core.csproj]
         E:\Repo\A3sist\A3sist.Core\Agents\Core\IntentRouter\Services\FailureAnalyzer.cs(143,23): warning CS8618: Non-nullable property 'Attempts' must contain a non-null value when exiting constructor. Consider adding the 'required' modifier or declaring the property as nullable. [E:\Repo\A3sist\A3sist.Core\A3sist.Core.csproj]
         E:\Repo\A3sist\A3sist.Core\Agents\Core\IntentRouter\Services\FailureAnalyzer.cs(144,23): warning CS8618: Non-nullable property 'Resolution' must contain a non-null value when exiting constructor. Consider adding the 'required' modifier or declaring the property as nullable. [E:\Repo\A3sist\A3sist.Core\A3sist.Core.csproj]
         E:\Repo\A3sist\A3sist.Core\Agents\Core\IntentRouter\Services\FailureAnalyzer.cs(145,23): warning CS8618: Non-nullable property 'FailedAgent' must contain a non-null value when exiting constructor. Consider adding the 'required' modifier or declaring the property as nullable. [E:\Repo\A3sist\A3sist.Core\A3sist.Core.csproj]
         E:\Repo\A3sist\A3sist.Core\Agents\Core\IntentRouter\Services\FailureAnalyzer.cs(21,27): warning CS1998: This async method lacks 'await' operators and will run synchronously. Consider using the 'await' operator to await non-blocking API calls, or 'await Task.Run(...)' to do CPU-bound work on a background thread. [E:\Repo\A3sist\A3sist.Core\A3sist.Core.csproj]
         E:\Repo\A3sist\A3sist.Core\Agents\Core\IntentRouter\Services\FailureAnalyzer.cs(78,44): warning CS1998: This async method lacks 'await' operators and will run synchronously. Consider using the 'await' operator to await non-blocking API calls, or 'await Task.Run(...)' to do CPU-bound work on a background thread. [E:\Repo\A3sist\A3sist.Core\A3sist.Core.csproj]
         E:\Repo\A3sist\A3sist.Core\Agents\Core\IntentRouter\Services\FailureAnalyzer.cs(105,27): warning CS1998: This async method lacks 'await' operators and will run synchronously. Consider using the 'await' operator to await non-blocking API calls, or 'await Task.Run(...)' to do CPU-bound work on a background thread. [E:\Repo\A3sist\A3sist.Core\A3sist.Core.csproj]
         E:\Repo\A3sist\A3sist.Core\Agents\Core\Designer\Services\PatternRecommender.cs(367,27): warning CS1998: This async method lacks 'await' operators and will run synchronously. Consider using the 'await' operator to await non-blocking API calls, or 'await Task.Run(...)' to do CPU-bound work on a background thread. [E:\Repo\A3sist\A3sist.Core\A3sist.Core.csproj]
         E:\Repo\A3sist\A3sist.Core\Agents\Core\Designer\Services\PatternRecommender.cs(13,44): warning CS8618: Non-nullable field '_patterns' must contain a non-null value when exiting constructor. Consider adding the 'required' modifier or declaring the field as nullable. [E:\Repo\A3sist\A3sist.Core\A3sist.Core.csproj]
         E:\Repo\A3sist\A3sist.Core\LLM\CodestralLLMClient.cs(49,48): warning CS1998: This async method lacks 'await' operators and will run synchronously. Consider using the 'await' operator to await non-blocking API calls, or 'await Task.Run(...)' to do CPU-bound work on a background thread. [E:\Repo\A3sist\A3sist.Core\A3sist.Core.csproj]
         E:\Repo\A3sist\A3sist.Core\Agents\TaskAgents\Refactor\RefactorAgent.cs(40,45): warning CS1998: This async method lacks 'await' operators and will run synchronously. Consider using the 'await' operator to await non-blocking API calls, or 'await Task.Run(...)' to do CPU-bound work on a background thread. [E:\Repo\A3sist\A3sist.Core\A3sist.Core.csproj]
         E:\Repo\A3sist\A3sist.Core\Configuration\Providers\FileConfigurationProvider.cs(33,12): warning CS8618: Non-nullable field '_fileWatcher' must contain a non-null value when exiting constructor. Consider adding the 'required' modifier or declaring the field as nullable. [E:\Repo\A3sist\A3sist.Core\A3sist.Core.csproj]
         E:\Repo\A3sist\A3sist.Core\Configuration\Providers\FileConfigurationProvider.cs(68,28): warning CS8603: Possible null reference return. [E:\Repo\A3sist\A3sist.Core\A3sist.Core.csproj]
         E:\Repo\A3sist\A3sist.Core\Configuration\Providers\FileConfigurationProvider.cs(80,20): warning CS8603: Possible null reference return. [E:\Repo\A3sist\A3sist.Core\A3sist.Core.csproj]
         E:\Repo\A3sist\A3sist.Core\Configuration\Providers\FileConfigurationProvider.cs(85,20): warning CS8603: Possible null reference return. [E:\Repo\A3sist\A3sist.Core\A3sist.Core.csproj]
         E:\Repo\A3sist\A3sist.Core\Configuration\Providers\FileConfigurationProvider.cs(57,26): warning CS1998: This async method lacks 'await' operators and will run synchronously. Consider using the 'await' operator to await non-blocking API calls, or 'await Task.Run(...)' to do CPU-bound work on a background thread. [E:\Repo\A3sist\A3sist.Core\A3sist.Core.csproj]
         E:\Repo\A3sist\A3sist.Core\Configuration\Providers\FileConfigurationProvider.cs(97,36): warning CS8604: Possible null reference argument for parameter 'addValue' in 'object ConcurrentDictionary<string, object>.AddOrUpdate(string key, object addValue, Func<string, object, object> updateValueFactory)'. [E:\Repo\A3sist\A3sist.Core\A3sist.Core.csproj]
         E:\Repo\A3sist\A3sist.Core\Configuration\Providers\FileConfigurationProvider.cs(97,53): warning CS8603: Possible null reference return. [E:\Repo\A3sist\A3sist.Core\A3sist.Core.csproj]
         E:\Repo\A3sist\A3sist.Core\Configuration\Providers\FileConfigurationProvider.cs(108,41): warning CS8601: Possible null reference assignment. [E:\Repo\A3sist\A3sist.Core\A3sist.Core.csproj]
         E:\Repo\A3sist\A3sist.Core\LLM\MCPOrchestrator.cs(141,45): warning CS1998: This async method lacks 'await' operators and will run synchronously. Consider using the 'await' operator to await non-blocking API calls, or 'await Task.Run(...)' to do CPU-bound work on a background thread. [E:\Repo\A3sist\A3sist.Core\A3sist.Core.csproj]
         E:\Repo\A3sist\A3sist.Core\Agents\Core\Designer\Services\ArchitectureAnalyzer.cs(419,30): warning CS8625: Cannot convert null literal to non-nullable reference type. [E:\Repo\A3sist\A3sist.Core\A3sist.Core.csproj]
         E:\Repo\A3sist\A3sist.Core\Agents\Core\Designer\Services\ArchitectureAnalyzer.cs(414,27): warning CS1998: This async method lacks 'await' operators and will run synchronously. Consider using the 'await' operator to await non-blocking API calls, or 'await Task.Run(...)' to do CPU-bound work on a background thread. [E:\Repo\A3sist\A3sist.Core\A3sist.Core.csproj]
         E:\Repo\A3sist\A3sist.Core\Agents\Core\IntentRouter\Services\FailureAnalyzer.cs(131,27): warning CS1998: This async method lacks 'await' operators and will run synchronously. Consider using the 'await' operator to await non-blocking API calls, or 'await Task.Run(...)' to do CPU-bound work on a background thread. [E:\Repo\A3sist\A3sist.Core\A3sist.Core.csproj]
         E:\Repo\A3sist\A3sist.Core\Agents\Core\IntentRouter\Services\AgentRegistry.cs(15,27): warning CS1998: This async method lacks 'await' operators and will run synchronously. Consider using the 'await' operator to await non-blocking API calls, or 'await Task.Run(...)' to do CPU-bound work on a background thread. [E:\Repo\A3sist\A3sist.Core\A3sist.Core.csproj]
         E:\Repo\A3sist\A3sist.Core\Agents\Core\IntentRouter\Services\AgentRegistry.cs(66,27): warning CS1998: This async method lacks 'await' operators and will run synchronously. Consider using the 'await' operator to await non-blocking API calls, or 'await Task.Run(...)' to do CPU-bound work on a background thread. [E:\Repo\A3sist\A3sist.Core\A3sist.Core.csproj]
         E:\Repo\A3sist\A3sist.Core\Agents\Core\IntentRouter\Services\AgentInfo.cs(5,23): warning CS8618: Non-nullable property 'Name' must contain a non-null value when exiting constructor. Consider adding the 'required' modifier or declaring the property as nullable. [E:\Repo\A3sist\A3sist.Core\A3sist.Core.csproj]
         E:\Repo\A3sist\A3sist.Core\Agents\Core\IntentRouter\Services\AgentInfo.cs(6,23): warning CS8618: Non-nullable property 'Type' must contain a non-null value when exiting constructor. Consider adding the 'required' modifier or declaring the property as nullable. [E:\Repo\A3sist\A3sist.Core\A3sist.Core.csproj]
         E:\Repo\A3sist\A3sist.Core\Agents\Core\IntentRouter\Services\AgentInfo.cs(7,29): warning CS8618: Non-nullable property 'SupportedLanguages' must contain a non-null value when exiting constructor. Consider adding the 'required' modifier or declaring the property as nullable. [E:\Repo\A3sist\A3sist.Core\A3sist.Core.csproj]
         E:\Repo\A3sist\A3sist.Core\Agents\Core\IntentRouter\Services\AgentInfo.cs(8,38): warning CS8618: Non-nullable property 'Capabilities' must contain a non-null value when exiting constructor. Consider adding the 'required' modifier or declaring the property as nullable. [E:\Repo\A3sist\A3sist.Core\A3sist.Core.csproj]
         E:\Repo\A3sist\A3sist.Core\Agents\Core\IntentRouter\Services\AgentConfig.cs(5,23): warning CS8618: Non-nullable property 'AgentName' must contain a non-null value when exiting constructor. Consider adding the 'required' modifier or declaring the property as nullable. [E:\Repo\A3sist\A3sist.Core\A3sist.Core.csproj]
         E:\Repo\A3sist\A3sist.Core\Agents\Core\IntentRouter\Services\AgentConfig.cs(6,23): warning CS8618: Non-nullable property 'AgentType' must contain a non-null value when exiting constructor. Consider adding the 'required' modifier or declaring the property as nullable. [E:\Repo\A3sist\A3sist.Core\A3sist.Core.csproj]
         E:\Repo\A3sist\A3sist.Core\Agents\Core\IntentRouter\Services\AgentConfig.cs(7,44): warning CS8618: Non-nullable property 'Capabilities' must contain a non-null value when exiting constructor. Consider adding the 'required' modifier or declaring the property as nullable. [E:\Repo\A3sist\A3sist.Core\A3sist.Core.csproj]
         E:\Repo\A3sist\A3sist.Core\Agents\Core\IntentRouter\Services\AgentConfig.cs(8,23): warning CS8618: Non-nullable property 'EntryPoint' must contain a non-null value when exiting constructor. Consider adding the 'required' modifier or declaring the property as nullable. [E:\Repo\A3sist\A3sist.Core\A3sist.Core.csproj]
         E:\Repo\A3sist\A3sist.Core\Agents\Core\IntentRouter\Services\AgentCapabilityConfig.cs(5,23): warning CS8618: Non-nullable property 'Name' must contain a non-null value when exiting constructor. Consider adding the 'required' modifier or declaring the property as nullable. [E:\Repo\A3sist\A3sist.Core\A3sist.Core.csproj]
         E:\Repo\A3sist\A3sist.Core\Agents\Core\IntentRouter\Services\AgentCapabilityConfig.cs(6,23): warning CS8618: Non-nullable property 'Description' must contain a non-null value when exiting constructor. Consider adding the 'required' modifier or declaring the property as nullable. [E:\Repo\A3sist\A3sist.Core\A3sist.Core.csproj]
         E:\Repo\A3sist\A3sist.Core\Agents\Core\IntentRouter\Services\AgentCapabilityConfig.cs(7,25): warning CS8618: Non-nullable property 'SupportedLanguages' must contain a non-null value when exiting constructor. Consider adding the 'required' modifier or declaring the property as nullable. [E:\Repo\A3sist\A3sist.Core\A3sist.Core.csproj]
         E:\Repo\A3sist\A3sist.Core\Agents\Core\IntentRouter\Services\AgentCapabilityConfig.cs(8,25): warning CS8618: Non-nullable property 'RequiredContextTypes' must contain a non-null value when exiting constructor. Consider adding the 'required' modifier or declaring the property as nullable. [E:\Repo\A3sist\A3sist.Core\A3sist.Core.csproj]
         E:\Repo\A3sist\A3sist.Core\Agents\Core\IntentRouter\Services\AgentCapability.cs(5,23): warning CS8618: Non-nullable property 'Name' must contain a non-null value when exiting constructor. Consider adding the 'required' modifier or declaring the property as nullable. [E:\Repo\A3sist\A3sist.Core\A3sist.Core.csproj]
         E:\Repo\A3sist\A3sist.Core\Agents\Core\IntentRouter\Services\AgentCapability.cs(6,23): warning CS8618: Non-nullable property 'Description' must contain a non-null value when exiting constructor. Consider adding the 'required' modifier or declaring the property as nullable. [E:\Repo\A3sist\A3sist.Core\A3sist.Core.csproj]
         E:\Repo\A3sist\A3sist.Core\Agents\Core\IntentRouter\Services\AgentCapability.cs(7,25): warning CS8618: Non-nullable property 'SupportedLanguages' must contain a non-null value when exiting constructor. Consider adding the 'required' modifier or declaring the property as nullable. [E:\Repo\A3sist\A3sist.Core\A3sist.Core.csproj]
         E:\Repo\A3sist\A3sist.Core\Agents\Core\IntentRouter\Services\AgentCapability.cs(8,25): warning CS8618: Non-nullable property 'RequiredContextTypes' must contain a non-null value when exiting constructor. Consider adding the 'required' modifier or declaring the property as nullable. [E:\Repo\A3sist\A3sist.Core\A3sist.Core.csproj]
         E:\Repo\A3sist\A3sist.Core\Agents\Core\IntentRouter\IntentRouter.cs(155,23): warning CS8618: Non-nullable property 'TargetAgent' must contain a non-null value when exiting constructor. Consider adding the 'required' modifier or declaring the property as nullable. [E:\Repo\A3sist\A3sist.Core\A3sist.Core.csproj]
         E:\Repo\A3sist\A3sist.Core\Agents\Core\IntentRouter\IntentRouter.cs(156,23): warning CS8618: Non-nullable property 'Intent' must contain a non-null value when exiting constructor. Consider adding the 'required' modifier or declaring the property as nullable. [E:\Repo\A3sist\A3sist.Core\A3sist.Core.csproj]
         E:\Repo\A3sist\A3sist.Core\Agents\Core\IntentRouter\IntentRouter.cs(158,23): warning CS8618: Non-nullable property 'FollowUp' must contain a non-null value when exiting constructor. Consider adding the 'required' modifier or declaring the property as nullable. [E:\Repo\A3sist\A3sist.Core\A3sist.Core.csproj]
         E:\Repo\A3sist\A3sist.Core\Agents\Core\Designer\Models\ScaffoldingPlan.cs(5,23): warning CS8618: Non-nullable property 'ProjectName' must contain a non-null value when exiting constructor. Consider adding the 'required' modifier or declaring the property as nullable. [E:\Repo\A3sist\A3sist.Core\A3sist.Core.csproj]
         E:\Repo\A3sist\A3sist.Core\Agents\Core\Designer\Models\ScaffoldingPlan.cs(6,23): warning CS8618: Non-nullable property 'Language' must contain a non-null value when exiting constructor. Consider adding the 'required' modifier or declaring the property as nullable. [E:\Repo\A3sist\A3sist.Core\A3sist.Core.csproj]
         E:\Repo\A3sist\A3sist.Core\Agents\Core\Designer\Models\ScaffoldingPlan.cs(7,23): warning CS8618: Non-nullable property 'Framework' must contain a non-null value when exiting constructor. Consider adding the 'required' modifier or declaring the property as nullable. [E:\Repo\A3sist\A3sist.Core\A3sist.Core.csproj]
         E:\Repo\A3sist\A3sist.Core\Agents\Core\Designer\Models\Relationship.cs(5,23): warning CS8618: Non-nullable property 'Source' must contain a non-null value when exiting constructor. Consider adding the 'required' modifier or declaring the property as nullable. [E:\Repo\A3sist\A3sist.Core\A3sist.Core.csproj]
         E:\Repo\A3sist\A3sist.Core\Agents\Core\Designer\Models\Relationship.cs(6,23): warning CS8618: Non-nullable property 'Target' must contain a non-null value when exiting constructor. Consider adding the 'required' modifier or declaring the property as nullable. [E:\Repo\A3sist\A3sist.Core\A3sist.Core.csproj]
         E:\Repo\A3sist\A3sist.Core\Agents\Core\Designer\Models\Relationship.cs(7,23): warning CS8618: Non-nullable property 'Type' must contain a non-null value when exiting constructor. Consider adding the 'required' modifier or declaring the property as nullable. [E:\Repo\A3sist\A3sist.Core\A3sist.Core.csproj]
         E:\Repo\A3sist\A3sist.Core\Agents\Core\Designer\Models\ProjectTemplate.cs(6,19): warning CS8618: Non-nullable property 'Name' must contain a non-null value when exiting constructor. Consider adding the 'required' modifier or declaring the property as nullable. [E:\Repo\A3sist\A3sist.Core\A3sist.Core.csproj]
         E:\Repo\A3sist\A3sist.Core\Agents\Core\Designer\Models\ProjectTemplate.cs(7,19): warning CS8618: Non-nullable property 'Description' must contain a non-null value when exiting constructor. Consider adding the 'required' modifier or declaring the property as nullable. [E:\Repo\A3sist\A3sist.Core\A3sist.Core.csproj]
         E:\Repo\A3sist\A3sist.Core\Agents\Core\IntentRouter\IntentRouter.cs(70,33): warning CS1998: This async method lacks 'await' operators and will run synchronously. Consider using the 'await' operator to await non-blocking API calls, or 'await Task.Run(...)' to do CPU-bound work on a background thread. [E:\Repo\A3sist\A3sist.Core\A3sist.Core.csproj]
         E:\Repo\A3sist\A3sist.Core\Agents\Core\Designer\Models\PatternRecommendation.cs(6,23): warning CS8618: Non-nullable property 'PatternName' must contain a non-null value when exiting constructor. Consider adding the 'required' modifier or declaring the property as nullable. [E:\Repo\A3sist\A3sist.Core\A3sist.Core.csproj]
         E:\Repo\A3sist\A3sist.Core\Agents\Core\Designer\Models\PatternRecommendation.cs(7,23): warning CS8618: Non-nullable property 'Description' must contain a non-null value when exiting constructor. Consider adding the 'required' modifier or declaring the property as nullable. [E:\Repo\A3sist\A3sist.Core\A3sist.Core.csproj]
         E:\Repo\A3sist\A3sist.Core\Agents\Core\Designer\Models\PatternRecommendation.cs(9,23): warning CS8618: Non-nullable property 'WhenToUse' must contain a non-null value when exiting constructor. Consider adding the 'required' modifier or declaring the property as nullable. [E:\Repo\A3sist\A3sist.Core\A3sist.Core.csproj]
         E:\Repo\A3sist\A3sist.Core\Agents\Core\Designer\Models\PatternRecommendation.cs(13,23): warning CS8618: Non-nullable property 'Justification' must contain a non-null value when exiting constructor. Consider adding the 'required' modifier or declaring the property as nullable. [E:\Repo\A3sist\A3sist.Core\A3sist.Core.csproj]
         E:\Repo\A3sist\A3sist.Core\Agents\Core\Designer\Models\PatternRecommendation.cs(14,29): warning CS8618: Non-nullable property 'ComponentsToApplyTo' must contain a non-null value when exiting constructor. Consider adding the 'required' modifier or declaring the property as nullable. [E:\Repo\A3sist\A3sist.Core\A3sist.Core.csproj]
         E:\Repo\A3sist\A3sist.Core\Agents\Core\Designer\Models\PatternRecommendation.cs(15,23): warning CS8618: Non-nullable property 'Benefit' must contain a non-null value when exiting constructor. Consider adding the 'required' modifier or declaring the property as nullable. [E:\Repo\A3sist\A3sist.Core\A3sist.Core.csproj]
         E:\Repo\A3sist\A3sist.Core\Agents\Core\Designer\Models\DesignRequest.cs(19,23): warning CS8618: Non-nullable property 'ArchitectureStyle' must contain a non-null value when exiting constructor. Consider adding the 'required' modifier or declaring the property as nullable. [E:\Repo\A3sist\A3sist.Core\A3sist.Core.csproj]
         E:\Repo\A3sist\A3sist.Core\Agents\Core\Designer\Models\DesignRequest.cs(8,23): warning CS8618: Non-nullable property 'ProjectName' must contain a non-null value when exiting constructor. Consider adding the 'required' modifier or declaring the property as nullable. [E:\Repo\A3sist\A3sist.Core\A3sist.Core.csproj]
         E:\Repo\A3sist\A3sist.Core\Agents\Core\Designer\Models\DesignRequest.cs(9,23): warning CS8618: Non-nullable property 'Language' must contain a non-null value when exiting constructor. Consider adding the 'required' modifier or declaring the property as nullable. [E:\Repo\A3sist\A3sist.Core\A3sist.Core.csproj]
         E:\Repo\A3sist\A3sist.Core\Agents\Core\Designer\Models\DesignRequest.cs(10,23): warning CS8618: Non-nullable property 'Framework' must contain a non-null value when exiting constructor. Consider adding the 'required' modifier or declaring the property as nullable. [E:\Repo\A3sist\A3sist.Core\A3sist.Core.csproj]
         E:\Repo\A3sist\A3sist.Core\Agents\Core\Designer\Models\DesignRequest.cs(13,23): warning CS8618: Non-nullable property 'ExistingCodebasePath' must contain a non-null value when exiting constructor. Consider adding the 'required' modifier or declaring the property as nullable. [E:\Repo\A3sist\A3sist.Core\A3sist.Core.csproj]
         E:\Repo\A3sist\A3sist.Core\Agents\Core\Designer\Models\DesignPattern.cs(5,23): warning CS8618: Non-nullable property 'Name' must contain a non-null value when exiting constructor. Consider adding the 'required' modifier or declaring the property as nullable. [E:\Repo\A3sist\A3sist.Core\A3sist.Core.csproj]
         E:\Repo\A3sist\A3sist.Core\Agents\Core\Designer\Models\DesignPattern.cs(6,23): warning CS8618: Non-nullable property 'Description' must contain a non-null value when exiting constructor. Consider adding the 'required' modifier or declaring the property as nullable. [E:\Repo\A3sist\A3sist.Core\A3sist.Core.csproj]
         E:\Repo\A3sist\A3sist.Core\Agents\Core\Designer\Models\DesignPattern.cs(7,23): warning CS8618: Non-nullable property 'Benefit' must contain a non-null value when exiting constructor. Consider adding the 'required' modifier or declaring the property as nullable. [E:\Repo\A3sist\A3sist.Core\A3sist.Core.csproj]
         E:\Repo\A3sist\A3sist.Core\Agents\Core\Designer\Models\DesignPattern.cs(8,23): warning CS8618: Non-nullable property 'WhenToUse' must contain a non-null value when exiting constructor. Consider adding the 'required' modifier or declaring the property as nullable. [E:\Repo\A3sist\A3sist.Core\A3sist.Core.csproj]
         E:\Repo\A3sist\A3sist.Core\Agents\Core\Designer\Models\Dependency.cs(5,23): warning CS8618: Non-nullable property 'ProjectName' must contain a non-null value when exiting constructor. Consider adding the 'required' modifier or declaring the property as nullable. [E:\Repo\A3sist\A3sist.Core\A3sist.Core.csproj]
         E:\Repo\A3sist\A3sist.Core\Agents\Core\Designer\Models\Dependency.cs(6,23): warning CS8618: Non-nullable property 'SourceComponent' must contain a non-null value when exiting constructor. Consider adding the 'required' modifier or declaring the property as nullable. [E:\Repo\A3sist\A3sist.Core\A3sist.Core.csproj]
         E:\Repo\A3sist\A3sist.Core\Agents\Core\Designer\Models\Dependency.cs(7,23): warning CS8618: Non-nullable property 'TargetComponent' must contain a non-null value when exiting constructor. Consider adding the 'required' modifier or declaring the property as nullable. [E:\Repo\A3sist\A3sist.Core\A3sist.Core.csproj]
         E:\Repo\A3sist\A3sist.Core\Agents\Core\Designer\Models\Dependency.cs(8,23): warning CS8618: Non-nullable property 'Type' must contain a non-null value when exiting constructor. Consider adding the 'required' modifier or declaring the property as nullable. [E:\Repo\A3sist\A3sist.Core\A3sist.Core.csproj]
         E:\Repo\A3sist\A3sist.Core\Agents\Core\Designer\Models\Dependency.cs(9,23): warning CS8618: Non-nullable property 'Description' must contain a non-null value when exiting constructor. Consider adding the 'required' modifier or declaring the property as nullable. [E:\Repo\A3sist\A3sist.Core\A3sist.Core.csproj]
         E:\Repo\A3sist\A3sist.Core\Agents\Core\Designer\Models\Component.cs(5,23): warning CS8618: Non-nullable property 'Name' must contain a non-null value when exiting constructor. Consider adding the 'required' modifier or declaring the property as nullable. [E:\Repo\A3sist\A3sist.Core\A3sist.Core.csproj]
         E:\Repo\A3sist\A3sist.Core\Agents\Core\Designer\Models\Component.cs(6,23): warning CS8618: Non-nullable property 'Description' must contain a non-null value when exiting constructor. Consider adding the 'required' modifier or declaring the property as nullable. [E:\Repo\A3sist\A3sist.Core\A3sist.Core.csproj]
         E:\Repo\A3sist\A3sist.Core\Agents\Core\Designer\Models\Component.cs(7,23): warning CS8618: Non-nullable property 'Responsibility' must contain a non-null value when exiting constructor. Consider adding the 'required' modifier or declaring the property as nullable. [E:\Repo\A3sist\A3sist.Core\A3sist.Core.csproj]
         E:\Repo\A3sist\A3sist.Core\Agents\Core\Designer\Models\ArchitecturePlan.cs(5,23): warning CS8618: Non-nullable property 'ProjectName' must contain a non-null value when exiting constructor. Consider adding the 'required' modifier or declaring the property as nullable. [E:\Repo\A3sist\A3sist.Core\A3sist.Core.csproj]
         E:\Repo\A3sist\A3sist.Core\Agents\Core\Designer\Models\ArchitecturePlan.cs(6,23): warning CS8618: Non-nullable property 'ArchitectureStyle' must contain a non-null value when exiting constructor. Consider adding the 'required' modifier or declaring the property as nullable. [E:\Repo\A3sist\A3sist.Core\A3sist.Core.csproj]
         E:\Repo\A3sist\A3sist.Core\Agents\Core\Designer\Models\ArchitecturalPattern.cs(8,23): warning CS8618: Non-nullable property 'Name' must contain a non-null value when exiting constructor. Consider adding the 'required' modifier or declaring the property as nullable. [E:\Repo\A3sist\A3sist.Core\A3sist.Core.csproj]
         E:\Repo\A3sist\A3sist.Core\Agents\Core\Designer\Models\ArchitecturalPattern.cs(9,23): warning CS8618: Non-nullable property 'Description' must contain a non-null value when exiting constructor. Consider adding the 'required' modifier or declaring the property as nullable. [E:\Repo\A3sist\A3sist.Core\A3sist.Core.csproj]
         E:\Repo\A3sist\A3sist.Core\Agents\Core\Designer\Models\ArchitecturalPattern.cs(11,23): warning CS8618: Non-nullable property 'WhenToUse' must contain a non-null value when exiting constructor. Consider adding the 'required' modifier or declaring the property as nullable. [E:\Repo\A3sist\A3sist.Core\A3sist.Core.csproj]
         E:\Repo\A3sist\A3sist.Core\Configuration\Providers\FileConfigurationProvider.cs(125,51): warning CS1998: This async method lacks 'await' operators and will run synchronously. Consider using the 'await' operator to await non-blocking API calls, or 'await Task.Run(...)' to do CPU-bound work on a background thread. [E:\Repo\A3sist\A3sist.Core\A3sist.Core.csproj]
         E:\Repo\A3sist\A3sist.Core\Configuration\Providers\FileConfigurationProvider.cs(164,23): warning CS1998: This async method lacks 'await' operators and will run synchronously. Consider using the 'await' operator to await non-blocking API calls, or 'await Task.Run(...)' to do CPU-bound work on a background thread. [E:\Repo\A3sist\A3sist.Core\A3sist.Core.csproj]
         E:\Repo\A3sist\A3sist.Core\Configuration\Providers\FileConfigurationProvider.cs(196,54): warning CS1998: This async method lacks 'await' operators and will run synchronously. Consider using the 'await' operator to await non-blocking API calls, or 'await Task.Run(...)' to do CPU-bound work on a background thread. [E:\Repo\A3sist\A3sist.Core\A3sist.Core.csproj]
         E:\Repo\A3sist\A3sist.Core\Services\ValidationService.cs(246,58): warning CS8604: Possible null reference argument for parameter 'language' in 'void ValidationService.ValidateLanguageSpecificContent(string content, string language, ValidationResult result)'. [E:\Repo\A3sist\A3sist.Core\A3sist.Core.csproj]
         E:\Repo\A3sist\A3sist.Core\Configuration\Providers\EnvironmentConfigurationProvider.cs(74,32): warning CS8603: Possible null reference return. [E:\Repo\A3sist\A3sist.Core\A3sist.Core.csproj]
         E:\Repo\A3sist\A3sist.Core\Configuration\Providers\EnvironmentConfigurationProvider.cs(85,20): warning CS8603: Possible null reference return. [E:\Repo\A3sist\A3sist.Core\A3sist.Core.csproj]
         E:\Repo\A3sist\A3sist.Core\Configuration\Providers\EnvironmentConfigurationProvider.cs(90,20): warning CS8603: Possible null reference return. [E:\Repo\A3sist\A3sist.Core\A3sist.Core.csproj]
         E:\Repo\A3sist\A3sist.Core\Configuration\Providers\EnvironmentConfigurationProvider.cs(34,26): warning CS1998: This async method lacks 'await' operators and will run synchronously. Consider using the 'await' operator to await non-blocking API calls, or 'await Task.Run(...)' to do CPU-bound work on a background thread. [E:\Repo\A3sist\A3sist.Core\A3sist.Core.csproj]
         E:\Repo\A3sist\A3sist.Core\Agents\Language\CSharp\AgentCSharpHandler.cs(215,41): warning CS1998: This async method lacks 'await' operators and will run synchronously. Consider using the 'await' operator to await non-blocking API calls, or 'await Task.Run(...)' to do CPU-bound work on a background thread. [E:\Repo\A3sist\A3sist.Core\A3sist.Core.csproj]
         E:\Repo\A3sist\A3sist.Core\Agents\Core\IntentRouter\IntentRouter.cs(123,28): warning CS8601: Possible null reference assignment. [E:\Repo\A3sist\A3sist.Core\A3sist.Core.csproj]
         E:\Repo\A3sist\A3sist.Core\LLM\MCPLLMClient.cs(113,27): warning CS8634: The type 'string?' cannot be used as type parameter 'T' in the generic type or method 'ICacheService.SetAsync<T>(string, T, TimeSpan?, CancellationToken)'. Nullability of type argument 'string?' doesn't match 'class' constraint. [E:\Repo\A3sist\A3sist.Core\A3sist.Core.csproj]
         E:\Repo\A3sist\A3sist.Core\LLM\MCPLLMClient.cs(119,28): warning CS8603: Possible null reference return. [E:\Repo\A3sist\A3sist.Core\A3sist.Core.csproj]
         E:\Repo\A3sist\A3sist.Core\Agents\Core\RAGEnhancedCSharpAgent.cs(75,61): warning CS8604: Possible null reference argument for parameter 'text' in 'SyntaxTree CSharpSyntaxTree.ParseText(string text, CSharpParseOptions? options = null, string path = "", Encoding? encoding = null, CancellationToken cancellationToken = default(CancellationToken))'. [E:\Repo\A3sist\A3sist.Core\A3sist.Core.csproj]
         E:\Repo\A3sist\A3sist.Core\Agents\Core\RAGEnhancedCSharpAgent.cs(152,67): warning CS8604: Possible null reference argument for parameter 'code' in 'string RAGEnhancedCSharpAgent.BuildRAGRefactoringPrompt(string code, RAGContext? ragContext)'. [E:\Repo\A3sist\A3sist.Core\A3sist.Core.csproj]
         E:\Repo\A3sist\A3sist.Core\Agents\Language\CSharp\Services\XamlValidator.cs(389,26): warning CS8625: Cannot convert null literal to non-nullable reference type. [E:\Repo\A3sist\A3sist.Core\A3sist.Core.csproj]
         E:\Repo\A3sist\A3sist.Core\Agents\Language\CSharp\Services\XamlValidator.cs(413,34): warning CS8625: Cannot convert null literal to non-nullable reference type. [E:\Repo\A3sist\A3sist.Core\A3sist.Core.csproj]
         E:\Repo\A3sist\A3sist.Core\LLM\MCPOrchestrator.cs(337,41): warning CS1998: This async method lacks 'await' operators and will run synchronously. Consider using the 'await' operator to await non-blocking API calls, or 'await Task.Run(...)' to do CPU-bound work on a background thread. [E:\Repo\A3sist\A3sist.Core\A3sist.Core.csproj]
         E:\Repo\A3sist\A3sist.Core\LLM\MCPOrchestrator.cs(425,25): warning CS8602: Dereference of a possibly null reference. [E:\Repo\A3sist\A3sist.Core\A3sist.Core.csproj]
         E:\Repo\A3sist\A3sist.Core\Agents\Core\RAGEnhancedCSharpAgent.cs(184,61): warning CS8604: Possible null reference argument for parameter 'text' in 'SyntaxTree CSharpSyntaxTree.ParseText(string text, CSharpParseOptions? options = null, string path = "", Encoding? encoding = null, CancellationToken cancellationToken = default(CancellationToken))'. [E:\Repo\A3sist\A3sist.Core\A3sist.Core.csproj]
         E:\Repo\A3sist\A3sist.Core\Agents\Core\RAGEnhancedCSharpAgent.cs(233,22): warning CS8602: Dereference of a possibly null reference. [E:\Repo\A3sist\A3sist.Core\A3sist.Core.csproj]
         E:\Repo\A3sist\A3sist.Core\Agents\Core\RAGEnhancedCSharpAgent.cs(221,41): warning CS1998: This async method lacks 'await' operators and will run synchronously. Consider using the 'await' operator to await non-blocking API calls, or 'await Task.Run(...)' to do CPU-bound work on a background thread. [E:\Repo\A3sist\A3sist.Core\A3sist.Core.csproj]
         E:\Repo\A3sist\A3sist.Core\Agents\Language\Python\AgentPythonHandler.cs(204,72): warning CS8604: Possible null reference argument for parameter 'command' in 'Task<string> PipPackageManager.ExecuteCommandAsync(string command, string packageName = null)'. [E:\Repo\A3sist\A3sist.Core\A3sist.Core.csproj]
         E:\Repo\A3sist\A3sist.Core\Agents\Language\Python\AgentPythonHandler.cs(204,81): warning CS8604: Possible null reference argument for parameter 'packageName' in 'Task<string> PipPackageManager.ExecuteCommandAsync(string command, string packageName = null)'. [E:\Repo\A3sist\A3sist.Core\A3sist.Core.csproj]
         E:\Repo\A3sist\A3sist.Core\Agents\Language\Python\AgentPythonHandler.cs(229,69): warning CS8604: Possible null reference argument for parameter 'command' in 'Task<string> VirtualEnvironmentManager.ExecuteCommandAsync(string command, string envName = null)'. [E:\Repo\A3sist\A3sist.Core\A3sist.Core.csproj]
         E:\Repo\A3sist\A3sist.Core\Agents\Language\Python\AgentPythonHandler.cs(229,78): warning CS8604: Possible null reference argument for parameter 'envName' in 'Task<string> VirtualEnvironmentManager.ExecuteCommandAsync(string command, string envName = null)'. [E:\Repo\A3sist\A3sist.Core\A3sist.Core.csproj]
         E:\Repo\A3sist\A3sist.Core\Agents\Core\Designer\Designer.cs(42,45): warning CS1998: This async method lacks 'await' operators and will run synchronously. Consider using the 'await' operator to await non-blocking API calls, or 'await Task.Run(...)' to do CPU-bound work on a background thread. [E:\Repo\A3sist\A3sist.Core\A3sist.Core.csproj]
         E:\Repo\A3sist\A3sist.Core\Agents\Language\Python\AgentPythonHandler.cs(305,70): warning CS8604: Possible null reference argument for parameter 'testPattern' in 'Task<string> PipPackageManager.RunTestsAsync(string testPattern = null)'. [E:\Repo\A3sist\A3sist.Core\A3sist.Core.csproj]
         E:\Repo\A3sist\A3sist.Core\Agents\Language\CSharp\Services\RefactorEngine.cs(177,44): warning CS8604: Possible null reference argument for parameter 'item' in 'bool HashSet<string>.Add(string item)'. [E:\Repo\A3sist\A3sist.Core\A3sist.Core.csproj]
         E:\Repo\A3sist\A3sist.Core\Agents\Language\CSharp\Services\RefactorEngine.cs(186,86): warning CS8604: Possible null reference argument for parameter 'item' in 'bool HashSet<string>.Contains(string item)'. [E:\Repo\A3sist\A3sist.Core\A3sist.Core.csproj]
         E:\Repo\A3sist\A3sist.Core\Agents\Language\CSharp\Services\RefactorEngine.cs(188,28): warning CS8631: The type 'Microsoft.CodeAnalysis.SyntaxNode?' cannot be used as type parameter 'TRoot' in the generic type or method 'SyntaxNodeExtensions.RemoveNode<TRoot>(TRoot, SyntaxNode, SyntaxRemoveOptions)'. Nullability of type argument 'Microsoft.CodeAnalysis.SyntaxNode?' doesn't match constraint type 'Microsoft.CodeAnalysis.SyntaxNode'. [E:\Repo\A3sist\A3sist.Core\A3sist.Core.csproj]
         E:\Repo\A3sist\A3sist.Core\Agents\Language\CSharp\Services\RefactorEngine.cs(188,28): warning CS8600: Converting null literal or possible null value to non-nullable type. [E:\Repo\A3sist\A3sist.Core\A3sist.Core.csproj]
         E:\Repo\A3sist\A3sist.Core\Agents\Language\CSharp\Services\RefactorEngine.cs(192,20): warning CS8603: Possible null reference return. [E:\Repo\A3sist\A3sist.Core\A3sist.Core.csproj]
         E:\Repo\A3sist\A3sist.Core\Agents\Language\Javascript\AgentJavaScriptHandler.cs(204,72): warning CS8604: Possible null reference argument for parameter 'command' in 'Task<string> NpmPackageManager.ExecuteCommandAsync(string command, string? packageName = null)'. [E:\Repo\A3sist\A3sist.Core\A3sist.Core.csproj]
         E:\Repo\A3sist\A3sist.Core\Agents\Language\Javascript\AgentJavaScriptHandler.cs(284,39): warning CS8601: Possible null reference assignment. [E:\Repo\A3sist\A3sist.Core\A3sist.Core.csproj]
         E:\Repo\A3sist\A3sist.Core\Agents\Core\MCPEnhancedAgent.cs(27,16): warning CS8618: Non-nullable field '_availableTools' must contain a non-null value when exiting constructor. Consider adding the 'required' modifier or declaring the field as nullable. [E:\Repo\A3sist\A3sist.Core\A3sist.Core.csproj]
         E:\Repo\A3sist\A3sist.Core\Agents\Core\Dispatcher\Dispatcher.cs(60,45): warning CS1998: This async method lacks 'await' operators and will run synchronously. Consider using the 'await' operator to await non-blocking API calls, or 'await Task.Run(...)' to do CPU-bound work on a background thread. [E:\Repo\A3sist\A3sist.Core\A3sist.Core.csproj]
         E:\Repo\A3sist\A3sist.Core\Agents\Core\IntentRouterAgent.cs(187,46): warning CS1998: This async method lacks 'await' operators and will run synchronously. Consider using the 'await' operator to await non-blocking API calls, or 'await Task.Run(...)' to do CPU-bound work on a background thread. [E:\Repo\A3sist\A3sist.Core\A3sist.Core.csproj]
         E:\Repo\A3sist\A3sist.Core\Agents\Core\Designer\Designer.cs(575,42): warning CS1998: This async method lacks 'await' operators and will run synchronously. Consider using the 'await' operator to await non-blocking API calls, or 'await Task.Run(...)' to do CPU-bound work on a background thread. [E:\Repo\A3sist\A3sist.Core\A3sist.Core.csproj]
         E:\Repo\A3sist\A3sist.Core\Agents\Core\Dispatcher\Dispatcher.cs(275,41): warning CS1998: This async method lacks 'await' operators and will run synchronously. Consider using the 'await' operator to await non-blocking API calls, or 'await Task.Run(...)' to do CPU-bound work on a background thread. [E:\Repo\A3sist\A3sist.Core\A3sist.Core.csproj]
         E:\Repo\A3sist\A3sist.Core\Agents\Core\Dispatcher\Dispatcher.cs(282,41): warning CS1998: This async method lacks 'await' operators and will run synchronously. Consider using the 'await' operator to await non-blocking API calls, or 'await Task.Run(...)' to do CPU-bound work on a background thread. [E:\Repo\A3sist\A3sist.Core\A3sist.Core.csproj]
         E:\Repo\A3sist\A3sist.Core\Agents\Core\Dispatcher\Dispatcher.cs(337,43): warning CS1998: This async method lacks 'await' operators and will run synchronously. Consider using the 'await' operator to await non-blocking API calls, or 'await Task.Run(...)' to do CPU-bound work on a background thread. [E:\Repo\A3sist\A3sist.Core\A3sist.Core.csproj]
         E:\Repo\A3sist\A3sist.Core\Services\SettingsPersistenceService.cs(519,19): warning CS8618: Non-nullable property 'Version' must contain a non-null value when exiting constructor. Consider adding the 'required' modifier or declaring the property as nullable. [E:\Repo\A3sist\A3sist.Core\A3sist.Core.csproj]
         E:\Repo\A3sist\A3sist.Core\Services\SettingsPersistenceService.cs(521,39): warning CS8618: Non-nullable property 'Settings' must contain a non-null value when exiting constructor. Consider adding the 'required' modifier or declaring the property as nullable. [E:\Repo\A3sist\A3sist.Core\A3sist.Core.csproj]
         E:\Repo\A3sist\A3sist.Core\Services\SettingsPersistenceService.cs(522,19): warning CS8618: Non-nullable property 'Checksum' must contain a non-null value when exiting constructor. Consider adding the 'required' modifier or declaring the property as nullable. [E:\Repo\A3sist\A3sist.Core\A3sist.Core.csproj]
         E:\Repo\A3sist\A3sist.Core\Agents\Language\Python\Services\PythonAnalyzer.cs(210,17): warning CS0219: The variable 'inconsistentIndentation' is assigned but its value is never used [E:\Repo\A3sist\A3sist.Core\A3sist.Core.csproj]
         E:\Repo\A3sist\A3sist.Core\Services\SettingsPersistenceService.cs(154,24): warning CS8603: Possible null reference return. [E:\Repo\A3sist\A3sist.Core\A3sist.Core.csproj]
         E:\Repo\A3sist\A3sist.Core\Services\SettingsPersistenceService.cs(172,20): warning CS8603: Possible null reference return. [E:\Repo\A3sist\A3sist.Core\A3sist.Core.csproj]
         E:\Repo\A3sist\A3sist.Core\Services\SettingsPersistenceService.cs(211,41): warning CS1998: This async method lacks 'await' operators and will run synchronously. Consider using the 'await' operator to await non-blocking API calls, or 'await Task.Run(...)' to do CPU-bound work on a background thread. [E:\Repo\A3sist\A3sist.Core\A3sist.Core.csproj]
         E:\Repo\A3sist\A3sist.Core\Services\SettingsPersistenceService.cs(268,49): warning CS1998: This async method lacks 'await' operators and will run synchronously. Consider using the 'await' operator to await non-blocking API calls, or 'await Task.Run(...)' to do CPU-bound work on a background thread. [E:\Repo\A3sist\A3sist.Core\A3sist.Core.csproj]
         E:\Repo\A3sist\A3sist.Core\Services\RefactoringService.cs(90,88): warning CS8604: Possible null reference argument for parameter 'parameters' in 'Task<RefactoringResult> ILanguageRefactoringProvider.ApplyRefactoringAsync(string code, RefactoringType refactoringType, Dictionary<string, object> parameters = null, CancellationToken cancellationToken = default(CancellationToken))'. [E:\Repo\A3sist\A3sist.Core\A3sist.Core.csproj]
         E:\Repo\A3sist\A3sist.Core\Services\RefactoringService.cs(94,82): warning CS8604: Possible null reference argument for parameter 'parameters' in 'Task<RefactoringResult> RefactoringService.ApplyGenericRefactoringAsync(string code, RefactoringType refactoringType, Dictionary<string, object> parameters, CancellationToken cancellationToken)'. [E:\Repo\A3sist\A3sist.Core\A3sist.Core.csproj]
         E:\Repo\A3sist\A3sist.Core\Services\SettingsPersistenceService.cs(444,24): warning CS8603: Possible null reference return. [E:\Repo\A3sist\A3sist.Core\A3sist.Core.csproj]
         E:\Repo\A3sist\A3sist.Core\Services\SettingsPersistenceService.cs(452,16): warning CS8603: Possible null reference return. [E:\Repo\A3sist\A3sist.Core\A3sist.Core.csproj]
         E:\Repo\A3sist\A3sist.Core\Services\RefactoringService.cs(319,47): warning CS1998: This async method lacks 'await' operators and will run synchronously. Consider using the 'await' operator to await non-blocking API calls, or 'await Task.Run(...)' to do CPU-bound work on a background thread. [E:\Repo\A3sist\A3sist.Core\A3sist.Core.csproj]
         E:\Repo\A3sist\A3sist.Core\Services\RefactoringService.cs(349,47): warning CS1998: This async method lacks 'await' operators and will run synchronously. Consider using the 'await' operator to await non-blocking API calls, or 'await Task.Run(...)' to do CPU-bound work on a background thread. [E:\Repo\A3sist\A3sist.Core\A3sist.Core.csproj]
         E:\Repo\A3sist\A3sist.Core\Services\RefactoringService.cs(367,47): warning CS1998: This async method lacks 'await' operators and will run synchronously. Consider using the 'await' operator to await non-blocking API calls, or 'await Task.Run(...)' to do CPU-bound work on a background thread. [E:\Repo\A3sist\A3sist.Core\A3sist.Core.csproj]
         E:\Repo\A3sist\A3sist.Core\Services\RefactoringService.cs(413,74): warning CS1998: This async method lacks 'await' operators and will run synchronously. Consider using the 'await' operator to await non-blocking API calls, or 'await Task.Run(...)' to do CPU-bound work on a background thread. [E:\Repo\A3sist\A3sist.Core\A3sist.Core.csproj]
         E:\Repo\A3sist\A3sist.Core\Services\RefactoringService.cs(443,74): warning CS1998: This async method lacks 'await' operators and will run synchronously. Consider using the 'await' operator to await non-blocking API calls, or 'await Task.Run(...)' to do CPU-bound work on a background thread. [E:\Repo\A3sist\A3sist.Core\A3sist.Core.csproj]
         E:\Repo\A3sist\A3sist.Core\Services\LoggingService.cs(110,53): warning CS1998: This async method lacks 'await' operators and will run synchronously. Consider using the 'await' operator to await non-blocking API calls, or 'await Task.Run(...)' to do CPU-bound work on a background thread. [E:\Repo\A3sist\A3sist.Core\A3sist.Core.csproj]
         E:\Repo\A3sist\A3sist.Core\Services\IntentClassifier.cs(38,49): warning CS1998: This async method lacks 'await' operators and will run synchronously. Consider using the 'await' operator to await non-blocking API calls, or 'await Task.Run(...)' to do CPU-bound work on a background thread. [E:\Repo\A3sist\A3sist.Core\A3sist.Core.csproj]
         E:\Repo\A3sist\A3sist.Core\Services\RAGService.cs(259,17): warning CS8602: Dereference of a possibly null reference. [E:\Repo\A3sist\A3sist.Core\A3sist.Core.csproj]
         E:\Repo\A3sist\A3sist.Core\Services\RefactoringService.cs(468,100): warning CS1998: This async method lacks 'await' operators and will run synchronously. Consider using the 'await' operator to await non-blocking API calls, or 'await Task.Run(...)' to do CPU-bound work on a background thread. [E:\Repo\A3sist\A3sist.Core\A3sist.Core.csproj]
         E:\Repo\A3sist\A3sist.Core\Services\EnhancedPerformanceMonitoringService.cs(76,16): warning CS8618: Non-nullable field '_metricsTimer' must contain a non-null value when exiting constructor. Consider adding the 'required' modifier or declaring the field as nullable. [E:\Repo\A3sist\A3sist.Core\A3sist.Core.csproj]
         E:\Repo\A3sist\A3sist.Core\Services\EnhancedRequestRouter.cs(153,28): warning CS8603: Possible null reference return. [E:\Repo\A3sist\A3sist.Core\A3sist.Core.csproj]
         E:\Repo\A3sist\A3sist.Core\Services\EnhancedRequestRouter.cs(159,36): warning CS8602: Dereference of a possibly null reference. [E:\Repo\A3sist\A3sist.Core\A3sist.Core.csproj]
         E:\Repo\A3sist\A3sist.Core\Services\ConfigurationService.cs(29,12): warning CS8618: Non-nullable field '_a3sistConfig' must contain a non-null value when exiting constructor. Consider adding the 'required' modifier or declaring the field as nullable. [E:\Repo\A3sist\A3sist.Core\A3sist.Core.csproj]
         E:\Repo\A3sist\A3sist.Core\Services\ConfigurationService.cs(90,20): warning CS8603: Possible null reference return. [E:\Repo\A3sist\A3sist.Core\A3sist.Core.csproj]
         E:\Repo\A3sist\A3sist.Core\Services\CodeAnalysisService.cs(74,51): warning CS1998: This async method lacks 'await' operators and will run synchronously. Consider using the 'await' operator to await non-blocking API calls, or 'await Task.Run(...)' to do CPU-bound work on a background thread. [E:\Repo\A3sist\A3sist.Core\A3sist.Core.csproj]
         E:\Repo\A3sist\A3sist.Core\Services\CodeAnalysisService.cs(117,46): warning CS1998: This async method lacks 'await' operators and will run synchronously. Consider using the 'await' operator to await non-blocking API calls, or 'await Task.Run(...)' to do CPU-bound work on a background thread. [E:\Repo\A3sist\A3sist.Core\A3sist.Core.csproj]
         E:\Repo\A3sist\A3sist.Core\Services\CodeAnalysisService.cs(156,53): warning CS1998: This async method lacks 'await' operators and will run synchronously. Consider using the 'await' operator to await non-blocking API calls, or 'await Task.Run(...)' to do CPU-bound work on a background thread. [E:\Repo\A3sist\A3sist.Core\A3sist.Core.csproj]
         E:\Repo\A3sist\A3sist.Core\Services\CodeAnalysisService.cs(206,54): warning CS1998: This async method lacks 'await' operators and will run synchronously. Consider using the 'await' operator to await non-blocking API calls, or 'await Task.Run(...)' to do CPU-bound work on a background thread. [E:\Repo\A3sist\A3sist.Core\A3sist.Core.csproj]
         E:\Repo\A3sist\A3sist.Core\Services\CodeAnalysisService.cs(255,54): warning CS1998: This async method lacks 'await' operators and will run synchronously. Consider using the 'await' operator to await non-blocking API calls, or 'await Task.Run(...)' to do CPU-bound work on a background thread. [E:\Repo\A3sist\A3sist.Core\A3sist.Core.csproj]
         E:\Repo\A3sist\A3sist.Core\Services\PerformanceMonitoringService.cs(236,48): warning CS1998: This async method lacks 'await' operators and will run synchronously. Consider using the 'await' operator to await non-blocking API calls, or 'await Task.Run(...)' to do CPU-bound work on a background thread. [E:\Repo\A3sist\A3sist.Core\A3sist.Core.csproj]
         E:\Repo\A3sist\A3sist.Core\Services\ConfigurationService.cs(135,50): warning CS8604: Possible null reference argument for parameter 'addValue' in 'object ConcurrentDictionary<string, object>.AddOrUpdate(string key, object addValue, Func<string, object, object> updateValueFactory)'. [E:\Repo\A3sist\A3sist.Core\A3sist.Core.csproj]
         E:\Repo\A3sist\A3sist.Core\Services\ConfigurationService.cs(135,67): warning CS8603: Possible null reference return. [E:\Repo\A3sist\A3sist.Core\A3sist.Core.csproj]
         E:\Repo\A3sist\A3sist.Core\Services\ConfigurationService.cs(143,41): warning CS8601: Possible null reference assignment. [E:\Repo\A3sist\A3sist.Core\A3sist.Core.csproj]
         E:\Repo\A3sist\A3sist.Core\Logging\LoggingScope.cs(15,20): warning CS8603: Possible null reference return. [E:\Repo\A3sist\A3sist.Core\A3sist.Core.csproj]
         E:\Repo\A3sist\A3sist.Core\Logging\LoggingScope.cs(28,20): warning CS8603: Possible null reference return. [E:\Repo\A3sist\A3sist.Core\A3sist.Core.csproj]
         E:\Repo\A3sist\A3sist.Core\Logging\LoggingScope.cs(42,20): warning CS8603: Possible null reference return. [E:\Repo\A3sist\A3sist.Core\A3sist.Core.csproj]
         E:\Repo\A3sist\A3sist.Core\Logging\LoggingScope.cs(55,20): warning CS8603: Possible null reference return. [E:\Repo\A3sist\A3sist.Core\A3sist.Core.csproj]
         E:\Repo\A3sist\A3sist.Core\Logging\LoggingScope.cs(68,20): warning CS8603: Possible null reference return. [E:\Repo\A3sist\A3sist.Core\A3sist.Core.csproj]
         E:\Repo\A3sist\A3sist.Core\Logging\LoggingScope.cs(81,20): warning CS8603: Possible null reference return. [E:\Repo\A3sist\A3sist.Core\A3sist.Core.csproj]
         E:\Repo\A3sist\A3sist.Core\Logging\LoggingScope.cs(89,20): warning CS8603: Possible null reference return. [E:\Repo\A3sist\A3sist.Core\A3sist.Core.csproj]
         E:\Repo\A3sist\A3sist.Core\Services\ErrorReportingService.cs(526,52): warning CS1998: This async method lacks 'await' operators and will run synchronously. Consider using the 'await' operator to await non-blocking API calls, or 'await Task.Run(...)' to do CPU-bound work on a background thread. [E:\Repo\A3sist\A3sist.Core\A3sist.Core.csproj]
         E:\Repo\A3sist\A3sist.Core\Services\ErrorReportingService.cs(536,47): warning CS1998: This async method lacks 'await' operators and will run synchronously. Consider using the 'await' operator to await non-blocking API calls, or 'await Task.Run(...)' to do CPU-bound work on a background thread. [E:\Repo\A3sist\A3sist.Core\A3sist.Core.csproj]
         E:\Repo\A3sist\A3sist.Core\Services\ErrorReportingService.cs(544,52): warning CS1998: This async method lacks 'await' operators and will run synchronously. Consider using the 'await' operator to await non-blocking API calls, or 'await Task.Run(...)' to do CPU-bound work on a background thread. [E:\Repo\A3sist\A3sist.Core\A3sist.Core.csproj]
         E:\Repo\A3sist\A3sist.Core\Services\ErrorReportingService.cs(560,54): warning CS1998: This async method lacks 'await' operators and will run synchronously. Consider using the 'await' operator to await non-blocking API calls, or 'await Task.Run(...)' to do CPU-bound work on a background thread. [E:\Repo\A3sist\A3sist.Core\A3sist.Core.csproj]
         E:\Repo\A3sist\A3sist.Core\Services\ErrorReportingService.cs(622,48): warning CS1998: This async method lacks 'await' operators and will run synchronously. Consider using the 'await' operator to await non-blocking API calls, or 'await Task.Run(...)' to do CPU-bound work on a background thread. [E:\Repo\A3sist\A3sist.Core\A3sist.Core.csproj]
         E:\Repo\A3sist\A3sist.Core\Agents\Core\Dispatcher\Services\TaskQueue.cs(15,55): warning CS0649: Field 'TaskQueue._workflowQueue' is never assigned to, and will always have its default value null [E:\Repo\A3sist\A3sist.Core\A3sist.Core.csproj]
         E:\Repo\A3sist\A3sist.Core\Agents\Core\MCPEnhancedAgent.cs(22,47): warning CS0169: The field 'MCPEnhancedAgent._availableTools' is never used [E:\Repo\A3sist\A3sist.Core\A3sist.Core.csproj]


       "E:\Repo\A3sist\A3sist.sln" (default target) (1) ->
       "E:\Repo\A3sist\A3sist.Core\A3sist.Core.csproj" (default target) (6) ->
       (CoreCompile target) -> 
         E:\Repo\A3sist\A3sist.Core\LLM\Program.cs(30,26): error CS0311: The type 'A3sist.Core.LLM.CodestralLLMClient' cannot be used as type parameter 'TImplementation' in the generic type or method 'HttpClientFactoryServiceCollectionExtensions.AddHttpClient<TClient, TImplementation>(IServiceCollection)'. There is no implicit reference conversion from 'A3sist.Core.LLM.CodestralLLMClient' to 'A3sist.Orchastrator.LLM.ILLMClient'. [E:\Repo\A3sist\A3sist.Core\A3sist.Core.csproj]
         E:\Repo\A3sist\A3sist.Core\LLM\Program.cs(40,48): error CS1061: 'ILLMClient' does not contain a definition for 'CompleteAsync' and no accessible extension method 'CompleteAsync' accepting a first argument of type 'ILLMClient' could be found (are you missing a using directive or an assembly reference?) [E:\Repo\A3sist\A3sist.Core\A3sist.Core.csproj]
         E:\Repo\A3sist\A3sist.Core\LLM\LLMServiceCollectionExtensions.cs(14,26): error CS0311: The type 'A3sist.Core.LLM.CodestralLLMClient' cannot be used as type parameter 'TImplementation' in the generic type or method 'ServiceCollectionServiceExtensions.AddSingleton<TService, TImplementation>(IServiceCollection)'. There is no implicit reference conversion from 'A3sist.Core.LLM.CodestralLLMClient' to 'A3sist.Orchastrator.LLM.ILLMClient'. [E:\Repo\A3sist\A3sist.Core\A3sist.Core.csproj]
         E:\Repo\A3sist\A3sist.Core\LLM\MCPOrchestrator.cs(55,46): error CS1579: foreach statement cannot operate on variables of type 'MCPServersOptions' because 'MCPServersOptions' does not contain a public instance or extension definition for 'GetEnumerator' [E:\Repo\A3sist\A3sist.Core\A3sist.Core.csproj]
         E:\Repo\A3sist\A3sist.Core\Extensions\ServiceCollectionExtensions.cs(35,18): error CS0121: The call is ambiguous between the following methods or properties: 'LoggingServiceExtensions.AddA3sistLogging(IServiceCollection, IConfiguration)' and 'ServiceCollectionExtensions.AddA3sistLogging(IServiceCollection, IConfiguration)' [E:\Repo\A3sist\A3sist.Core\A3sist.Core.csproj]
         E:\Repo\A3sist\A3sist.Core\Extensions\ServiceCollectionExtensions.cs(141,31): error CS0104: 'IValidationService' is an ambiguous reference between 'A3sist.Core.Services.IValidationService' and 'A3sist.Shared.Interfaces.IValidationService' [E:\Repo\A3sist\A3sist.Core\A3sist.Core.csproj]
         E:\Repo\A3sist\A3sist.Core\Extensions\ServiceCollectionExtensions.cs(141,18): error CS0311: The type 'A3sist.Core.Services.ValidationService' cannot be used as type parameter 'TImplementation' in the generic type or method 'ServiceCollectionServiceExtensions.AddSingleton<TService, TImplementation>(IServiceCollection)'. There is no implicit reference conversion from 'A3sist.Core.Services.ValidationService' to 'A3sist.Core.Services.IValidationService'. [E:\Repo\A3sist\A3sist.Core\A3sist.Core.csproj]
         E:\Repo\A3sist\A3sist.Core\Extensions\LoggingServiceExtensions.cs(36,58): error CS0104: 'LoggingConfiguration' is an ambiguous reference between 'A3sist.Core.Configuration.LoggingConfiguration' and 'A3sist.Shared.Models.LoggingConfiguration' [E:\Repo\A3sist\A3sist.Core\A3sist.Core.csproj]
         E:\Repo\A3sist\A3sist.Core\Agents\Language\CSharp\AgentCSharpHandler.cs(153,66): error CS1503: Argument 2: cannot convert from 'System.Collections.Generic.Dictionary<string, object>' to 'string?' [E:\Repo\A3sist\A3sist.Core\A3sist.Core.csproj]
         E:\Repo\A3sist\A3sist.Core\Extensions\LoggingServiceExtensions.cs(63,58): error CS0104: 'LoggingConfiguration' is an ambiguous reference between 'A3sist.Core.Configuration.LoggingConfiguration' and 'A3sist.Shared.Models.LoggingConfiguration' [E:\Repo\A3sist\A3sist.Core\A3sist.Core.csproj]
         E:\Repo\A3sist\A3sist.Core\Agents\Language\CSharp\AgentCSharpHandler.cs(180,66): error CS1503: Argument 2: cannot convert from 'System.Collections.Generic.Dictionary<string, object>' to 'string?' [E:\Repo\A3sist\A3sist.Core\A3sist.Core.csproj]
         E:\Repo\A3sist\A3sist.Core\Agents\Language\CSharp\AgentCSharpHandler.cs(206,68): error CS1503: Argument 2: cannot convert from 'System.Collections.Generic.Dictionary<string, object>' to 'string?' [E:\Repo\A3sist\A3sist.Core\A3sist.Core.csproj]
         E:\Repo\A3sist\A3sist.Core\Agents\TaskAgents\Refactor\RefactorAgent.cs(181,36): error CS1501: No overload for method 'CreateSuccess' takes 4 arguments [E:\Repo\A3sist\A3sist.Core\A3sist.Core.csproj]
         E:\Repo\A3sist\A3sist.Core\Agents\Language\CSharp\AgentCSharpHandler.cs(251,65): error CS1503: Argument 2: cannot convert from 'System.Collections.Generic.Dictionary<string, object>' to 'string?' [E:\Repo\A3sist\A3sist.Core\A3sist.Core.csproj]
         E:\Repo\A3sist\A3sist.Core\Agents\Language\CSharp\AgentCSharpHandler.cs(283,61): error CS1503: Argument 2: cannot convert from 'System.Collections.Generic.Dictionary<string, object>' to 'string?' [E:\Repo\A3sist\A3sist.Core\A3sist.Core.csproj]
         E:\Repo\A3sist\A3sist.Core\Agents\TaskAgents\Refactor\RefactorAgent.cs(245,36): error CS1501: No overload for method 'CreateSuccess' takes 4 arguments [E:\Repo\A3sist\A3sist.Core\A3sist.Core.csproj]
         E:\Repo\A3sist\A3sist.Core\Agents\TaskAgents\Refactor\RefactorAgent.cs(271,38): error CS0266: Cannot implicitly convert type 'bool?' to 'bool'. An explicit conversion exists (are you missing a cast?) [E:\Repo\A3sist\A3sist.Core\A3sist.Core.csproj]
         E:\Repo\A3sist\A3sist.Core\Agents\TaskAgents\Refactor\RefactorAgent.cs(296,36): error CS1501: No overload for method 'CreateSuccess' takes 4 arguments [E:\Repo\A3sist\A3sist.Core\A3sist.Core.csproj]
         E:\Repo\A3sist\A3sist.Core\Agents\TaskAgents\Refactor\RefactorAgent.cs(271,114): error CS0165: Use of unassigned local variable 'refactoredCodeObj' [E:\Repo\A3sist\A3sist.Core\A3sist.Core.csproj]
         E:\Repo\A3sist\A3sist.Core\Agents\TaskAgents\Refactor\RefactorAgent.cs(350,36): error CS1501: No overload for method 'CreateSuccess' takes 4 arguments [E:\Repo\A3sist\A3sist.Core\A3sist.Core.csproj]
         E:\Repo\A3sist\A3sist.Core\Agents\TaskAgents\Refactor\RefactorAgent.cs(428,36): error CS1501: No overload for method 'CreateSuccess' takes 4 arguments [E:\Repo\A3sist\A3sist.Core\A3sist.Core.csproj]
         E:\Repo\A3sist\A3sist.Core\Agents\Core\RAGEnhancedCSharpAgent.cs(112,61): error CS7036: There is no argument given that corresponds to the required parameter 'options' of 'ILLMClient.GetCompletionAsync(string, LLMOptions)' [E:\Repo\A3sist\A3sist.Core\A3sist.Core.csproj]
         E:\Repo\A3sist\A3sist.Core\Agents\Core\RAGEnhancedCSharpAgent.cs(127,21): error CS1503: Argument 2: cannot convert from 'System.Collections.Generic.Dictionary<string, object>' to 'string?' [E:\Repo\A3sist\A3sist.Core\A3sist.Core.csproj]
         E:\Repo\A3sist\A3sist.Core\Agents\Core\RAGEnhancedCSharpAgent.cs(153,59): error CS7036: There is no argument given that corresponds to the required parameter 'options' of 'ILLMClient.GetCompletionAsync(string, LLMOptions)' [E:\Repo\A3sist\A3sist.Core\A3sist.Core.csproj]
         E:\Repo\A3sist\A3sist.Core\LLM\MCPOrchestrator.cs(311,59): error CS1501: No overload for method 'ReadAsStringAsync' takes 1 arguments [E:\Repo\A3sist\A3sist.Core\A3sist.Core.csproj]
         E:\Repo\A3sist\A3sist.Core\Configuration\LoggingConfigurationProvider.cs(60,24): error CS1061: 'LoggingConfiguration' does not contain a definition for 'MinimumLevel' and no accessible extension method 'MinimumLevel' accepting a first argument of type 'LoggingConfiguration' could be found (are you missing a using directive or an assembly reference?) [E:\Repo\A3sist\A3sist.Core\A3sist.Core.csproj]
         E:\Repo\A3sist\A3sist.Core\Configuration\LoggingConfigurationProvider.cs(66,24): error CS1061: 'LoggingConfiguration' does not contain a definition for 'LogFilePath' and no accessible extension method 'LogFilePath' accepting a first argument of type 'LoggingConfiguration' could be found (are you missing a using directive or an assembly reference?) [E:\Repo\A3sist\A3sist.Core\A3sist.Core.csproj]
         E:\Repo\A3sist\A3sist.Core\Configuration\LoggingConfigurationProvider.cs(72,24): error CS1061: 'LoggingConfiguration' does not contain a definition for 'MaxFileSizeMB' and no accessible extension method 'MaxFileSizeMB' accepting a first argument of type 'LoggingConfiguration' could be found (are you missing a using directive or an assembly reference?) [E:\Repo\A3sist\A3sist.Core\A3sist.Core.csproj]
         E:\Repo\A3sist\A3sist.Core\Configuration\LoggingConfigurationProvider.cs(78,24): error CS1061: 'LoggingConfiguration' does not contain a definition for 'RetainedFileCountLimit' and no accessible extension method 'RetainedFileCountLimit' accepting a first argument of type 'LoggingConfiguration' could be found (are you missing a using directive or an assembly reference?) [E:\Repo\A3sist\A3sist.Core\A3sist.Core.csproj]
         E:\Repo\A3sist\A3sist.Core\Configuration\LoggingConfigurationProvider.cs(84,24): error CS1061: 'LoggingConfiguration' does not contain a definition for 'WriteToConsole' and no accessible extension method 'WriteToConsole' accepting a first argument of type 'LoggingConfiguration' could be found (are you missing a using directive or an assembly reference?) [E:\Repo\A3sist\A3sist.Core\A3sist.Core.csproj]
         E:\Repo\A3sist\A3sist.Core\Configuration\LoggingConfigurationProvider.cs(90,24): error CS1061: 'LoggingConfiguration' does not contain a definition for 'WriteToFile' and no accessible extension method 'WriteToFile' accepting a first argument of type 'LoggingConfiguration' could be found (are you missing a using directive or an assembly reference?) [E:\Repo\A3sist\A3sist.Core\A3sist.Core.csproj]
         E:\Repo\A3sist\A3sist.Core\Configuration\LoggingConfigurationProvider.cs(97,50): error CS1061: 'LoggingConfiguration' does not contain a definition for 'LogFilePath' and no accessible extension method 'LogFilePath' accepting a first argument of type 'LoggingConfiguration' could be found (are you missing a using directive or an assembly reference?) [E:\Repo\A3sist\A3sist.Core\A3sist.Core.csproj]
         E:\Repo\A3sist\A3sist.Core\Configuration\LoggingConfigurationProvider.cs(99,24): error CS1061: 'LoggingConfiguration' does not contain a definition for 'LogFilePath' and no accessible extension method 'LogFilePath' accepting a first argument of type 'LoggingConfiguration' could be found (are you missing a using directive or an assembly reference?) [E:\Repo\A3sist\A3sist.Core\A3sist.Core.csproj]
         E:\Repo\A3sist\A3sist.Core\Configuration\LoggingConfigurationProvider.cs(99,38): error CS0103: The name 'Path' does not exist in the current context [E:\Repo\A3sist\A3sist.Core\A3sist.Core.csproj]
         E:\Repo\A3sist\A3sist.Core\Configuration\LoggingConfigurationProvider.cs(99,51): error CS0103: The name 'Path' does not exist in the current context [E:\Repo\A3sist\A3sist.Core\A3sist.Core.csproj]
         E:\Repo\A3sist\A3sist.Core\Configuration\LoggingConfigurationProvider.cs(103,24): error CS1061: 'LoggingConfiguration' does not contain a definition for 'MaxFileSizeMB' and no accessible extension method 'MaxFileSizeMB' accepting a first argument of type 'LoggingConfiguration' could be found (are you missing a using directive or an assembly reference?) [E:\Repo\A3sist\A3sist.Core\A3sist.Core.csproj]
         E:\Repo\A3sist\A3sist.Core\Configuration\LoggingConfigurationProvider.cs(105,24): error CS1061: 'LoggingConfiguration' does not contain a definition for 'MaxFileSizeMB' and no accessible extension method 'MaxFileSizeMB' accepting a first argument of type 'LoggingConfiguration' could be found (are you missing a using directive or an assembly reference?) [E:\Repo\A3sist\A3sist.Core\A3sist.Core.csproj]
         E:\Repo\A3sist\A3sist.Core\Configuration\LoggingConfigurationProvider.cs(107,29): error CS1061: 'LoggingConfiguration' does not contain a definition for 'MaxFileSizeMB' and no accessible extension method 'MaxFileSizeMB' accepting a first argument of type 'LoggingConfiguration' could be found (are you missing a using directive or an assembly reference?) [E:\Repo\A3sist\A3sist.Core\A3sist.Core.csproj]
         E:\Repo\A3sist\A3sist.Core\Configuration\LoggingConfigurationProvider.cs(109,24): error CS1061: 'LoggingConfiguration' does not contain a definition for 'MaxFileSizeMB' and no accessible extension method 'MaxFileSizeMB' accepting a first argument of type 'LoggingConfiguration' could be found (are you missing a using directive or an assembly reference?) [E:\Repo\A3sist\A3sist.Core\A3sist.Core.csproj]
         E:\Repo\A3sist\A3sist.Core\Configuration\LoggingConfigurationProvider.cs(113,24): error CS1061: 'LoggingConfiguration' does not contain a definition for 'RetainedFileCountLimit' and no accessible extension method 'RetainedFileCountLimit' accepting a first argument of type 'LoggingConfiguration' could be found (are you missing a using directive or an assembly reference?) [E:\Repo\A3sist\A3sist.Core\A3sist.Core.csproj]
         E:\Repo\A3sist\A3sist.Core\Configuration\LoggingConfigurationProvider.cs(115,24): error CS1061: 'LoggingConfiguration' does not contain a definition for 'RetainedFileCountLimit' and no accessible extension method 'RetainedFileCountLimit' accepting a first argument of type 'LoggingConfiguration' could be found (are you missing a using directive or an assembly reference?) [E:\Repo\A3sist\A3sist.Core\A3sist.Core.csproj]
         E:\Repo\A3sist\A3sist.Core\Configuration\LoggingConfigurationProvider.cs(117,29): error CS1061: 'LoggingConfiguration' does not contain a definition for 'RetainedFileCountLimit' and no accessible extension method 'RetainedFileCountLimit' accepting a first argument of type 'LoggingConfiguration' could be found (are you missing a using directive or an assembly reference?) [E:\Repo\A3sist\A3sist.Core\A3sist.Core.csproj]
         E:\Repo\A3sist\A3sist.Core\Configuration\LoggingConfigurationProvider.cs(119,24): error CS1061: 'LoggingConfiguration' does not contain a definition for 'RetainedFileCountLimit' and no accessible extension method 'RetainedFileCountLimit' accepting a first argument of type 'LoggingConfiguration' could be found (are you missing a using directive or an assembly reference?) [E:\Repo\A3sist\A3sist.Core\A3sist.Core.csproj]
         E:\Repo\A3sist\A3sist.Core\Configuration\LoggingConfigurationProvider.cs(123,50): error CS1061: 'LoggingConfiguration' does not contain a definition for 'OutputTemplate' and no accessible extension method 'OutputTemplate' accepting a first argument of type 'LoggingConfiguration' could be found (are you missing a using directive or an assembly reference?) [E:\Repo\A3sist\A3sist.Core\A3sist.Core.csproj]
         E:\Repo\A3sist\A3sist.Core\Configuration\LoggingConfigurationProvider.cs(125,24): error CS1061: 'LoggingConfiguration' does not contain a definition for 'OutputTemplate' and no accessible extension method 'OutputTemplate' accepting a first argument of type 'LoggingConfiguration' could be found (are you missing a using directive or an assembly reference?) [E:\Repo\A3sist\A3sist.Core\A3sist.Core.csproj]
         E:\Repo\A3sist\A3sist.Core\Configuration\LoggingConfigurationProvider.cs(129,20): error CS1061: 'LoggingConfiguration' does not contain a definition for 'LogLevelOverrides' and no accessible extension method 'LogLevelOverrides' accepting a first argument of type 'LoggingConfiguration' could be found (are you missing a using directive or an assembly reference?) [E:\Repo\A3sist\A3sist.Core\A3sist.Core.csproj]
         E:\Repo\A3sist\A3sist.Core\Configuration\LoggingConfigurationProvider.cs(130,20): error CS1061: 'LoggingConfiguration' does not contain a definition for 'GlobalProperties' and no accessible extension method 'GlobalProperties' accepting a first argument of type 'LoggingConfiguration' could be found (are you missing a using directive or an assembly reference?) [E:\Repo\A3sist\A3sist.Core\A3sist.Core.csproj]
         E:\Repo\A3sist\A3sist.Core\Configuration\LoggingConfigurationProvider.cs(133,25): error CS1061: 'LoggingConfiguration' does not contain a definition for 'GlobalProperties' and no accessible extension method 'GlobalProperties' accepting a first argument of type 'LoggingConfiguration' could be found (are you missing a using directive or an assembly reference?) [E:\Repo\A3sist\A3sist.Core\A3sist.Core.csproj]
         E:\Repo\A3sist\A3sist.Core\Configuration\LoggingConfigurationProvider.cs(135,24): error CS1061: 'LoggingConfiguration' does not contain a definition for 'GlobalProperties' and no accessible extension method 'GlobalProperties' accepting a first argument of type 'LoggingConfiguration' could be found (are you missing a using directive or an assembly reference?) [E:\Repo\A3sist\A3sist.Core\A3sist.Core.csproj]
         E:\Repo\A3sist\A3sist.Core\Configuration\LoggingConfigurationProvider.cs(138,25): error CS1061: 'LoggingConfiguration' does not contain a definition for 'GlobalProperties' and no accessible extension method 'GlobalProperties' accepting a first argument of type 'LoggingConfiguration' could be found (are you missing a using directive or an assembly reference?) [E:\Repo\A3sist\A3sist.Core\A3sist.Core.csproj]
         E:\Repo\A3sist\A3sist.Core\Configuration\LoggingConfigurationProvider.cs(140,24): error CS1061: 'LoggingConfiguration' does not contain a definition for 'GlobalProperties' and no accessible extension method 'GlobalProperties' accepting a first argument of type 'LoggingConfiguration' could be found (are you missing a using directive or an assembly reference?) [E:\Repo\A3sist\A3sist.Core\A3sist.Core.csproj]
         E:\Repo\A3sist\A3sist.Core\Agents\TaskAgents\Refactor\RefactorAgent.cs(457,37): error CS0266: Cannot implicitly convert type 'bool?' to 'bool'. An explicit conversion exists (are you missing a cast?) [E:\Repo\A3sist\A3sist.Core\A3sist.Core.csproj]
         E:\Repo\A3sist\A3sist.Core\Agents\TaskAgents\Refactor\RefactorAgent.cs(458,35): error CS0266: Cannot implicitly convert type 'bool?' to 'bool'. An explicit conversion exists (are you missing a cast?) [E:\Repo\A3sist\A3sist.Core\A3sist.Core.csproj]
         E:\Repo\A3sist\A3sist.Core\Agents\TaskAgents\Refactor\RefactorAgent.cs(459,35): error CS0266: Cannot implicitly convert type 'bool?' to 'bool'. An explicit conversion exists (are you missing a cast?) [E:\Repo\A3sist\A3sist.Core\A3sist.Core.csproj]
         E:\Repo\A3sist\A3sist.Core\Agents\TaskAgents\Refactor\RefactorAgent.cs(492,36): error CS1501: No overload for method 'CreateSuccess' takes 4 arguments [E:\Repo\A3sist\A3sist.Core\A3sist.Core.csproj]
         E:\Repo\A3sist\A3sist.Core\Agents\TaskAgents\Refactor\RefactorAgent.cs(457,103): error CS0165: Use of unassigned local variable 'startLineObj' [E:\Repo\A3sist\A3sist.Core\A3sist.Core.csproj]
         E:\Repo\A3sist\A3sist.Core\Agents\TaskAgents\Refactor\RefactorAgent.cs(458,97): error CS0165: Use of unassigned local variable 'endLineObj' [E:\Repo\A3sist\A3sist.Core\A3sist.Core.csproj]
         E:\Repo\A3sist\A3sist.Core\Agents\TaskAgents\Refactor\RefactorAgent.cs(459,97): error CS0165: Use of unassigned local variable 'newNameObj' [E:\Repo\A3sist\A3sist.Core\A3sist.Core.csproj]
         E:\Repo\A3sist\A3sist.Core\Agents\TaskAgents\Refactor\RefactorAgent.cs(521,38): error CS0266: Cannot implicitly convert type 'bool?' to 'bool'. An explicit conversion exists (are you missing a cast?) [E:\Repo\A3sist\A3sist.Core\A3sist.Core.csproj]
         E:\Repo\A3sist\A3sist.Core\Agents\TaskAgents\Refactor\RefactorAgent.cs(522,37): error CS0266: Cannot implicitly convert type 'bool?' to 'bool'. An explicit conversion exists (are you missing a cast?) [E:\Repo\A3sist\A3sist.Core\A3sist.Core.csproj]
         E:\Repo\A3sist\A3sist.Core\Agents\TaskAgents\Refactor\RefactorAgent.cs(523,35): error CS0266: Cannot implicitly convert type 'bool?' to 'bool'. An explicit conversion exists (are you missing a cast?) [E:\Repo\A3sist\A3sist.Core\A3sist.Core.csproj]
         E:\Repo\A3sist\A3sist.Core\Agents\TaskAgents\Refactor\RefactorAgent.cs(554,36): error CS1501: No overload for method 'CreateSuccess' takes 4 arguments [E:\Repo\A3sist\A3sist.Core\A3sist.Core.csproj]
         E:\Repo\A3sist\A3sist.Core\Agents\TaskAgents\Refactor\RefactorAgent.cs(521,106): error CS0165: Use of unassigned local variable 'targetNameObj' [E:\Repo\A3sist\A3sist.Core\A3sist.Core.csproj]
         E:\Repo\A3sist\A3sist.Core\Agents\TaskAgents\Refactor\RefactorAgent.cs(522,104): error CS0165: Use of unassigned local variable 'startLineObj2' [E:\Repo\A3sist\A3sist.Core\A3sist.Core.csproj]
         E:\Repo\A3sist\A3sist.Core\Agents\TaskAgents\Refactor\RefactorAgent.cs(523,98): error CS0165: Use of unassigned local variable 'endLineObj2' [E:\Repo\A3sist\A3sist.Core\A3sist.Core.csproj]
         E:\Repo\A3sist\A3sist.Core\Agents\TaskAgents\Refactor\RefactorAgent.cs(578,31): error CS0266: Cannot implicitly convert type 'bool?' to 'bool'. An explicit conversion exists (are you missing a cast?) [E:\Repo\A3sist\A3sist.Core\A3sist.Core.csproj]
         E:\Repo\A3sist\A3sist.Core\Agents\TaskAgents\Refactor\RefactorAgent.cs(579,31): error CS0266: Cannot implicitly convert type 'bool?' to 'bool'. An explicit conversion exists (are you missing a cast?) [E:\Repo\A3sist\A3sist.Core\A3sist.Core.csproj]
         E:\Repo\A3sist\A3sist.Core\Agents\TaskAgents\Refactor\RefactorAgent.cs(616,36): error CS1501: No overload for method 'CreateSuccess' takes 4 arguments [E:\Repo\A3sist\A3sist.Core\A3sist.Core.csproj]
         E:\Repo\A3sist\A3sist.Core\Agents\TaskAgents\Refactor\RefactorAgent.cs(578,93): error CS0165: Use of unassigned local variable 'oldNameObj' [E:\Repo\A3sist\A3sist.Core\A3sist.Core.csproj]
         E:\Repo\A3sist\A3sist.Core\Agents\TaskAgents\Refactor\RefactorAgent.cs(579,94): error CS0165: Use of unassigned local variable 'newNameObj2' [E:\Repo\A3sist\A3sist.Core\A3sist.Core.csproj]
         E:\Repo\A3sist\A3sist.Core\Agents\TaskAgents\Refactor\RefactorAgent.cs(642,38): error CS0266: Cannot implicitly convert type 'bool?' to 'bool'. An explicit conversion exists (are you missing a cast?) [E:\Repo\A3sist\A3sist.Core\A3sist.Core.csproj]
         E:\Repo\A3sist\A3sist.Core\Agents\TaskAgents\Refactor\RefactorAgent.cs(655,39): error CS0266: Cannot implicitly convert type 'bool?' to 'bool'. An explicit conversion exists (are you missing a cast?) [E:\Repo\A3sist\A3sist.Core\A3sist.Core.csproj]
         E:\Repo\A3sist\A3sist.Core\Agents\TaskAgents\Refactor\RefactorAgent.cs(687,36): error CS1501: No overload for method 'CreateSuccess' takes 4 arguments [E:\Repo\A3sist\A3sist.Core\A3sist.Core.csproj]
         E:\Repo\A3sist\A3sist.Core\Agents\TaskAgents\Refactor\RefactorAgent.cs(642,114): error CS0165: Use of unassigned local variable 'targetLocationObj' [E:\Repo\A3sist\A3sist.Core\A3sist.Core.csproj]
         E:\Repo\A3sist\A3sist.Core\Agents\TaskAgents\Refactor\RefactorAgent.cs(655,109): error CS0165: Use of unassigned local variable 'elementNameObj' [E:\Repo\A3sist\A3sist.Core\A3sist.Core.csproj]
         E:\Repo\A3sist\A3sist.Core\Agents\TaskAgents\Refactor\RefactorAgent.cs(722,36): error CS1501: No overload for method 'CreateSuccess' takes 4 arguments [E:\Repo\A3sist\A3sist.Core\A3sist.Core.csproj]
         E:\Repo\A3sist\A3sist.Core\Agents\Core\RAGEnhancedCSharpAgent.cs(192,89): error CS1503: Argument 2: cannot convert from 'System.Collections.Generic.Dictionary<string, object>' to 'string?' [E:\Repo\A3sist\A3sist.Core\A3sist.Core.csproj]
         E:\Repo\A3sist\A3sist.Core\Agents\Core\RAGEnhancedCSharpAgent.cs(200,52): error CS7036: There is no argument given that corresponds to the required parameter 'options' of 'ILLMClient.GetCompletionAsync(string, LLMOptions)' [E:\Repo\A3sist\A3sist.Core\A3sist.Core.csproj]
         E:\Repo\A3sist\A3sist.Core\Agents\Core\RAGEnhancedCSharpAgent.cs(255,21): error CS1503: Argument 2: cannot convert from 'System.Collections.Generic.Dictionary<string, object>' to 'string?' [E:\Repo\A3sist\A3sist.Core\A3sist.Core.csproj]
         E:\Repo\A3sist\A3sist.Core\Agents\Core\RAGEnhancedCSharpAgent.cs(277,58): error CS7036: There is no argument given that corresponds to the required parameter 'options' of 'ILLMClient.GetCompletionAsync(string, LLMOptions)' [E:\Repo\A3sist\A3sist.Core\A3sist.Core.csproj]
         E:\Repo\A3sist\A3sist.Core\Agents\Core\RAGEnhancedCSharpAgent.cs(302,49): error CS7036: There is no argument given that corresponds to the required parameter 'options' of 'ILLMClient.GetCompletionAsync(string, LLMOptions)' [E:\Repo\A3sist\A3sist.Core\A3sist.Core.csproj]
         E:\Repo\A3sist\A3sist.Core\Agents\Language\Python\AgentPythonHandler.cs(134,13): error CS4032: The 'await' operator can only be used within an async method. Consider marking this method with the 'async' modifier and changing its return type to 'Task<Task>'. [E:\Repo\A3sist\A3sist.Core\A3sist.Core.csproj]
         E:\Repo\A3sist\A3sist.Core\Agents\Language\Python\AgentPythonHandler.cs(130,56): error CS0161: 'PythonAgent.ShutdownAgentAsync()': not all code paths return a value [E:\Repo\A3sist\A3sist.Core\A3sist.Core.csproj]
         E:\Repo\A3sist\A3sist.Core\Agents\Language\Python\AgentPythonHandler.cs(161,66): error CS1503: Argument 2: cannot convert from 'System.Collections.Generic.Dictionary<string, object>' to 'string?' [E:\Repo\A3sist\A3sist.Core\A3sist.Core.csproj]
         E:\Repo\A3sist\A3sist.Core\Agents\Language\Python\AgentPythonHandler.cs(188,66): error CS1503: Argument 2: cannot convert from 'System.Collections.Generic.Dictionary<string, object>' to 'string?' [E:\Repo\A3sist\A3sist.Core\A3sist.Core.csproj]
         E:\Repo\A3sist\A3sist.Core\Agents\Language\Python\AgentPythonHandler.cs(213,58): error CS1503: Argument 2: cannot convert from 'System.Collections.Generic.Dictionary<string, object>' to 'string?' [E:\Repo\A3sist\A3sist.Core\A3sist.Core.csproj]
         E:\Repo\A3sist\A3sist.Core\Agents\Language\Python\AgentPythonHandler.cs(238,58): error CS1503: Argument 2: cannot convert from 'System.Collections.Generic.Dictionary<string, object>' to 'string?' [E:\Repo\A3sist\A3sist.Core\A3sist.Core.csproj]
         E:\Repo\A3sist\A3sist.Core\Agents\Language\Python\AgentPythonHandler.cs(264,62): error CS1503: Argument 2: cannot convert from 'System.Collections.Generic.Dictionary<string, object>' to 'string?' [E:\Repo\A3sist\A3sist.Core\A3sist.Core.csproj]
         E:\Repo\A3sist\A3sist.Core\Agents\Language\Python\AgentPythonHandler.cs(291,65): error CS1503: Argument 2: cannot convert from 'System.Collections.Generic.Dictionary<string, object>' to 'string?' [E:\Repo\A3sist\A3sist.Core\A3sist.Core.csproj]
         E:\Repo\A3sist\A3sist.Core\Agents\Language\Python\AgentPythonHandler.cs(313,62): error CS1503: Argument 2: cannot convert from 'System.Collections.Generic.Dictionary<string, object>' to 'string?' [E:\Repo\A3sist\A3sist.Core\A3sist.Core.csproj]
         E:\Repo\A3sist\A3sist.Core\LLM\EnhancedMCPClient.cs(73,62): error CS1503: Argument 2: cannot convert from 'System.Collections.Generic.Dictionary<string, object>' to 'string?' [E:\Repo\A3sist\A3sist.Core\A3sist.Core.csproj]
         E:\Repo\A3sist\A3sist.Core\LLM\EnhancedMCPClient.cs(114,49): error CS7036: There is no argument given that corresponds to the required parameter 'options' of 'ILLMClient.GetCompletionAsync(string, LLMOptions)' [E:\Repo\A3sist\A3sist.Core\A3sist.Core.csproj]
         E:\Repo\A3sist\A3sist.Core\Agents\Language\Javascript\AgentJavaScriptHandler.cs(134,13): error CS4032: The 'await' operator can only be used within an async method. Consider marking this method with the 'async' modifier and changing its return type to 'Task<Task>'. [E:\Repo\A3sist\A3sist.Core\A3sist.Core.csproj]
         E:\Repo\A3sist\A3sist.Core\Agents\Language\Javascript\AgentJavaScriptHandler.cs(130,33): error CS0161: 'JavaScriptAgent.ShutdownAgentAsync()': not all code paths return a value [E:\Repo\A3sist\A3sist.Core\A3sist.Core.csproj]
         E:\Repo\A3sist\A3sist.Core\Agents\Language\Javascript\AgentJavaScriptHandler.cs(161,66): error CS1503: Argument 2: cannot convert from 'System.Collections.Generic.Dictionary<string, object>' to 'string?' [E:\Repo\A3sist\A3sist.Core\A3sist.Core.csproj]
         E:\Repo\A3sist\A3sist.Core\Agents\Language\Javascript\AgentJavaScriptHandler.cs(188,66): error CS1503: Argument 2: cannot convert from 'System.Collections.Generic.Dictionary<string, object>' to 'string?' [E:\Repo\A3sist\A3sist.Core\A3sist.Core.csproj]
         E:\Repo\A3sist\A3sist.Core\Agents\Language\Javascript\AgentJavaScriptHandler.cs(213,58): error CS1503: Argument 2: cannot convert from 'System.Collections.Generic.Dictionary<string, object>' to 'string?' [E:\Repo\A3sist\A3sist.Core\A3sist.Core.csproj]
         E:\Repo\A3sist\A3sist.Core\Agents\Language\Javascript\AgentJavaScriptHandler.cs(239,62): error CS1503: Argument 2: cannot convert from 'System.Collections.Generic.Dictionary<string, object>' to 'string?' [E:\Repo\A3sist\A3sist.Core\A3sist.Core.csproj]
         E:\Repo\A3sist\A3sist.Core\Agents\Language\Javascript\AgentJavaScriptHandler.cs(266,65): error CS1503: Argument 2: cannot convert from 'System.Collections.Generic.Dictionary<string, object>' to 'string?' [E:\Repo\A3sist\A3sist.Core\A3sist.Core.csproj]
         E:\Repo\A3sist\A3sist.Core\Agents\Language\Javascript\AgentJavaScriptHandler.cs(288,62): error CS1503: Argument 2: cannot convert from 'System.Collections.Generic.Dictionary<string, object>' to 'string?' [E:\Repo\A3sist\A3sist.Core\A3sist.Core.csproj]
         E:\Repo\A3sist\A3sist.Core\Agents\Core\Dispatcher\Dispatcher.cs(55,45): error CS0407: 'Task DispatcherAgent.PerformLoadBalancing(object?)' has the wrong return type [E:\Repo\A3sist\A3sist.Core\A3sist.Core.csproj]
         E:\Repo\A3sist\A3sist.Core\Agents\Core\Dispatcher\Dispatcher.cs(415,67): error CS1503: Argument 2: cannot convert from 'out System.Threading.Tasks.Task' to 'out A3sist.Core.Agents.Core.Dispatcher.TaskExecution' [E:\Repo\A3sist\A3sist.Core\A3sist.Core.csproj]
         E:\Repo\A3sist\A3sist.Core\Agents\Language\Python\Services\PythonRefactorEngine.cs(252,32): error CS1503: Argument 1: cannot convert from 'char' to 'string' [E:\Repo\A3sist\A3sist.Core\A3sist.Core.csproj]
         E:\Repo\A3sist\A3sist.Core\Services\SettingsPersistenceService.cs(161,24): error CS0117: 'File' does not contain a definition for 'CopyToAsync' [E:\Repo\A3sist\A3sist.Core\A3sist.Core.csproj]
         E:\Repo\A3sist\A3sist.Core\Services\SettingsPersistenceService.cs(196,24): error CS0117: 'File' does not contain a definition for 'CopyToAsync' [E:\Repo\A3sist\A3sist.Core\A3sist.Core.csproj]
         E:\Repo\A3sist\A3sist.Core\Services\RoutingRuleService.cs(137,40): error CS0103: The name 'refactorRule' does not exist in the current context [E:\Repo\A3sist\A3sist.Core\A3sist.Core.csproj]
         E:\Repo\A3sist\A3sist.Core\Services\RoutingRuleService.cs(137,54): error CS0103: The name 'csharpRule' does not exist in the current context [E:\Repo\A3sist\A3sist.Core\A3sist.Core.csproj]
         E:\Repo\A3sist\A3sist.Core\Services\RoutingRuleService.cs(137,66): error CS0103: The name 'jsRule' does not exist in the current context [E:\Repo\A3sist\A3sist.Core\A3sist.Core.csproj]
         E:\Repo\A3sist\A3sist.Core\Services\RoutingRuleService.cs(137,74): error CS0103: The name 'pythonRule' does not exist in the current context [E:\Repo\A3sist\A3sist.Core\A3sist.Core.csproj]
         E:\Repo\A3sist\A3sist.Core\Services\RefactoringService.cs(85,50): error CS0266: Cannot implicitly convert type 'bool?' to 'bool'. An explicit conversion exists (are you missing a cast?) [E:\Repo\A3sist\A3sist.Core\A3sist.Core.csproj]
         E:\Repo\A3sist\A3sist.Core\Services\RefactoringService.cs(85,109): error CS0165: Use of unassigned local variable 'filePathObj' [E:\Repo\A3sist\A3sist.Core\A3sist.Core.csproj]
         E:\Repo\A3sist\A3sist.Core\Services\RoutingRuleService.cs(204,58): error CS1501: No overload for method 'Contains' takes 2 arguments [E:\Repo\A3sist\A3sist.Core\A3sist.Core.csproj]
         E:\Repo\A3sist\A3sist.Core\Services\RAGService.cs(140,79): error CS1503: Argument 2: cannot convert from 'string' to 'A3sist.Shared.Models.KnowledgeContext' [E:\Repo\A3sist\A3sist.Core\A3sist.Core.csproj]
         E:\Repo\A3sist\A3sist.Core\Services\RAGService.cs(140,97): error CS1503: Argument 3: cannot convert from 'string' to 'System.Threading.CancellationToken' [E:\Repo\A3sist\A3sist.Core\A3sist.Core.csproj]
         E:\Repo\A3sist\A3sist.Core\Services\RoutingRuleService.cs(251,47): error CS1503: Argument 2: cannot convert from 'System.StringSplitOptions' to 'char' [E:\Repo\A3sist\A3sist.Core\A3sist.Core.csproj]
         E:\Repo\A3sist\A3sist.Core\Services\RAGService.cs(172,21): error CS0128: A local variable or function named 'content' is already defined in this scope [E:\Repo\A3sist\A3sist.Core\A3sist.Core.csproj]
         E:\Repo\A3sist\A3sist.Core\Services\RAGService.cs(173,73): error CS1503: Argument 1: cannot convert from 'System.Net.Http.StringContent' to 'System.Text.Json.JsonDocument' [E:\Repo\A3sist\A3sist.Core\A3sist.Core.csproj]
         E:\Repo\A3sist\A3sist.Core\Services\EnhancedRequestRouter.cs(54,39): error CS8858: The receiver type 'AgentRequest' is not a valid record type and is not a struct type. [E:\Repo\A3sist\A3sist.Core\A3sist.Core.csproj]
         E:\Repo\A3sist\A3sist.Core\Services\RAGService.cs(213,21): error CS0128: A local variable or function named 'content' is already defined in this scope [E:\Repo\A3sist\A3sist.Core\A3sist.Core.csproj]
         E:\Repo\A3sist\A3sist.Core\Services\RAGService.cs(214,73): error CS1503: Argument 1: cannot convert from 'System.Net.Http.StringContent' to 'System.Text.Json.JsonDocument' [E:\Repo\A3sist\A3sist.Core\A3sist.Core.csproj]
         E:\Repo\A3sist\A3sist.Core\Services\EnhancedPerformanceMonitoringService.cs(123,20): error CS1593: Delegate 'Func<string, AgentMetrics>' does not take 0 arguments [E:\Repo\A3sist\A3sist.Core\A3sist.Core.csproj]
         E:\Repo\A3sist\A3sist.Core\Services\ConfigurationService.cs(36,84): error CS0104: 'IConfigurationProvider' is an ambiguous reference between 'Microsoft.Extensions.Configuration.IConfigurationProvider' and 'A3sist.Shared.Interfaces.IConfigurationProvider' [E:\Repo\A3sist\A3sist.Core\A3sist.Core.csproj]
         E:\Repo\A3sist\A3sist.Core\Services\ConfigurationService.cs(36,35): error CS0019: Operator '??' cannot be applied to operands of type 'IConfigurationProvider[]' and 'IConfigurationProvider[]' [E:\Repo\A3sist\A3sist.Core\A3sist.Core.csproj]
         E:\Repo\A3sist\A3sist.Core\Services\AgentStatusService.cs(81,54): error CS7036: There is no argument given that corresponds to the required parameter 'previousHealth' of 'AgentStatusChangedEventArgs.AgentStatusChangedEventArgs(string, WorkStatus, WorkStatus, HealthStatus, HealthStatus, string?)' [E:\Repo\A3sist\A3sist.Core\A3sist.Core.csproj]
         E:\Repo\A3sist\A3sist.Core\Orchastrator.cs(96,72): error CS0019: Operator '??' cannot be applied to operands of type 'int' and 'int' [E:\Repo\A3sist\A3sist.Core\A3sist.Core.csproj]

    314 Warning(s)
    125 Error(s)

Time Elapsed 00:00:08.04
